<html>
<body>
<pre>
<h1>µVision Build Log</h1>
<h2>Tool Versions:</h2>
IDE-Version: ¦ÌVision V5.30.0.0
Copyright (C) 2020 ARM Ltd and ARM Germany GmbH. All rights reserved.
License Information: w 1351106, HP Inc., LIC=76F5U-SK10K-SBZEJ-U36HS-9SM4X-I7YUP
 
Tool Versions:
Toolchain:       MDK-ARM Plus  Version: 5.30.0.0
Toolchain Path:  d:\Keil_v5\ARM\ARMCC\Bin
C Compiler:      Armcc.exe V5.06 update 6 (build 750)
Assembler:       Armasm.exe V5.06 update 6 (build 750)
Linker/Locator:  ArmLink.exe V5.06 update 6 (build 750)
Library Manager: ArmAr.exe V5.06 update 6 (build 750)
Hex Converter:   FromElf.exe V5.06 update 6 (build 750)
CPU DLL:         SARMCM3.DLL V5.30.0.0
Dialog DLL:      DARMCM1.DLL V1.19.3.0
Target DLL:      CMSIS_AGDI.dll V1.32.5.0
Dialog DLL:      TARMCM1.DLL V1.14.2.0
 
<h2>Project:</h2>
D:\IotWork\STM030\MDK-ARM\ZG.uvprojx
Project File Date:  05/05/2022

<h2>Output:</h2>
*** Using Compiler 'V5.06 update 6 (build 750)', folder: 'd:\Keil_v5\ARM\ARMCC\Bin'
Build target 'ZG'
compiling stm32f0xx_hal_pwr_ex.c...
compiling stm32f0xx_hal.c...
compiling stm32f0xx_hal_dma.c...
compiling stm32f0xx_hal_cortex.c...
compiling stm32f0xx_hal_rcc_ex.c...
compiling stm32f0xx_hal_rcc.c...
compiling systick.c...
compiling stm32f0xx_hal_gpio.c...
compiling stm32f0xx_hal_pwr.c...
compiling main.c...
../Core/Src/main.c(61): warning:  #177-D: variable "UsedSeconds"  was declared but never referenced
  static u32 UsedSeconds=0;
../Core/Src/main.c: 1 warning, 0 errors
compiling stm32f0xx_hal_msp.c...
compiling stm32f0xx_hal_flash.c...
compiling stm32f0xx_it.c...
compiling port_sys.c...
..\Core\Src\port_sys.c(676): warning:  #550-D: variable "logLength"  was set but never used
      int logLength = 0U;//, result = 0U;
..\Core\Src\port_sys.c: 1 warning, 0 errors
compiling stm32f0xx_hal_flash_ex.c...
compiling stm32f0xx_hal_uart_ex.c...
compiling stm32f0xx_hal_tim_ex.c...
compiling system_stm32f0xx.c...
compiling stm32f0xx_hal_exti.c...
compiling stm32f0xx_hal_spi_ex.c...
compiling gwtask_timer.c...
compiling myque.c...
compiling myarray.c...
compiling stm32f0xx_hal_tim.c...
compiling pwm.c...
compiling mylist.c...
compiling motor.c...
compiling utils.c...
compiling stm32f0xx_hal_spi.c...
compiling stm32f0xx_hal_uart.c...
compiling start.c...
compiling lcdfont.c...
compiling abmn.c...
..\Core\Src\abmn.c(375): warning:  #177-D: function "DisAllConnectRelay"  was declared but never referenced
  static void DisAllConnectRelay(void)
..\Core\Src\abmn.c(561): warning:  #177-D: function "TestDisConnectABMN"  was declared but never referenced
  static void TestDisConnectABMN(void)
..\Core\Src\abmn.c: 2 warnings, 0 errors
compiling hdep_logo_48.c...
compiling addr.c...
compiling 485.c...
..\Core\Src\485.c(173): warning:  #177-D: function "Timer_Deal485Data"  was declared but never referenced
  static void Timer_Deal485Data(void)
..\Core\Src\485.c: 1 warning, 0 errors
compiling lcd.c...
..\Core\Src\lcd.c(419): warning:  #186-D: pointless comparison of unsigned integer with zero
      for(j = 0; j < LCD_H % 8; j++)
..\Core\Src\lcd.c(443): warning:  #186-D: pointless comparison of unsigned integer with zero
          for(j = 0; j < LCD_W % 8; j++)
..\Core\Src\lcd.c: 2 warnings, 0 errors
linking...
Program Size: Code=14748 RO-data=264 RW-data=17512 ZI-data=2940  
FromELF: creating hex file...
"ZG\ZG.axf" - 0 Error(s), 7 Warning(s).

<h2>Software Packages used:</h2>

Package Vendor: ARM
                http://www.keil.com/pack/ARM.CMSIS.5.7.0.pack
                ARM.CMSIS.5.7.0
                CMSIS (Cortex Microcontroller Software Interface Standard)
   * Component: CORE Version: 5.4.0

Package Vendor: Keil
                http://www.keil.com/pack/Keil.STM32F0xx_DFP.2.1.0.pack
                Keil.STM32F0xx_DFP.2.1.0
                STMicroelectronics STM32F0 Series Device Support, Drivers and Examples

<h2>Collection of Component include folders:</h2>
  .\RTE\_ZG
  d:\Keil_v5\Arm\Packs\ARM\CMSIS\5.7.0\CMSIS\Core\Include
  d:\Keil_v5\Arm\Packs\Keil\STM32F0xx_DFP\2.1.0\Drivers\CMSIS\Device\ST\STM32F0xx\Include

<h2>Collection of Component Files used:</h2>

   * Component: ARM::CMSIS:CORE:5.4.0
Build Time Elapsed:  00:00:04
</pre>
</body>
</html>
