Component: ARM Compiler 5.06 update 6 (build 750) Tool: armlink [4d35ed]

==============================================================================

Section Cross References

    startup_stm32f030x6.o(STACK) refers (Special) to heapauxi.o(.text) for __use_two_region_memory
    startup_stm32f030x6.o(HEAP) refers (Special) to heapauxi.o(.text) for __use_two_region_memory
    startup_stm32f030x6.o(RESET) refers (Special) to heapauxi.o(.text) for __use_two_region_memory
    startup_stm32f030x6.o(RESET) refers to startup_stm32f030x6.o(STACK) for __initial_sp
    startup_stm32f030x6.o(RESET) refers to startup_stm32f030x6.o(.text) for Reset_Handler
    startup_stm32f030x6.o(RESET) refers to stm32f0xx_it.o(i.NMI_Handler) for NMI_Handler
    startup_stm32f030x6.o(RESET) refers to stm32f0xx_it.o(i.HardFault_Handler) for HardFault_Handler
    startup_stm32f030x6.o(RESET) refers to stm32f0xx_it.o(i.SVC_Handler) for SVC_Handler
    startup_stm32f030x6.o(RESET) refers to stm32f0xx_it.o(i.PendSV_Handler) for PendSV_Handler
    startup_stm32f030x6.o(RESET) refers to stm32f0xx_it.o(i.SysTick_Handler) for SysTick_Handler
    startup_stm32f030x6.o(RESET) refers to stm32f0xx_it.o(i.USART1_IRQHandler) for USART1_IRQHandler
    startup_stm32f030x6.o(.text) refers (Special) to heapauxi.o(.text) for __use_two_region_memory
    startup_stm32f030x6.o(.text) refers to system_stm32f0xx.o(i.SystemInit) for SystemInit
    startup_stm32f030x6.o(.text) refers to __main.o(!!!main) for __main
    startup_stm32f030x6.o(.text) refers to startup_stm32f030x6.o(HEAP) for Heap_Mem
    startup_stm32f030x6.o(.text) refers to startup_stm32f030x6.o(STACK) for Stack_Mem
    main.o(i.ReportRunInfo) refers to rt_memclr.o(.text) for __aeabi_memclr4
    main.o(i.ReportRunInfo) refers to motor.o(i.Motor_GetStatus) for Motor_GetStatus
    main.o(i.ReportRunInfo) refers to port_sys.o(i.PRINTF) for PRINTF
    main.o(i.ReportRunInfo) refers to port_sys.o(.data) for DebugLogBy485
    main.o(i.SystemClock_Config) refers to rt_memclr.o(.text) for __aeabi_memclr4
    main.o(i.SystemClock_Config) refers to stm32f0xx_hal_rcc.o(i.HAL_RCC_OscConfig) for HAL_RCC_OscConfig
    main.o(i.SystemClock_Config) refers to port_sys.o(i.Error_Handler) for Error_Handler
    main.o(i.SystemClock_Config) refers to stm32f0xx_hal_rcc.o(i.HAL_RCC_ClockConfig) for HAL_RCC_ClockConfig
    main.o(i.SystemClock_Config) refers to stm32f0xx_hal_rcc_ex.o(i.HAL_RCCEx_PeriphCLKConfig) for HAL_RCCEx_PeriphCLKConfig
    main.o(i.main) refers to stm32f0xx_hal.o(i.HAL_Init) for HAL_Init
    main.o(i.main) refers to main.o(i.SystemClock_Config) for SystemClock_Config
    main.o(i.main) refers to systick.o(i.SysTick_Init) for SysTick_Init
    main.o(i.main) refers to gwtask_timer.o(i.GWTaskTimer_Init) for GWTaskTimer_Init
    main.o(i.main) refers to addr.o(i.Addr_Init) for Addr_Init
    main.o(i.main) refers to addr.o(i.baudrate_read) for baudrate_read
    main.o(i.main) refers to addr.o(i.Addr_Read) for Addr_Read
    main.o(i.main) refers to 485.o(i.Init485) for Init485
    main.o(i.main) refers to motor.o(i.Motor_Init) for Motor_Init
    main.o(i.main) refers to gwtask_timer.o(i.GWTaskTimer_SetTimer) for GWTaskTimer_SetTimer
    main.o(i.main) refers to gwtask_timer.o(i.GWTaskTimer_Deal) for GWTaskTimer_Deal
    main.o(i.main) refers to 485.o(i.Task_Deal485) for Task_Deal485
    main.o(i.main) refers to main.o(i.ReportRunInfo) for ReportRunInfo
    stm32f0xx_it.o(i.SysTick_Handler) refers to stm32f0xx_hal.o(i.HAL_IncTick) for HAL_IncTick
    stm32f0xx_it.o(i.SysTick_Handler) refers to systick.o(i.TimingDelay_Decrement) for TimingDelay_Decrement
    stm32f0xx_it.o(i.SysTick_Handler) refers to pwm.o(i.PWM_Tick) for PWM_Tick
    stm32f0xx_it.o(i.USART1_IRQHandler) refers to stm32f0xx_hal_uart.o(i.HAL_UART_IRQHandler) for HAL_UART_IRQHandler
    stm32f0xx_it.o(i.USART1_IRQHandler) refers to stm32f0xx_hal_uart.o(i.HAL_UART_Receive_IT) for HAL_UART_Receive_IT
    stm32f0xx_it.o(i.USART1_IRQHandler) refers to 485.o(.bss) for huart1
    stm32f0xx_it.o(i.USART1_IRQHandler) refers to 485.o(.data) for rcv485BufferLen
    stm32f0xx_hal_msp.o(i.HAL_UART_MspDeInit) refers to stm32f0xx_hal_gpio.o(i.HAL_GPIO_DeInit) for HAL_GPIO_DeInit
    stm32f0xx_hal_msp.o(i.HAL_UART_MspInit) refers to rt_memclr.o(.text) for __aeabi_memclr4
    stm32f0xx_hal_msp.o(i.HAL_UART_MspInit) refers to stm32f0xx_hal_gpio.o(i.HAL_GPIO_Init) for HAL_GPIO_Init
    stm32f0xx_hal_msp.o(i.HAL_UART_MspInit) refers to stm32f0xx_hal_cortex.o(i.HAL_NVIC_SetPriority) for HAL_NVIC_SetPriority
    stm32f0xx_hal_msp.o(i.HAL_UART_MspInit) refers to stm32f0xx_hal_cortex.o(i.HAL_NVIC_EnableIRQ) for HAL_NVIC_EnableIRQ
    stm32f0xx_hal_msp.o(i.HAL_UART_MspInit) refers to stm32f0xx_hal_uart.o(i.HAL_UART_Receive_IT) for HAL_UART_Receive_IT
    stm32f0xx_hal_msp.o(i.HAL_UART_MspInit) refers to 485.o(.data) for rcv485BufferLen
    systick.o(i.Delay_ms) refers to systick.o(i.Delay_us) for Delay_us
[...]
    ..\Core\Src\stm32f0xx_it.c               0x00000000   Number         0  stm32f0xx_it.o ABSOLUTE
    ..\Core\Src\system_stm32f0xx.c           0x00000000   Number         0  system_stm32f0xx.o ABSOLUTE
    ..\Core\Src\systick.c                    0x00000000   Number         0  systick.o ABSOLUTE
    ..\Core\Src\utils.c                      0x00000000   Number         0  utils.o ABSOLUTE
    ..\Drivers\STM32F0xx_HAL_Driver\Src\stm32f0xx_hal.c 0x00000000   Number         0  stm32f0xx_hal.o ABSOLUTE
    ..\Drivers\STM32F0xx_HAL_Driver\Src\stm32f0xx_hal_cortex.c 0x00000000   Number         0  stm32f0xx_hal_cortex.o ABSOLUTE
    ..\Drivers\STM32F0xx_HAL_Driver\Src\stm32f0xx_hal_dma.c 0x00000000   Number         0  stm32f0xx_hal_dma.o ABSOLUTE
    ..\Drivers\STM32F0xx_HAL_Driver\Src\stm32f0xx_hal_exti.c 0x00000000   Number         0  stm32f0xx_hal_exti.o ABSOLUTE
    ..\Drivers\STM32F0xx_HAL_Driver\Src\stm32f0xx_hal_flash.c 0x00000000   Number         0  stm32f0xx_hal_flash.o ABSOLUTE
    ..\Drivers\STM32F0xx_HAL_Driver\Src\stm32f0xx_hal_flash_ex.c 0x00000000   Number         0  stm32f0xx_hal_flash_ex.o ABSOLUTE
    ..\Drivers\STM32F0xx_HAL_Driver\Src\stm32f0xx_hal_gpio.c 0x00000000   Number         0  stm32f0xx_hal_gpio.o ABSOLUTE
    ..\Drivers\STM32F0xx_HAL_Driver\Src\stm32f0xx_hal_pwr.c 0x00000000   Number         0  stm32f0xx_hal_pwr.o ABSOLUTE
    ..\Drivers\STM32F0xx_HAL_Driver\Src\stm32f0xx_hal_pwr_ex.c 0x00000000   Number         0  stm32f0xx_hal_pwr_ex.o ABSOLUTE
    ..\Drivers\STM32F0xx_HAL_Driver\Src\stm32f0xx_hal_rcc.c 0x00000000   Number         0  stm32f0xx_hal_rcc.o ABSOLUTE
    ..\Drivers\STM32F0xx_HAL_Driver\Src\stm32f0xx_hal_rcc_ex.c 0x00000000   Number         0  stm32f0xx_hal_rcc_ex.o ABSOLUTE
    ..\Drivers\STM32F0xx_HAL_Driver\Src\stm32f0xx_hal_spi.c 0x00000000   Number         0  stm32f0xx_hal_spi.o ABSOLUTE
    ..\Drivers\STM32F0xx_HAL_Driver\Src\stm32f0xx_hal_spi_ex.c 0x00000000   Number         0  stm32f0xx_hal_spi_ex.o ABSOLUTE
    ..\Drivers\STM32F0xx_HAL_Driver\Src\stm32f0xx_hal_tim.c 0x00000000   Number         0  stm32f0xx_hal_tim.o ABSOLUTE
    ..\Drivers\STM32F0xx_HAL_Driver\Src\stm32f0xx_hal_tim_ex.c 0x00000000   Number         0  stm32f0xx_hal_tim_ex.o ABSOLUTE
    ..\Drivers\STM32F0xx_HAL_Driver\Src\stm32f0xx_hal_uart.c 0x00000000   Number         0  stm32f0xx_hal_uart.o ABSOLUTE
    ..\Drivers\STM32F0xx_HAL_Driver\Src\stm32f0xx_hal_uart_ex.c 0x00000000   Number         0  stm32f0xx_hal_uart_ex.o ABSOLUTE
    ..\\Core\\Src\\485.c                     0x00000000   Number         0  485.o ABSOLUTE
    ..\\Core\\Src\\abmn.c                    0x00000000   Number         0  abmn.o ABSOLUTE
    ..\\Core\\Src\\addr.c                    0x00000000   Number         0  addr.o ABSOLUTE
    ..\\Core\\Src\\gwtask_timer.c            0x00000000   Number         0  gwtask_timer.o ABSOLUTE
    ..\\Core\\Src\\lcd.c                     0x00000000   Number         0  lcd.o ABSOLUTE
    ..\\Core\\Src\\lcdfont.c                 0x00000000   Number         0  lcdfont.o ABSOLUTE
    ..\\Core\\Src\\motor.c                   0x00000000   Number         0  motor.o ABSOLUTE
    ..\\Core\\Src\\myarray.c                 0x00000000   Number         0  myarray.o ABSOLUTE
    ..\\Core\\Src\\mylist.c                  0x00000000   Number         0  mylist.o ABSOLUTE
    ..\\Core\\Src\\myque.c                   0x00000000   Number         0  myque.o ABSOLUTE
    ..\\Core\\Src\\port_sys.c                0x00000000   Number         0  port_sys.o ABSOLUTE
    ..\\Core\\Src\\pwm.c                     0x00000000   Number         0  pwm.o ABSOLUTE
    ..\\Core\\Src\\start.c                   0x00000000   Number         0  start.o ABSOLUTE
    ..\\Core\\Src\\systick.c                 0x00000000   Number         0  systick.o ABSOLUTE
    ..\\Core\\Src\\utils.c                   0x00000000   Number         0  utils.o ABSOLUTE
    ..\\Drivers\\STM32F0xx_HAL_Driver\\Src\\stm32f0xx_hal_spi.c 0x00000000   Number         0  stm32f0xx_hal_spi.o ABSOLUTE
    ..\\Drivers\\STM32F0xx_HAL_Driver\\Src\\stm32f0xx_hal_spi_ex.c 0x00000000   Number         0  stm32f0xx_hal_spi_ex.o ABSOLUTE
    dc.s                                     0x00000000   Number         0  dc.o ABSOLUTE
    startup_stm32f030x6.s                    0x00000000   Number         0  startup_stm32f030x6.o ABSOLUTE
    RESET                                    0x08000000   Section      176  startup_stm32f030x6.o(RESET)
    !!!main                                  0x080000b0   Section        8  __main.o(!!!main)
    !!!scatter                               0x080000b8   Section       60  __scatter.o(!!!scatter)
    !!handler_zi                             0x080000f4   Section       28  __scatter_zi.o(!!handler_zi)
    .ARM.Collect$$_printf_percent$$00000000  0x08000110   Section        2  _printf_percent.o(.ARM.Collect$$_printf_percent$$00000000)
    .ARM.Collect$$_printf_percent$$00000009  0x08000112   Section       10  _printf_d.o(.ARM.Collect$$_printf_percent$$00000009)
    .ARM.Collect$$_printf_percent$$00000014  0x0800011c   Section       10  _printf_s.o(.ARM.Collect$$_printf_percent$$00000014)
    .ARM.Collect$$_printf_percent$$00000017  0x08000126   Section        4  _printf_percent_end.o(.ARM.Collect$$_printf_percent$$00000017)
    .ARM.Collect$$libinit$$00000000          0x0800012a   Section        2  libinit.o(.ARM.Collect$$libinit$$00000000)
    .ARM.Collect$$libinit$$00000002          0x0800012c   Section        0  libinit2.o(.ARM.Collect$$libinit$$00000002)
    .ARM.Collect$$libinit$$00000004          0x0800012c   Section        0  libinit2.o(.ARM.Collect$$libinit$$00000004)
    .ARM.Collect$$libinit$$00000005          0x0800012c   Section        8  libinit2.o(.ARM.Collect$$libinit$$00000005)
    .ARM.Collect$$libinit$$0000000A          0x08000134   Section        0  libinit2.o(.ARM.Collect$$libinit$$0000000A)
    .ARM.Collect$$libinit$$0000000C          0x08000134   Section        0  libinit2.o(.ARM.Collect$$libinit$$0000000C)
    .ARM.Collect$$libinit$$0000000E          0x08000134   Section        0  libinit2.o(.ARM.Collect$$libinit$$0000000E)
    .ARM.Collect$$libinit$$00000011          0x08000134   Section        0  libinit2.o(.ARM.Collect$$libinit$$00000011)
    .ARM.Collect$$libinit$$00000013          0x08000134   Section        0  libinit2.o(.ARM.Collect$$libinit$$00000013)
    .ARM.Collect$$libinit$$00000015          0x08000134   Section        0  libinit2.o(.ARM.Collect$$libinit$$00000015)
    .ARM.Collect$$libinit$$00000017          0x08000134   Section        0  libinit2.o(.ARM.Collect$$libinit$$00000017)
    .ARM.Collect$$libinit$$00000019          0x08000134   Section        0  libinit2.o(.ARM.Collect$$libinit$$00000019)
    .ARM.Collect$$libinit$$0000001B          0x08000134   Section        0  libinit2.o(.ARM.Collect$$libinit$$0000001B)
    .ARM.Collect$$libinit$$0000001D          0x08000134   Section        0  libinit2.o(.ARM.Collect$$libinit$$0000001D)
    .ARM.Collect$$libinit$$0000001F          0x08000134   Section        0  libinit2.o(.ARM.Collect$$libinit$$0000001F)
    .ARM.Collect$$libinit$$00000021          0x08000134   Section        0  libinit2.o(.ARM.Collect$$libinit$$00000021)
    .ARM.Collect$$libinit$$00000023          0x08000134   Section        0  libinit2.o(.ARM.Collect$$libinit$$00000023)
    .ARM.Collect$$libinit$$00000025          0x08000134   Section        0  libinit2.o(.ARM.Collect$$libinit$$00000025)
    .ARM.Collect$$libinit$$0000002C          0x08000134   Section        0  libinit2.o(.ARM.Collect$$libinit$$0000002C)
    .ARM.Collect$$libinit$$0000002E          0x08000134   Section        0  libinit2.o(.ARM.Collect$$libinit$$0000002E)
    .ARM.Collect$$libinit$$00000030          0x08000134   Section        0  libinit2.o(.ARM.Collect$$libinit$$00000030)
    .ARM.Collect$$libinit$$00000032          0x08000134   Section        0  libinit2.o(.ARM.Collect$$libinit$$00000032)
    .ARM.Collect$$libinit$$00000033          0x08000134   Section        2  libinit2.o(.ARM.Collect$$libinit$$00000033)
    .ARM.Collect$$libshutdown$$00000000      0x08000136   Section        2  libshutdown.o(.ARM.Collect$$libshutdown$$00000000)
    .ARM.Collect$$libshutdown$$00000002      0x08000138   Section        0  libshutdown2.o(.ARM.Collect$$libshutdown$$00000002)
    .ARM.Collect$$libshutdown$$00000004      0x08000138   Section        0  libshutdown2.o(.ARM.Collect$$libshutdown$$00000004)
    .ARM.Collect$$libshutdown$$00000007      0x08000138   Section        0  libshutdown2.o(.ARM.Collect$$libshutdown$$00000007)
    .ARM.Collect$$libshutdown$$0000000A      0x08000138   Section        0  libshutdown2.o(.ARM.Collect$$libshutdown$$0000000A)
    .ARM.Collect$$libshutdown$$0000000C      0x08000138   Section        0  libshutdown2.o(.ARM.Collect$$libshutdown$$0000000C)
    .ARM.Collect$$libshutdown$$0000000F      0x08000138   Section        0  libshutdown2.o(.ARM.Collect$$libshutdown$$0000000F)
    .ARM.Collect$$libshutdown$$00000010      0x08000138   Section        2  libshutdown2.o(.ARM.Collect$$libshutdown$$00000010)
    .ARM.Collect$$rtentry$$00000000          0x0800013a   Section        0  __rtentry.o(.ARM.Collect$$rtentry$$00000000)
    .ARM.Collect$$rtentry$$00000002          0x0800013a   Section        0  __rtentry2.o(.ARM.Collect$$rtentry$$00000002)
    .ARM.Collect$$rtentry$$00000004          0x0800013a   Section        6  __rtentry4.o(.ARM.Collect$$rtentry$$00000004)
    .ARM.Collect$$rtentry$$00000009          0x08000140   Section        0  __rtentry2.o(.ARM.Collect$$rtentry$$00000009)
    .ARM.Collect$$rtentry$$0000000A          0x08000140   Section        4  __rtentry2.o(.ARM.Collect$$rtentry$$0000000A)
    .ARM.Collect$$rtentry$$0000000C          0x08000144   Section        0  __rtentry2.o(.ARM.Collect$$rtentry$$0000000C)
    .ARM.Collect$$rtentry$$0000000D          0x08000144   Section        8  __rtentry2.o(.ARM.Collect$$rtentry$$0000000D)
    .ARM.Collect$$rtexit$$00000000           0x0800014c   Section        2  rtexit.o(.ARM.Collect$$rtexit$$00000000)
    .ARM.Collect$$rtexit$$00000002           0x0800014e   Section        0  rtexit2.o(.ARM.Collect$$rtexit$$00000002)
    .ARM.Collect$$rtexit$$00000003           0x0800014e   Section        4  rtexit2.o(.ARM.Collect$$rtexit$$00000003)
    .ARM.Collect$$rtexit$$00000004           0x08000152   Section        6  rtexit2.o(.ARM.Collect$$rtexit$$00000004)
    .emb_text                                0x08000158   Section       56  rt_memcpy.o(.emb_text)
    .emb_text                                0x08000190   Section        0  maybetermalloc1.o(.emb_text)
    .text                                    0x08000190   Section       56  startup_stm32f030x6.o(.text)
    .text                                    0x080001c8   Section        0  h1_alloc.o(.text)
    .text                                    0x0800022a   Section        0  h1_free.o(.text)
    .text                                    0x08000276   Section        0  h1_realloc.o(.text)
    .text                                    0x08000328   Section        0  lludiv.o(.text)
    .text                                    0x0800042c   Section        0  noretval__2sprintf.o(.text)
    .text                                    0x08000454   Section        0  noretval__2snprintf.o(.text)
    .text                                    0x0800048c   Section        0  __printf.o(.text)
    .text                                    0x080004f8   Section        0  _printf_str.o(.text)
    .text                                    0x0800054c   Section        0  _printf_dec.o(.text)
    .text                                    0x080005b8   Section        0  strlen.o(.text)
    .text                                    0x080005fc   Section        0  rt_memcpy.o(.text)
    .text                                    0x0800067e   Section        0  rt_memclr.o(.text)
    .text                                    0x080006be   Section      346  aeabi_sdiv.o(.text)
    .text                                    0x08000818   Section        0  heapauxi.o(.text)
    .text                                    0x08000820   Section        8  rt_heap_descriptor_intlibspace.o(.text)
    .text                                    0x08000828   Section        0  hguard.o(.text)
    .text                                    0x0800082c   Section        0  init_alloc.o(.text)
    .text                                    0x080008b4   Section        0  h1_init.o(.text)
    .text                                    0x080008c2   Section        0  _printf_intcommon.o(.text)
    .text                                    0x08000974   Section        0  _printf_char_common.o(.text)
    _printf_input_char                       0x08000975   Thumb Code    10  _printf_char_common.o(.text)
    .text                                    0x080009a4   Section        0  _sputc.o(.text)
    .text                                    0x080009ae   Section        0  _snputc.o(.text)
    .text                                    0x080009be   Section        0  _printf_char.o(.text)
    .text                                    0x080009ec   Section        0  rtudiv10.o(.text)
    .text                                    0x08000a14   Section        8  libspace.o(.text)
    .text                                    0x08000a1c   Section        0  h1_extend.o(.text)
    .text                                    0x08000a50   Section        0  defsig_rtmem_outer.o(.text)
    .text                                    0x08000a5c   Section        2  use_no_semi.o(.text)
    .text                                    0x08000a5e   Section       62  sys_stackheap_outer.o(.text)
    .text                                    0x08000a5e   Section        0  indicate_semi.o(.text)
    .text                                    0x08000a9c   Section        0  exit.o(.text)
    .text                                    0x08000aac   Section        0  defsig_exit.o(.text)
    .text                                    0x08000ab8   Section        0  defsig_rtmem_inner.o(.text)
    .text                                    0x08000b08   Section        0  sys_exit.o(.text)
    .text                                    0x08000b14   Section        0  defsig_general.o(.text)
    .text                                    0x08000b48   Section        0  sys_wrch.o(.text)
    .text                                    0x08000b54   Section        0  __dczerorl2.o(.text)
    i.Addr_Init                              0x08000baa   Section        0  addr.o(i.Addr_Init)
    i.Addr_Read                              0x08000bac   Section        0  addr.o(i.Addr_Read)
    i.CalcPWMValue                           0x08000bb0   Section        0  pwm.o(i.CalcPWMValue)
    CalcPWMValue                             0x08000bb1   Thumb Code    34  pwm.o(i.CalcPWMValue)
    i.Callback_QueryMotor                    0x08000bdc   Section        0  motor.o(i.Callback_QueryMotor)
    Callback_QueryMotor                      0x08000bdd   Thumb Code    60  motor.o(i.Callback_QueryMotor)
    i.Callback_StartMotor                    0x08000c20   Section        0  motor.o(i.Callback_StartMotor)
    Callback_StartMotor                      0x08000c21   Thumb Code   120  motor.o(i.Callback_StartMotor)
    i.Callback_StopMotor                     0x08000ca0   Section        0  motor.o(i.Callback_StopMotor)
    Callback_StopMotor                       0x08000ca1   Thumb Code    64  motor.o(i.Callback_StopMotor)
    i.CheckLimitState                        0x08000ce8   Section        0  motor.o(i.CheckLimitState)
    CheckLimitState                          0x08000ce9   Thumb Code    42  motor.o(i.CheckLimitState)
    i.ClearLimitStateNums                    0x08000d12   Section        0  motor.o(i.ClearLimitStateNums)
    ClearLimitStateNums                      0x08000d13   Thumb Code    10  motor.o(i.ClearLimitStateNums)
    i.ConvertRadixNumToString                0x08000d1c   Section        0  port_sys.o(i.ConvertRadixNumToString)
    ConvertRadixNumToString                  0x08000d1d   Thumb Code   124  port_sys.o(i.ConvertRadixNumToString)
    i.DealOnePWM                             0x08000d98   Section        0  pwm.o(i.DealOnePWM)
    DealOnePWM                               0x08000d99   Thumb Code    62  pwm.o(i.DealOnePWM)
    i.DealWatchMotorPWM                      0x08000ddc   Section        0  pwm.o(i.DealWatchMotorPWM)
    DealWatchMotorPWM                        0x08000ddd   Thumb Code    74  pwm.o(i.DealWatchMotorPWM)
    i.DelaySet1StoppedStatus                 0x08000e44   Section        0  motor.o(i.DelaySet1StoppedStatus)
    DelaySet1StoppedStatus                   0x08000e45   Thumb Code     8  motor.o(i.DelaySet1StoppedStatus)
    i.DelaySet2StoppedStatus                 0x08000e50   Section        0  motor.o(i.DelaySet2StoppedStatus)
    DelaySet2StoppedStatus                   0x08000e51   Thumb Code     8  motor.o(i.DelaySet2StoppedStatus)
    i.Delay_ms                               0x08000e5c   Section        0  systick.o(i.Delay_ms)
    i.Delay_us                               0x08000e6c   Section        0  systick.o(i.Delay_us)
    i.Error_Handler                          0x08000e80   Section        0  port_sys.o(i.Error_Handler)
    i.GWTaskTimer_Deal                       0x08000ea8   Section        0  gwtask_timer.o(i.GWTaskTimer_Deal)
    i.GWTaskTimer_Init                       0x08000f10   Section        0  gwtask_timer.o(i.GWTaskTimer_Init)
    i.GWTaskTimer_SetAttachTimer             0x08000f20   Section        0  gwtask_timer.o(i.GWTaskTimer_SetAttachTimer)
    i.GWTaskTimer_SetTimer                   0x08000f64   Section        0  gwtask_timer.o(i.GWTaskTimer_SetTimer)
    i.GetQuickCRC16                          0x08000fa8   Section        0  utils.o(i.GetQuickCRC16)
    i.HAL_DMA_Abort                          0x08000fd4   Section        0  stm32f0xx_hal_dma.o(i.HAL_DMA_Abort)
    i.HAL_DMA_Abort_IT                       0x08001014   Section        0  stm32f0xx_hal_dma.o(i.HAL_DMA_Abort_IT)
    i.HAL_GPIO_Init                          0x0800105c   Section        0  stm32f0xx_hal_gpio.o(i.HAL_GPIO_Init)
    i.HAL_GPIO_ReadPin                       0x08001200   Section        0  stm32f0xx_hal_gpio.o(i.HAL_GPIO_ReadPin)
    i.HAL_GPIO_WritePin                      0x0800120a   Section        0  stm32f0xx_hal_gpio.o(i.HAL_GPIO_WritePin)
    i.HAL_GetTick                            0x08001218   Section        0  stm32f0xx_hal.o(i.HAL_GetTick)
    i.HAL_IncTick                            0x08001224   Section        0  stm32f0xx_hal.o(i.HAL_IncTick)
    i.HAL_Init                               0x08001234   Section        0  stm32f0xx_hal.o(i.HAL_Init)
    i.HAL_InitTick                           0x08001254   Section        0  stm32f0xx_hal.o(i.HAL_InitTick)
    i.HAL_MspInit                            0x08001298   Section        0  stm32f0xx_hal_msp.o(i.HAL_MspInit)
    i.HAL_NVIC_EnableIRQ                     0x080012c0   Section        0  stm32f0xx_hal_cortex.o(i.HAL_NVIC_EnableIRQ)
    i.HAL_NVIC_SetPriority                   0x080012d8   Section        0  stm32f0xx_hal_cortex.o(i.HAL_NVIC_SetPriority)
    i.HAL_RCCEx_PeriphCLKConfig              0x080012e0   Section        0  stm32f0xx_hal_rcc_ex.o(i.HAL_RCCEx_PeriphCLKConfig)
    i.HAL_RCC_ClockConfig                    0x080013c8   Section        0  stm32f0xx_hal_rcc.o(i.HAL_RCC_ClockConfig)
    i.HAL_RCC_GetPCLK1Freq                   0x080014d0   Section        0  stm32f0xx_hal_rcc.o(i.HAL_RCC_GetPCLK1Freq)
    i.HAL_RCC_GetSysClockFreq                0x080014f0   Section        0  stm32f0xx_hal_rcc.o(i.HAL_RCC_GetSysClockFreq)
    i.HAL_RCC_OscConfig                      0x08001570   Section        0  stm32f0xx_hal_rcc.o(i.HAL_RCC_OscConfig)
    i.HAL_SYSTICK_Config                     0x080018f8   Section        0  stm32f0xx_hal_cortex.o(i.HAL_SYSTICK_Config)
    i.HAL_UARTEx_RxEventCallback             0x08001928   Section        0  stm32f0xx_hal_uart.o(i.HAL_UARTEx_RxEventCallback)
    i.HAL_UART_ErrorCallback                 0x0800192a   Section        0  stm32f0xx_hal_uart.o(i.HAL_UART_ErrorCallback)
    i.HAL_UART_IRQHandler                    0x0800192c   Section        0  stm32f0xx_hal_uart.o(i.HAL_UART_IRQHandler)
    i.HAL_UART_Init                          0x08001bb8   Section        0  stm32f0xx_hal_uart.o(i.HAL_UART_Init)
    i.HAL_UART_MspInit                       0x08001c24   Section        0  stm32f0xx_hal_msp.o(i.HAL_UART_MspInit)
    i.HAL_UART_Receive_IT                    0x08001cac   Section        0  stm32f0xx_hal_uart.o(i.HAL_UART_Receive_IT)
    i.HAL_UART_RxCpltCallback                0x08001d10   Section        0  485.o(i.HAL_UART_RxCpltCallback)
    i.HAL_UART_Transmit                      0x08001d44   Section        0  stm32f0xx_hal_uart.o(i.HAL_UART_Transmit)
    i.HAL_UART_TxCpltCallback                0x08001e16   Section        0  stm32f0xx_hal_uart.o(i.HAL_UART_TxCpltCallback)
    i.HardFault_Handler                      0x08001e18   Section        0  stm32f0xx_it.o(i.HardFault_Handler)
    i.Init485                                0x08001e1c   Section        0  485.o(i.Init485)
    i.InitPWMCoef                            0x08001ec0   Section        0  pwm.o(i.InitPWMCoef)
    i.InterAct_OutputDebug                   0x08001f34   Section        0  port_sys.o(i.InterAct_OutputDebug)
    InterAct_OutputDebug                     0x08001f35   Thumb Code    18  port_sys.o(i.InterAct_OutputDebug)
    i.InterAct_RelocateLog                   0x08001f46   Section        0  port_sys.o(i.InterAct_RelocateLog)
    InterAct_RelocateLog                     0x08001f47   Thumb Code    62  port_sys.o(i.InterAct_RelocateLog)
    i.LogTo485                               0x08001f84   Section        0  485.o(i.LogTo485)
    i.MX_USART1_UART_Init                    0x08001f8c   Section        0  485.o(i.MX_USART1_UART_Init)
    MX_USART1_UART_Init                      0x08001f8d   Thumb Code    48  485.o(i.MX_USART1_UART_Init)
    i.Make485Data                            0x08001fc4   Section        0  485.o(i.Make485Data)
    i.Motor_GetStatus                        0x08001ff0   Section        0  motor.o(i.Motor_GetStatus)
    i.Motor_Init                             0x08002110   Section        0  motor.o(i.Motor_Init)
    i.MyList_AddNodePureData                 0x08002260   Section        0  mylist.o(i.MyList_AddNodePureData)
    i.MyList_Create                          0x080022a4   Section        0  mylist.o(i.MyList_Create)
    i.MyList_DeleteNode                      0x080022b4   Section        0  mylist.o(i.MyList_DeleteNode)
    i.MyList_DeleteNodeAt                    0x080022d0   Section        0  mylist.o(i.MyList_DeleteNodeAt)
    i.MyList_GetNode                         0x08002324   Section        0  mylist.o(i.MyList_GetNode)
    i.MyList_IndexOf                         0x0800232c   Section        0  mylist.o(i.MyList_IndexOf)
    i.MyQue_AddByte                          0x08002350   Section        0  myque.o(i.MyQue_AddByte)
    i.MyQue_DataAt                           0x0800237e   Section        0  myque.o(i.MyQue_DataAt)
    i.MyQue_Init                             0x080023aa   Section        0  myque.o(i.MyQue_Init)
    i.MyQue_IsEmpty                          0x080023d0   Section        0  myque.o(i.MyQue_IsEmpty)
    i.MyQue_IsFull                           0x080023e0   Section        0  myque.o(i.MyQue_IsFull)
    i.MyQue_Remove                           0x080023fc   Section        0  myque.o(i.MyQue_Remove)
    i.MyQue_Size                             0x0800244e   Section        0  myque.o(i.MyQue_Size)
    i.MyQue_TryGet                           0x08002464   Section        0  myque.o(i.MyQue_TryGet)
    i.NMI_Handler                            0x080024ac   Section        0  stm32f0xx_it.o(i.NMI_Handler)
    i.PRINTF                                 0x080024b0   Section        0  port_sys.o(i.PRINTF)
    i.PWM_Init                               0x080024e0   Section        0  pwm.o(i.PWM_Init)
    i.PWM_Tick                               0x08002594   Section        0  pwm.o(i.PWM_Tick)
    i.PendSV_Handler                         0x080025d4   Section        0  stm32f0xx_it.o(i.PendSV_Handler)
    i.Register485Callback                    0x080025d8   Section        0  485.o(i.Register485Callback)
    i.ReportMotorInfo                        0x08002604   Section        0  motor.o(i.ReportMotorInfo)
    ReportMotorInfo                          0x08002605   Thumb Code    18  motor.o(i.ReportMotorInfo)
    i.ReportRunInfo                          0x08002618   Section        0  main.o(i.ReportRunInfo)
    ReportRunInfo                            0x08002619   Thumb Code    80  main.o(i.ReportRunInfo)
    i.SVC_Handler                            0x08002690   Section        0  stm32f0xx_it.o(i.SVC_Handler)
    i.Send485                                0x08002694   Section        0  485.o(i.Send485)
    i.SetBackward                            0x080026d8   Section        0  pwm.o(i.SetBackward)
    i.SetForward                             0x0800270c   Section        0  pwm.o(i.SetForward)
    i.SetMotorStop                           0x08002740   Section        0  motor.o(i.SetMotorStop)
    SetMotorStop                             0x08002741   Thumb Code    28  motor.o(i.SetMotorStop)
    i.SetPWMStop                             0x08002764   Section        0  pwm.o(i.SetPWMStop)
    i.StartPWMWatch                          0x0800279c   Section        0  pwm.o(i.StartPWMWatch)
    StartPWMWatch                            0x0800279d   Thumb Code    52  pwm.o(i.StartPWMWatch)
    i.StrFormatPrintf                        0x080027f0   Section        0  port_sys.o(i.StrFormatPrintf)
    StrFormatPrintf                          0x080027f1   Thumb Code   386  port_sys.o(i.StrFormatPrintf)
    i.SysTick_Handler                        0x08002972   Section        0  stm32f0xx_it.o(i.SysTick_Handler)
    i.SysTick_Init                           0x08002984   Section        0  systick.o(i.SysTick_Init)
    i.SystemClock_Config                     0x080029b0   Section        0  main.o(i.SystemClock_Config)
    i.SystemInit                             0x08002a2c   Section        0  system_stm32f0xx.o(i.SystemInit)
    i.Task_Deal485                           0x08002a30   Section        0  485.o(i.Task_Deal485)
    i.Timer_DealLimit                        0x08002b04   Section        0  motor.o(i.Timer_DealLimit)
    Timer_DealLimit                          0x08002b05   Thumb Code   266  motor.o(i.Timer_DealLimit)
    i.Timer_DealLimit1                       0x08002c70   Section        0  motor.o(i.Timer_DealLimit1)
    Timer_DealLimit1                         0x08002c71   Thumb Code    10  motor.o(i.Timer_DealLimit1)
    i.Timer_DealLimit2                       0x08002c7a   Section        0  motor.o(i.Timer_DealLimit2)
    Timer_DealLimit2                         0x08002c7b   Thumb Code    10  motor.o(i.Timer_DealLimit2)
    i.Timer_WatchMotor1PWM                   0x08002c84   Section        0  pwm.o(i.Timer_WatchMotor1PWM)
    Timer_WatchMotor1PWM                     0x08002c85   Thumb Code    10  pwm.o(i.Timer_WatchMotor1PWM)
    i.Timer_WatchMotor2PWM                   0x08002c8e   Section        0  pwm.o(i.Timer_WatchMotor2PWM)
    Timer_WatchMotor2PWM                     0x08002c8f   Thumb Code    10  pwm.o(i.Timer_WatchMotor2PWM)
    i.TimingDelay_Decrement                  0x08002c98   Section        0  systick.o(i.TimingDelay_Decrement)
    i.UART_AdvFeatureConfig                  0x08002cc0   Section        0  stm32f0xx_hal_uart.o(i.UART_AdvFeatureConfig)
    i.UART_CheckIdleState                    0x08002d8c   Section        0  stm32f0xx_hal_uart.o(i.UART_CheckIdleState)
    i.UART_DMAAbortOnError                   0x08002df0   Section        0  stm32f0xx_hal_uart.o(i.UART_DMAAbortOnError)
    UART_DMAAbortOnError                     0x08002df1   Thumb Code    20  stm32f0xx_hal_uart.o(i.UART_DMAAbortOnError)
    i.UART_EndRxTransfer                     0x08002e04   Section        0  stm32f0xx_hal_uart.o(i.UART_EndRxTransfer)
    UART_EndRxTransfer                       0x08002e05   Thumb Code    94  stm32f0xx_hal_uart.o(i.UART_EndRxTransfer)
    i.UART_RxISR_16BIT                       0x08002e62   Section        0  stm32f0xx_hal_uart.o(i.UART_RxISR_16BIT)
    UART_RxISR_16BIT                         0x08002e63   Thumb Code   168  stm32f0xx_hal_uart.o(i.UART_RxISR_16BIT)
    i.UART_RxISR_8BIT                        0x08002f0a   Section        0  stm32f0xx_hal_uart.o(i.UART_RxISR_8BIT)
    UART_RxISR_8BIT                          0x08002f0b   Thumb Code   168  stm32f0xx_hal_uart.o(i.UART_RxISR_8BIT)
    i.UART_SetConfig                         0x08002fb4   Section        0  stm32f0xx_hal_uart.o(i.UART_SetConfig)
    i.UART_Start_Receive_IT                  0x080030d0   Section        0  stm32f0xx_hal_uart.o(i.UART_Start_Receive_IT)
    i.UART_WaitOnFlagUntilTimeout            0x0800316c   Section        0  stm32f0xx_hal_uart.o(i.UART_WaitOnFlagUntilTimeout)
    i.USART1_IRQHandler                      0x08003240   Section        0  stm32f0xx_it.o(i.USART1_IRQHandler)
    i.__ARM_common_ll_muluu                  0x08003264   Section        0  stm32f0xx_hal_rcc.o(i.__ARM_common_ll_muluu)
    i.__NVIC_SetPriority                     0x08003294   Section        0  stm32f0xx_hal_cortex.o(i.__NVIC_SetPriority)
    __NVIC_SetPriority                       0x08003295   Thumb Code    60  stm32f0xx_hal_cortex.o(i.__NVIC_SetPriority)
    i.baudrate_read                          0x080032d8   Section        0  addr.o(i.baudrate_read)
    i.main                                   0x080032e0   Section        0  main.o(i.main)
    .constdata                               0x08003324   Section       16  system_stm32f0xx.o(.constdata)
    .constdata                               0x08003334   Section        8  system_stm32f0xx.o(.constdata)
    .data                                    0x20000000   Section       12  systick.o(.data)
    sysTicks                                 0x20000000   Data           4  systick.o(.data)
    TimingDelay                              0x20000004   Data           4  systick.o(.data)
    .data                                    0x2000000c   Section        1  port_sys.o(.data)
    .data                                    0x20000010   Section       12  stm32f0xx_hal.o(.data)
    .data                                    0x2000001c   Section        4  system_stm32f0xx.o(.data)
    .data                                    0x20000020   Section        4  gwtask_timer.o(.data)
    .data                                    0x20000024   Section      528  utils.o(.data)
    HexTable                                 0x20000024   Data          16  utils.o(.data)
    .data                                    0x20000234   Section        1  pwm.o(.data)
    pwmInited                                0x20000234   Data           1  pwm.o(.data)
    .data                                    0x20000238   Section       20  485.o(.data)
    p485Que                                  0x2000023c   Data           4  485.o(.data)
    p485CmdList                              0x20000240   Data           4  485.o(.data)
    Ack485Buff                               0x20000244   Data           8  485.o(.data)
    .bss                                     0x2000024c   Section      104  pwm.o(.bss)
    .bss                                     0x200002b4   Section       48  motor.o(.bss)
    .bss                                     0x200002e4   Section      132  485.o(.bss)
    .bss                                     0x20000368   Section       96  libspace.o(.bss)
    HEAP                                     0x200003c8   Section      512  startup_stm32f030x6.o(HEAP)
    Heap_Mem                                 0x200003c8   Data         512  startup_stm32f030x6.o(HEAP)
    STACK                                    0x200005c8   Section     1024  startup_stm32f030x6.o(STACK)
    Stack_Mem                                0x200005c8   Data        1024  startup_stm32f030x6.o(STACK)
    __initial_sp                             0x200009c8   Data           0  startup_stm32f030x6.o(STACK)

    Global Symbols

    Symbol Name                              Value     Ov Type        Size  Object(Section)

    BuildAttributes$$THM_ISAv3M$S$PE$A:L22$X:L11$S22$IEEE1$IW$USESV6$~STKCKD$USESV7$~SHL$OTIME$ROPI$EBA8$UX$STANDARDLIB$REQ8$PRES8$EABIv2 0x00000000   Number         0  anon$$obj.o ABSOLUTE
    __ARM_use_no_argv                        0x00000000   Number         0  main.o ABSOLUTE
    __ARM_exceptions_init                     - Undefined Weak Reference
    __alloca_initialize                       - Undefined Weak Reference
    __arm_preinit_                            - Undefined Weak Reference
    __cpp_initialize__aeabi_                  - Undefined Weak Reference
    __cxa_finalize                            - Undefined Weak Reference
    __sigvec_lookup                           - Undefined Weak Reference
    __user_heap_extent                        - Undefined Weak Reference
    _atexit_init                              - Undefined Weak Reference
    _call_atexit_fns                          - Undefined Weak Reference
    _clock_init                               - Undefined Weak Reference
    _fp_trap_init                             - Undefined Weak Reference
    _fp_trap_shutdown                         - Undefined Weak Reference
    _get_lc_collate                           - Undefined Weak Reference
    _get_lc_monetary                          - Undefined Weak Reference
    _get_lc_numeric                           - Undefined Weak Reference
    _get_lc_time                              - Undefined Weak Reference
    _getenv_init                              - Undefined Weak Reference
    _handle_redirection                       - Undefined Weak Reference
    _initio                                   - Undefined Weak Reference
    _mutex_acquire                            - Undefined Weak Reference
    _mutex_free                               - Undefined Weak Reference
    _mutex_release                            - Undefined Weak Reference
    _printf_mbtowc                            - Undefined Weak Reference
    _printf_post_padding                      - Undefined Weak Reference
    _printf_pre_padding                       - Undefined Weak Reference
    _printf_truncate_signed                   - Undefined Weak Reference
    _printf_truncate_unsigned                 - Undefined Weak Reference
    _rand_init                                - Undefined Weak Reference
    _signal_finish                            - Undefined Weak Reference
    _signal_init                              - Undefined Weak Reference
    _terminateio                              - Undefined Weak Reference
    __Vectors_Size                           0x000000b0   Number         0  startup_stm32f030x6.o ABSOLUTE
    __Vectors                                0x08000000   Data           4  startup_stm32f030x6.o(RESET)
    __Vectors_End                            0x080000b0   Data           0  startup_stm32f030x6.o(RESET)
    __main                                   0x080000b1   Thumb Code     8  __main.o(!!!main)
    __scatterload                            0x080000b9   Thumb Code     0  __scatter.o(!!!scatter)
    __scatterload_rt2                        0x080000b9   Thumb Code    52  __scatter.o(!!!scatter)
    __scatterload_rt2_thumb_only             0x080000b9   Thumb Code     0  __scatter.o(!!!scatter)
    __scatterload_null                       0x080000c9   Thumb Code     0  __scatter.o(!!!scatter)
    __scatterload_zeroinit                   0x080000f5   Thumb Code    28  __scatter_zi.o(!!handler_zi)
    _printf_percent                          0x08000111   Thumb Code     0  _printf_percent.o(.ARM.Collect$$_printf_percent$$00000000)
    _printf_d                                0x08000113   Thumb Code     0  _printf_d.o(.ARM.Collect$$_printf_percent$$00000009)
    _printf_s                                0x0800011d   Thumb Code     0  _printf_s.o(.ARM.Collect$$_printf_percent$$00000014)
    _printf_percent_end                      0x08000127   Thumb Code     0  _printf_percent_end.o(.ARM.Collect$$_printf_percent$$00000017)
    __rt_lib_init                            0x0800012b   Thumb Code     0  libinit.o(.ARM.Collect$$libinit$$00000000)
    __rt_lib_init_fp_1                       0x0800012d   Thumb Code     0  libinit2.o(.ARM.Collect$$libinit$$00000002)
    __rt_lib_init_heap_2                     0x0800012d   Thumb Code     0  libinit2.o(.ARM.Collect$$libinit$$00000005)
    __rt_lib_init_preinit_1                  0x0800012d   Thumb Code     0  libinit2.o(.ARM.Collect$$libinit$$00000004)
    __rt_lib_init_alloca_1                   0x08000135   Thumb Code     0  libinit2.o(.ARM.Collect$$libinit$$0000002E)
    __rt_lib_init_argv_1                     0x08000135   Thumb Code     0  libinit2.o(.ARM.Collect$$libinit$$0000002C)
    __rt_lib_init_atexit_1                   0x08000135   Thumb Code     0  libinit2.o(.ARM.Collect$$libinit$$0000001B)
    __rt_lib_init_clock_1                    0x08000135   Thumb Code     0  libinit2.o(.ARM.Collect$$libinit$$00000021)
    __rt_lib_init_cpp_1                      0x08000135   Thumb Code     0  libinit2.o(.ARM.Collect$$libinit$$00000032)
    __rt_lib_init_exceptions_1               0x08000135   Thumb Code     0  libinit2.o(.ARM.Collect$$libinit$$00000030)
    __rt_lib_init_fp_trap_1                  0x08000135   Thumb Code     0  libinit2.o(.ARM.Collect$$libinit$$0000001F)
    __rt_lib_init_getenv_1                   0x08000135   Thumb Code     0  libinit2.o(.ARM.Collect$$libinit$$00000023)
    __rt_lib_init_heap_1                     0x08000135   Thumb Code     0  libinit2.o(.ARM.Collect$$libinit$$0000000A)
    __rt_lib_init_lc_collate_1               0x08000135   Thumb Code     0  libinit2.o(.ARM.Collect$$libinit$$00000011)
    __rt_lib_init_lc_ctype_1                 0x08000135   Thumb Code     0  libinit2.o(.ARM.Collect$$libinit$$00000013)
    __rt_lib_init_lc_monetary_1              0x08000135   Thumb Code     0  libinit2.o(.ARM.Collect$$libinit$$00000015)
    __rt_lib_init_lc_numeric_1               0x08000135   Thumb Code     0  libinit2.o(.ARM.Collect$$libinit$$00000017)
    __rt_lib_init_lc_time_1                  0x08000135   Thumb Code     0  libinit2.o(.ARM.Collect$$libinit$$00000019)
    __rt_lib_init_rand_1                     0x08000135   Thumb Code     0  libinit2.o(.ARM.Collect$$libinit$$0000000E)
    __rt_lib_init_return                     0x08000135   Thumb Code     0  libinit2.o(.ARM.Collect$$libinit$$00000033)
    __rt_lib_init_signal_1                   0x08000135   Thumb Code     0  libinit2.o(.ARM.Collect$$libinit$$0000001D)
    __rt_lib_init_stdio_1                    0x08000135   Thumb Code     0  libinit2.o(.ARM.Collect$$libinit$$00000025)
    __rt_lib_init_user_alloc_1               0x08000135   Thumb Code     0  libinit2.o(.ARM.Collect$$libinit$$0000000C)
    __rt_lib_shutdown                        0x08000137   Thumb Code     0  libshutdown.o(.ARM.Collect$$libshutdown$$00000000)
    __rt_lib_shutdown_cpp_1                  0x08000139   Thumb Code     0  libshutdown2.o(.ARM.Collect$$libshutdown$$00000002)
    __rt_lib_shutdown_fp_trap_1              0x08000139   Thumb Code     0  libshutdown2.o(.ARM.Collect$$libshutdown$$00000007)
    __rt_lib_shutdown_heap_1                 0x08000139   Thumb Code     0  libshutdown2.o(.ARM.Collect$$libshutdown$$0000000F)
    __rt_lib_shutdown_return                 0x08000139   Thumb Code     0  libshutdown2.o(.ARM.Collect$$libshutdown$$00000010)
    __rt_lib_shutdown_signal_1               0x08000139   Thumb Code     0  libshutdown2.o(.ARM.Collect$$libshutdown$$0000000A)
    __rt_lib_shutdown_stdio_1                0x08000139   Thumb Code     0  libshutdown2.o(.ARM.Collect$$libshutdown$$00000004)
    __rt_lib_shutdown_user_alloc_1           0x08000139   Thumb Code     0  libshutdown2.o(.ARM.Collect$$libshutdown$$0000000C)
    __rt_entry                               0x0800013b   Thumb Code     0  __rtentry.o(.ARM.Collect$$rtentry$$00000000)
    __rt_entry_presh_1                       0x0800013b   Thumb Code     0  __rtentry2.o(.ARM.Collect$$rtentry$$00000002)
    __rt_entry_sh                            0x0800013b   Thumb Code     0  __rtentry4.o(.ARM.Collect$$rtentry$$00000004)
    __rt_entry_li                            0x08000141   Thumb Code     0  __rtentry2.o(.ARM.Collect$$rtentry$$0000000A)
    __rt_entry_postsh_1                      0x08000141   Thumb Code     0  __rtentry2.o(.ARM.Collect$$rtentry$$00000009)
    __rt_entry_main                          0x08000145   Thumb Code     0  __rtentry2.o(.ARM.Collect$$rtentry$$0000000D)
    __rt_entry_postli_1                      0x08000145   Thumb Code     0  __rtentry2.o(.ARM.Collect$$rtentry$$0000000C)
    __rt_exit                                0x0800014d   Thumb Code     0  rtexit.o(.ARM.Collect$$rtexit$$00000000)
    __rt_exit_ls                             0x0800014f   Thumb Code     0  rtexit2.o(.ARM.Collect$$rtexit$$00000003)
    __rt_exit_prels_1                        0x0800014f   Thumb Code     0  rtexit2.o(.ARM.Collect$$rtexit$$00000002)
    __rt_exit_exit                           0x08000153   Thumb Code     0  rtexit2.o(.ARM.Collect$$rtexit$$00000004)
    __aeabi_memcpy4                          0x08000159   Thumb Code    56  rt_memcpy.o(.emb_text)
    __aeabi_memcpy8                          0x08000159   Thumb Code     0  rt_memcpy.o(.emb_text)
    Reset_Handler                            0x08000191   Thumb Code     8  startup_stm32f030x6.o(.text)
    _maybe_terminate_alloc                   0x08000191   Thumb Code     0  maybetermalloc1.o(.emb_text)
    ADC1_IRQHandler                          0x080001a3   Thumb Code     0  startup_stm32f030x6.o(.text)
    DMA1_Channel1_IRQHandler                 0x080001a3   Thumb Code     0  startup_stm32f030x6.o(.text)
    DMA1_Channel2_3_IRQHandler               0x080001a3   Thumb Code     0  startup_stm32f030x6.o(.text)
    DMA1_Channel4_5_IRQHandler               0x080001a3   Thumb Code     0  startup_stm32f030x6.o(.text)
    EXTI0_1_IRQHandler                       0x080001a3   Thumb Code     0  startup_stm32f030x6.o(.text)
    EXTI2_3_IRQHandler                       0x080001a3   Thumb Code     0  startup_stm32f030x6.o(.text)
    EXTI4_15_IRQHandler                      0x080001a3   Thumb Code     0  startup_stm32f030x6.o(.text)
    FLASH_IRQHandler                         0x080001a3   Thumb Code     0  startup_stm32f030x6.o(.text)
    I2C1_IRQHandler                          0x080001a3   Thumb Code     0  startup_stm32f030x6.o(.text)
    RCC_IRQHandler                           0x080001a3   Thumb Code     0  startup_stm32f030x6.o(.text)
    RTC_IRQHandler                           0x080001a3   Thumb Code     0  startup_stm32f030x6.o(.text)
    SPI1_IRQHandler                          0x080001a3   Thumb Code     0  startup_stm32f030x6.o(.text)
    TIM14_IRQHandler                         0x080001a3   Thumb Code     0  startup_stm32f030x6.o(.text)
    TIM16_IRQHandler                         0x080001a3   Thumb Code     0  startup_stm32f030x6.o(.text)
    TIM17_IRQHandler                         0x080001a3   Thumb Code     0  startup_stm32f030x6.o(.text)
    TIM1_BRK_UP_TRG_COM_IRQHandler           0x080001a3   Thumb Code     0  startup_stm32f030x6.o(.text)
    TIM1_CC_IRQHandler                       0x080001a3   Thumb Code     0  startup_stm32f030x6.o(.text)
    TIM3_IRQHandler                          0x080001a3   Thumb Code     0  startup_stm32f030x6.o(.text)
    WWDG_IRQHandler                          0x080001a3   Thumb Code     0  startup_stm32f030x6.o(.text)
    __user_initial_stackheap                 0x080001a5   Thumb Code     0  startup_stm32f030x6.o(.text)
    malloc                                   0x080001c9   Thumb Code    98  h1_alloc.o(.text)
    free                                     0x0800022b   Thumb Code    76  h1_free.o(.text)
    realloc                                  0x08000277   Thumb Code   178  h1_realloc.o(.text)
    __aeabi_uldivmod                         0x08000329   Thumb Code   258  lludiv.o(.text)
    _ll_udiv                                 0x08000329   Thumb Code     0  lludiv.o(.text)
    __2sprintf                               0x0800042d   Thumb Code    36  noretval__2sprintf.o(.text)
    __2snprintf                              0x08000455   Thumb Code    50  noretval__2snprintf.o(.text)
    __printf                                 0x0800048d   Thumb Code   108  __printf.o(.text)
    _printf_str                              0x080004f9   Thumb Code    82  _printf_str.o(.text)
    _printf_int_dec                          0x0800054d   Thumb Code    90  _printf_dec.o(.text)
    strlen                                   0x080005b9   Thumb Code    62  strlen.o(.text)
    __aeabi_memcpy                           0x080005fd   Thumb Code   130  rt_memcpy.o(.text)
    __rt_memcpy                              0x080005fd   Thumb Code     0  rt_memcpy.o(.text)
    _memset_w                                0x0800067f   Thumb Code    26  rt_memclr.o(.text)
    _memset                                  0x08000699   Thumb Code    30  rt_memclr.o(.text)
    __aeabi_memclr                           0x080006b7   Thumb Code     4  rt_memclr.o(.text)
    __rt_memclr                              0x080006b7   Thumb Code     0  rt_memclr.o(.text)
    __aeabi_memclr4                          0x080006bb   Thumb Code     0  rt_memclr.o(.text)
    __aeabi_memclr8                          0x080006bb   Thumb Code     0  rt_memclr.o(.text)
    __rt_memclr_w                            0x080006bb   Thumb Code     4  rt_memclr.o(.text)
    __aeabi_uidiv                            0x080006bf   Thumb Code     0  aeabi_sdiv.o(.text)
    __aeabi_uidivmod                         0x080006bf   Thumb Code    20  aeabi_sdiv.o(.text)
    __aeabi_idiv                             0x080006d3   Thumb Code     0  aeabi_sdiv.o(.text)
    __aeabi_idivmod                          0x080006d3   Thumb Code   326  aeabi_sdiv.o(.text)
    __use_two_region_memory                  0x08000819   Thumb Code     2  heapauxi.o(.text)
    __rt_heap_escrow                         0x0800081b   Thumb Code     2  heapauxi.o(.text)
    __rt_heap_expand                         0x0800081d   Thumb Code     2  heapauxi.o(.text)
    __rt_heap_descriptor                     0x08000821   Thumb Code     8  rt_heap_descriptor_intlibspace.o(.text)
    __use_no_heap                            0x08000829   Thumb Code     2  hguard.o(.text)
    __heap$guard                             0x0800082b   Thumb Code     2  hguard.o(.text)
    _terminate_user_alloc                    0x0800082d   Thumb Code     2  init_alloc.o(.text)
    _init_user_alloc                         0x0800082f   Thumb Code     2  init_alloc.o(.text)
    __Heap_Full                              0x08000831   Thumb Code    32  init_alloc.o(.text)
    __Heap_Broken                            0x08000851   Thumb Code    10  init_alloc.o(.text)
    _init_alloc                              0x0800085b   Thumb Code    90  init_alloc.o(.text)
    __Heap_Initialize                        0x080008b5   Thumb Code    10  h1_init.o(.text)
    __Heap_DescSize                          0x080008bf   Thumb Code     4  h1_init.o(.text)
    _printf_int_common                       0x080008c3   Thumb Code   176  _printf_intcommon.o(.text)
    _printf_char_common                      0x0800097f   Thumb Code    32  _printf_char_common.o(.text)
    _sputc                                   0x080009a5   Thumb Code    10  _sputc.o(.text)
    _snputc                                  0x080009af   Thumb Code    16  _snputc.o(.text)
    _printf_cs_common                        0x080009bf   Thumb Code    22  _printf_char.o(.text)
    _printf_char                             0x080009d5   Thumb Code    16  _printf_char.o(.text)
    _printf_string                           0x080009e5   Thumb Code     8  _printf_char.o(.text)
    __rt_udiv10                              0x080009ed   Thumb Code    40  rtudiv10.o(.text)
    __user_libspace                          0x08000a15   Thumb Code     8  libspace.o(.text)
    __user_perproc_libspace                  0x08000a15   Thumb Code     0  libspace.o(.text)
    __user_perthread_libspace                0x08000a15   Thumb Code     0  libspace.o(.text)
    __Heap_ProvideMemory                     0x08000a1d   Thumb Code    52  h1_extend.o(.text)
    __rt_SIGRTMEM                            0x08000a51   Thumb Code    12  defsig_rtmem_outer.o(.text)
    __I$use$semihosting                      0x08000a5d   Thumb Code     0  use_no_semi.o(.text)
    __use_no_semihosting_swi                 0x08000a5d   Thumb Code     2  use_no_semi.o(.text)
    __semihosting_library_function           0x08000a5f   Thumb Code     0  indicate_semi.o(.text)
    __user_setup_stackheap                   0x08000a5f   Thumb Code    62  sys_stackheap_outer.o(.text)
    exit                                     0x08000a9d   Thumb Code    16  exit.o(.text)
    __sig_exit                               0x08000aad   Thumb Code    12  defsig_exit.o(.text)
    __rt_SIGRTMEM_inner                      0x08000ab9   Thumb Code    22  defsig_rtmem_inner.o(.text)
    _sys_exit                                0x08000b09   Thumb Code     8  sys_exit.o(.text)
    __default_signal_display                 0x08000b15   Thumb Code    52  defsig_general.o(.text)
    _ttywrch                                 0x08000b49   Thumb Code    12  sys_wrch.o(.text)
    __decompress                             0x08000b55   Thumb Code     0  __dczerorl2.o(.text)
    __decompress1                            0x08000b55   Thumb Code    86  __dczerorl2.o(.text)
    Addr_Init                                0x08000bab   Thumb Code     2  addr.o(i.Addr_Init)
    Addr_Read                                0x08000bad   Thumb Code     4  addr.o(i.Addr_Read)
    Delay_ms                                 0x08000e5d   Thumb Code    14  systick.o(i.Delay_ms)
    Delay_us                                 0x08000e6d   Thumb Code    16  systick.o(i.Delay_us)
    Error_Handler                            0x08000e81   Thumb Code    16  port_sys.o(i.Error_Handler)
    GWTaskTimer_Deal                         0x08000ea9   Thumb Code    94  gwtask_timer.o(i.GWTaskTimer_Deal)
    GWTaskTimer_Init                         0x08000f11   Thumb Code    12  gwtask_timer.o(i.GWTaskTimer_Init)
    GWTaskTimer_SetAttachTimer               0x08000f21   Thumb Code    58  gwtask_timer.o(i.GWTaskTimer_SetAttachTimer)
    GWTaskTimer_SetTimer                     0x08000f65   Thumb Code    58  gwtask_timer.o(i.GWTaskTimer_SetTimer)
    GetQuickCRC16                            0x08000fa9   Thumb Code    38  utils.o(i.GetQuickCRC16)
    HAL_DMA_Abort                            0x08000fd5   Thumb Code    64  stm32f0xx_hal_dma.o(i.HAL_DMA_Abort)
    HAL_DMA_Abort_IT                         0x08001015   Thumb Code    72  stm32f0xx_hal_dma.o(i.HAL_DMA_Abort_IT)
    HAL_GPIO_Init                            0x0800105d   Thumb Code   396  stm32f0xx_hal_gpio.o(i.HAL_GPIO_Init)
    HAL_GPIO_ReadPin                         0x08001201   Thumb Code    10  stm32f0xx_hal_gpio.o(i.HAL_GPIO_ReadPin)
    HAL_GPIO_WritePin                        0x0800120b   Thumb Code    12  stm32f0xx_hal_gpio.o(i.HAL_GPIO_WritePin)
    HAL_GetTick                              0x08001219   Thumb Code     6  stm32f0xx_hal.o(i.HAL_GetTick)
    HAL_IncTick                              0x08001225   Thumb Code    12  stm32f0xx_hal.o(i.HAL_IncTick)
    HAL_Init                                 0x08001235   Thumb Code    26  stm32f0xx_hal.o(i.HAL_Init)
    HAL_InitTick                             0x08001255   Thumb Code    58  stm32f0xx_hal.o(i.HAL_InitTick)
    HAL_MspInit                              0x08001299   Thumb Code    34  stm32f0xx_hal_msp.o(i.HAL_MspInit)
    HAL_NVIC_EnableIRQ                       0x080012c1   Thumb Code    18  stm32f0xx_hal_cortex.o(i.HAL_NVIC_EnableIRQ)
    HAL_NVIC_SetPriority                     0x080012d9   Thumb Code     8  stm32f0xx_hal_cortex.o(i.HAL_NVIC_SetPriority)
    HAL_RCCEx_PeriphCLKConfig                0x080012e1   Thumb Code   218  stm32f0xx_hal_rcc_ex.o(i.HAL_RCCEx_PeriphCLKConfig)
    HAL_RCC_ClockConfig                      0x080013c9   Thumb Code   242  stm32f0xx_hal_rcc.o(i.HAL_RCC_ClockConfig)
    HAL_RCC_GetPCLK1Freq                     0x080014d1   Thumb Code    20  stm32f0xx_hal_rcc.o(i.HAL_RCC_GetPCLK1Freq)
    HAL_RCC_GetSysClockFreq                  0x080014f1   Thumb Code    84  stm32f0xx_hal_rcc.o(i.HAL_RCC_GetSysClockFreq)
    HAL_RCC_OscConfig                        0x08001571   Thumb Code   890  stm32f0xx_hal_rcc.o(i.HAL_RCC_OscConfig)
    HAL_SYSTICK_Config                       0x080018f9   Thumb Code    38  stm32f0xx_hal_cortex.o(i.HAL_SYSTICK_Config)
    HAL_UARTEx_RxEventCallback               0x08001929   Thumb Code     2  stm32f0xx_hal_uart.o(i.HAL_UARTEx_RxEventCallback)
    HAL_UART_ErrorCallback                   0x0800192b   Thumb Code     2  stm32f0xx_hal_uart.o(i.HAL_UART_ErrorCallback)
    HAL_UART_IRQHandler                      0x0800192d   Thumb Code   640  stm32f0xx_hal_uart.o(i.HAL_UART_IRQHandler)
    HAL_UART_Init                            0x08001bb9   Thumb Code   106  stm32f0xx_hal_uart.o(i.HAL_UART_Init)
    HAL_UART_MspInit                         0x08001c25   Thumb Code   118  stm32f0xx_hal_msp.o(i.HAL_UART_MspInit)
    HAL_UART_Receive_IT                      0x08001cad   Thumb Code   100  stm32f0xx_hal_uart.o(i.HAL_UART_Receive_IT)
    HAL_UART_RxCpltCallback                  0x08001d11   Thumb Code    44  485.o(i.HAL_UART_RxCpltCallback)
    HAL_UART_Transmit                        0x08001d45   Thumb Code   210  stm32f0xx_hal_uart.o(i.HAL_UART_Transmit)
    HAL_UART_TxCpltCallback                  0x08001e17   Thumb Code     2  stm32f0xx_hal_uart.o(i.HAL_UART_TxCpltCallback)
    HardFault_Handler                        0x08001e19   Thumb Code     2  stm32f0xx_it.o(i.HardFault_Handler)
    Init485                                  0x08001e1d   Thumb Code   122  485.o(i.Init485)
    InitPWMCoef                              0x08001ec1   Thumb Code   108  pwm.o(i.InitPWMCoef)
    LogTo485                                 0x08001f85   Thumb Code     8  485.o(i.LogTo485)
    Make485Data                              0x08001fc5   Thumb Code    40  485.o(i.Make485Data)
    Motor_GetStatus                          0x08001ff1   Thumb Code   172  motor.o(i.Motor_GetStatus)
    Motor_Init                               0x08002111   Thumb Code   300  motor.o(i.Motor_Init)
    MyList_AddNodePureData                   0x08002261   Thumb Code    68  mylist.o(i.MyList_AddNodePureData)
    MyList_Create                            0x080022a5   Thumb Code    16  mylist.o(i.MyList_Create)
    MyList_DeleteNode                        0x080022b5   Thumb Code    28  mylist.o(i.MyList_DeleteNode)
    MyList_DeleteNodeAt                      0x080022d1   Thumb Code    84  mylist.o(i.MyList_DeleteNodeAt)
    MyList_GetNode                           0x08002325   Thumb Code     8  mylist.o(i.MyList_GetNode)
    MyList_IndexOf                           0x0800232d   Thumb Code    36  mylist.o(i.MyList_IndexOf)
    MyQue_AddByte                            0x08002351   Thumb Code    46  myque.o(i.MyQue_AddByte)
    MyQue_DataAt                             0x0800237f   Thumb Code    44  myque.o(i.MyQue_DataAt)
    MyQue_Init                               0x080023ab   Thumb Code    38  myque.o(i.MyQue_Init)
    MyQue_IsEmpty                            0x080023d1   Thumb Code    16  myque.o(i.MyQue_IsEmpty)
    MyQue_IsFull                             0x080023e1   Thumb Code    28  myque.o(i.MyQue_IsFull)
    MyQue_Remove                             0x080023fd   Thumb Code    82  myque.o(i.MyQue_Remove)
    MyQue_Size                               0x0800244f   Thumb Code    22  myque.o(i.MyQue_Size)
    MyQue_TryGet                             0x08002465   Thumb Code    72  myque.o(i.MyQue_TryGet)
    NMI_Handler                              0x080024ad   Thumb Code     2  stm32f0xx_it.o(i.NMI_Handler)
    PRINTF                                   0x080024b1   Thumb Code    42  port_sys.o(i.PRINTF)
    PWM_Init                                 0x080024e1   Thumb Code   164  pwm.o(i.PWM_Init)
    PWM_Tick                                 0x08002595   Thumb Code    56  pwm.o(i.PWM_Tick)
    PendSV_Handler                           0x080025d5   Thumb Code     2  stm32f0xx_it.o(i.PendSV_Handler)
    Register485Callback                      0x080025d9   Thumb Code    38  485.o(i.Register485Callback)
    SVC_Handler                              0x08002691   Thumb Code     2  stm32f0xx_it.o(i.SVC_Handler)
    Send485                                  0x08002695   Thumb Code    62  485.o(i.Send485)
    SetBackward                              0x080026d9   Thumb Code    48  pwm.o(i.SetBackward)
    SetForward                               0x0800270d   Thumb Code    48  pwm.o(i.SetForward)
    SetPWMStop                               0x08002765   Thumb Code    46  pwm.o(i.SetPWMStop)
    SysTick_Handler                          0x08002973   Thumb Code    16  stm32f0xx_it.o(i.SysTick_Handler)
    SysTick_Init                             0x08002985   Thumb Code    30  systick.o(i.SysTick_Init)
    SystemClock_Config                       0x080029b1   Thumb Code   124  main.o(i.SystemClock_Config)
    SystemInit                               0x08002a2d   Thumb Code     2  system_stm32f0xx.o(i.SystemInit)
    Task_Deal485                             0x08002a31   Thumb Code   198  485.o(i.Task_Deal485)
    TimingDelay_Decrement                    0x08002c99   Thumb Code    36  systick.o(i.TimingDelay_Decrement)
    UART_AdvFeatureConfig                    0x08002cc1   Thumb Code   202  stm32f0xx_hal_uart.o(i.UART_AdvFeatureConfig)
    UART_CheckIdleState                      0x08002d8d   Thumb Code    94  stm32f0xx_hal_uart.o(i.UART_CheckIdleState)
    UART_SetConfig                           0x08002fb5   Thumb Code   268  stm32f0xx_hal_uart.o(i.UART_SetConfig)
    UART_Start_Receive_IT                    0x080030d1   Thumb Code   142  stm32f0xx_hal_uart.o(i.UART_Start_Receive_IT)
    UART_WaitOnFlagUntilTimeout              0x0800316d   Thumb Code   212  stm32f0xx_hal_uart.o(i.UART_WaitOnFlagUntilTimeout)
    USART1_IRQHandler                        0x08003241   Thumb Code    22  stm32f0xx_it.o(i.USART1_IRQHandler)
    __ARM_common_ll_muluu                    0x08003265   Thumb Code    48  stm32f0xx_hal_rcc.o(i.__ARM_common_ll_muluu)
    baudrate_read                            0x080032d9   Thumb Code     6  addr.o(i.baudrate_read)
    main                                     0x080032e1   Thumb Code    62  main.o(i.main)
    AHBPrescTable                            0x08003324   Data          16  system_stm32f0xx.o(.constdata)
    APBPrescTable                            0x08003334   Data           8  system_stm32f0xx.o(.constdata)
    Region$$Table$$Base                      0x0800333c   Number         0  anon$$obj.o(Region$$Table)
    Region$$Table$$Limit                     0x0800335c   Number         0  anon$$obj.o(Region$$Table)
    g_GlobalTimeMilliseconds                 0x20000008   Data           4  systick.o(.data)
    DebugLogBy485                            0x2000000c   Data           1  port_sys.o(.data)
    uwTickFreq                               0x20000010   Data           1  stm32f0xx_hal.o(.data)
    uwTickPrio                               0x20000014   Data           4  stm32f0xx_hal.o(.data)
    uwTick                                   0x20000018   Data           4  stm32f0xx_hal.o(.data)
    SystemCoreClock                          0x2000001c   Data           4  system_stm32f0xx.o(.data)
    PTimerList                               0x20000020   Data           4  gwtask_timer.o(.data)
    aucCRCHi                                 0x20000034   Data         256  utils.o(.data)
    aucCRCLo                                 0x20000134   Data         256  utils.o(.data)
    rcv485BufferLen                          0x20000238   Data           1  485.o(.data)
    localSubAddr                             0x20000239   Data           1  485.o(.data)
    rcv485DataBuffer                         0x2000023a   Data           1  485.o(.data)
    pwmInfos                                 0x2000024c   Data         104  pwm.o(.bss)
    motorInfos                               0x200002b4   Data          48  motor.o(.bss)
    huart1                                   0x200002e4   Data         132  485.o(.bss)
    __libspace_start                         0x20000368   Data          96  libspace.o(.bss)
    __temporary_stack_top$libspace           0x200003c8   Data           0  libspace.o(.bss)



==============================================================================

Memory Map of the image

  Image Entry point : 0x080000b1

  Load Region LR_IROM1 (Base: 0x08000000, Size: 0x000035a8, Max: 0x00008000, ABSOLUTE, COMPRESSED[0x000034a4])

    Execution Region ER_IROM1 (Exec base: 0x08000000, Load base: 0x08000000, Size: 0x0000335c, Max: 0x00008000, ABSOLUTE)

    Exec Addr    Load Addr    Size         Type   Attr      Idx    E Section Name        Object

    0x08000000   0x08000000   0x000000b0   Data   RO            3    RESET               startup_stm32f030x6.o
    0x080000b0   0x080000b0   0x00000008   Code   RO         2983  * !!!main             c_p.l(__main.o)
    0x080000b8   0x080000b8   0x0000003c   Code   RO         3252    !!!scatter          c_p.l(__scatter.o)
    0x080000f4   0x080000f4   0x0000001c   Code   RO         3254    !!handler_zi        c_p.l(__scatter_zi.o)
    0x08000110   0x08000110   0x00000002   Code   RO         2962    .ARM.Collect$$_printf_percent$$00000000  c_p.l(_printf_percent.o)
    0x08000112   0x08000112   0x0000000a   Code   RO         2961    .ARM.Collect$$_printf_percent$$00000009  c_p.l(_printf_d.o)
    0x0800011c   0x0800011c   0x0000000a   Code   RO         2960    .ARM.Collect$$_printf_percent$$00000014  c_p.l(_printf_s.o)
    0x08000126   0x08000126   0x00000004   Code   RO         3047    .ARM.Collect$$_printf_percent$$00000017  c_p.l(_printf_percent_end.o)
    0x0800012a   0x0800012a   0x00000002   Code   RO         3186    .ARM.Collect$$libinit$$00000000  c_p.l(libinit.o)
    0x0800012c   0x0800012c   0x00000000   Code   RO         3055    .ARM.Collect$$libinit$$00000002  c_p.l(libinit2.o)
    0x0800012c   0x0800012c   0x00000000   Code   RO         3057    .ARM.Collect$$libinit$$00000004  c_p.l(libinit2.o)
    0x0800012c   0x0800012c   0x00000008   Code   RO         3058    .ARM.Collect$$libinit$$00000005  c_p.l(libinit2.o)
    0x08000134   0x08000134   0x00000000   Code   RO         3060    .ARM.Collect$$libinit$$0000000A  c_p.l(libinit2.o)
    0x08000134   0x08000134   0x00000000   Code   RO         3062    .ARM.Collect$$libinit$$0000000C  c_p.l(libinit2.o)
    0x08000134   0x08000134   0x00000000   Code   RO         3064    .ARM.Collect$$libinit$$0000000E  c_p.l(libinit2.o)
    0x08000134   0x08000134   0x00000000   Code   RO         3067    .ARM.Collect$$libinit$$00000011  c_p.l(libinit2.o)
    0x08000134   0x08000134   0x00000000   Code   RO         3069    .ARM.Collect$$libinit$$00000013  c_p.l(libinit2.o)
    0x08000134   0x08000134   0x00000000   Code   RO         3071    .ARM.Collect$$libinit$$00000015  c_p.l(libinit2.o)
    0x08000134   0x08000134   0x00000000   Code   RO         3073    .ARM.Collect$$libinit$$00000017  c_p.l(libinit2.o)
    0x08000134   0x08000134   0x00000000   Code   RO         3075    .ARM.Collect$$libinit$$00000019  c_p.l(libinit2.o)
    0x08000134   0x08000134   0x00000000   Code   RO         3077    .ARM.Collect$$libinit$$0000001B  c_p.l(libinit2.o)
    0x08000134   0x08000134   0x00000000   Code   RO         3079    .ARM.Collect$$libinit$$0000001D  c_p.l(libinit2.o)
    0x08000134   0x08000134   0x00000000   Code   RO         3081    .ARM.Collect$$libinit$$0000001F  c_p.l(libinit2.o)
    0x08000134   0x08000134   0x00000000   Code   RO         3083    .ARM.Collect$$libinit$$00000021  c_p.l(libinit2.o)
    0x08000134   0x08000134   0x00000000   Code   RO         3085    .ARM.Collect$$libinit$$00000023  c_p.l(libinit2.o)
    0x08000134   0x08000134   0x00000000   Code   RO         3087    .ARM.Collect$$libinit$$00000025  c_p.l(libinit2.o)
    0x08000134   0x08000134   0x00000000   Code   RO         3091    .ARM.Collect$$libinit$$0000002C  c_p.l(libinit2.o)
    0x08000134   0x08000134   0x00000000   Code   RO         3093    .ARM.Collect$$libinit$$0000002E  c_p.l(libinit2.o)
    0x08000134   0x08000134   0x00000000   Code   RO         3095    .ARM.Collect$$libinit$$00000030  c_p.l(libinit2.o)
    0x08000134   0x08000134   0x00000000   Code   RO         3097    .ARM.Collect$$libinit$$00000032  c_p.l(libinit2.o)
    0x08000134   0x08000134   0x00000002   Code   RO         3098    .ARM.Collect$$libinit$$00000033  c_p.l(libinit2.o)
    0x08000136   0x08000136   0x00000002   Code   RO         3247    .ARM.Collect$$libshutdown$$00000000  c_p.l(libshutdown.o)
    0x08000138   0x08000138   0x00000000   Code   RO         3205    .ARM.Collect$$libshutdown$$00000002  c_p.l(libshutdown2.o)
    0x08000138   0x08000138   0x00000000   Code   RO         3207    .ARM.Collect$$libshutdown$$00000004  c_p.l(libshutdown2.o)
    0x08000138   0x08000138   0x00000000   Code   RO         3210    .ARM.Collect$$libshutdown$$00000007  c_p.l(libshutdown2.o)
    0x08000138   0x08000138   0x00000000   Code   RO         3213    .ARM.Collect$$libshutdown$$0000000A  c_p.l(libshutdown2.o)
    0x08000138   0x08000138   0x00000000   Code   RO         3215    .ARM.Collect$$libshutdown$$0000000C  c_p.l(libshutdown2.o)
    0x08000138   0x08000138   0x00000000   Code   RO         3218    .ARM.Collect$$libshutdown$$0000000F  c_p.l(libshutdown2.o)
    0x08000138   0x08000138   0x00000002   Code   RO         3219    .ARM.Collect$$libshutdown$$00000010  c_p.l(libshutdown2.o)
    0x0800013a   0x0800013a   0x00000000   Code   RO         2998    .ARM.Collect$$rtentry$$00000000  c_p.l(__rtentry.o)
    0x0800013a   0x0800013a   0x00000000   Code   RO         3106    .ARM.Collect$$rtentry$$00000002  c_p.l(__rtentry2.o)
    0x0800013a   0x0800013a   0x00000006   Code   RO         3118    .ARM.Collect$$rtentry$$00000004  c_p.l(__rtentry4.o)
    0x08000140   0x08000140   0x00000000   Code   RO         3108    .ARM.Collect$$rtentry$$00000009  c_p.l(__rtentry2.o)
    0x08000140   0x08000140   0x00000004   Code   RO         3109    .ARM.Collect$$rtentry$$0000000A  c_p.l(__rtentry2.o)
    0x08000144   0x08000144   0x00000000   Code   RO         3111    .ARM.Collect$$rtentry$$0000000C  c_p.l(__rtentry2.o)
    0x08000144   0x08000144   0x00000008   Code   RO         3112    .ARM.Collect$$rtentry$$0000000D  c_p.l(__rtentry2.o)
    0x0800014c   0x0800014c   0x00000002   Code   RO         3190    .ARM.Collect$$rtexit$$00000000  c_p.l(rtexit.o)
    0x0800014e   0x0800014e   0x00000000   Code   RO         3223    .ARM.Collect$$rtexit$$00000002  c_p.l(rtexit2.o)
    0x0800014e   0x0800014e   0x00000004   Code   RO         3224    .ARM.Collect$$rtexit$$00000003  c_p.l(rtexit2.o)
    0x08000152   0x08000152   0x00000006   Code   RO         3225    .ARM.Collect$$rtexit$$00000004  c_p.l(rtexit2.o)
    0x08000158   0x08000158   0x00000038   Code   RO         2971    .emb_text           c_p.l(rt_memcpy.o)
    0x08000190   0x08000190   0x00000000   Code   RO         3126    .emb_text           c_p.l(maybetermalloc1.o)
    0x08000190   0x08000190   0x00000038   Code   RO            4    .text               startup_stm32f030x6.o
    0x080001c8   0x080001c8   0x00000062   Code   RO         2860    .text               c_p.l(h1_alloc.o)
    0x0800022a   0x0800022a   0x0000004c   Code   RO         2862    .text               c_p.l(h1_free.o)
    0x08000276   0x08000276   0x000000b2   Code   RO         2864    .text               c_p.l(h1_realloc.o)
    0x08000328   0x08000328   0x00000102   Code   RO         2924    .text               c_p.l(lludiv.o)
    0x0800042a   0x0800042a   0x00000002   PAD
    0x0800042c   0x0800042c   0x00000028   Code   RO         2930    .text               c_p.l(noretval__2sprintf.o)
    0x08000454   0x08000454   0x00000038   Code   RO         2932    .text               c_p.l(noretval__2snprintf.o)
    0x0800048c   0x0800048c   0x0000006c   Code   RO         2934    .text               c_p.l(__printf.o)
    0x080004f8   0x080004f8   0x00000052   Code   RO         2936    .text               c_p.l(_printf_str.o)
    0x0800054a   0x0800054a   0x00000002   PAD
    0x0800054c   0x0800054c   0x0000006c   Code   RO         2938    .text               c_p.l(_printf_dec.o)
    0x080005b8   0x080005b8   0x00000044   Code   RO         2965    .text               c_p.l(strlen.o)
    0x080005fc   0x080005fc   0x00000082   Code   RO         2972    .text               c_p.l(rt_memcpy.o)
    0x0800067e   0x0800067e   0x00000040   Code   RO         2975    .text               c_p.l(rt_memclr.o)
    0x080006be   0x080006be   0x0000015a   Code   RO         2977    .text               c_p.l(aeabi_sdiv.o)
    0x08000818   0x08000818   0x00000006   Code   RO         2981    .text               c_p.l(heapauxi.o)
    0x0800081e   0x0800081e   0x00000002   PAD
    0x08000820   0x08000820   0x00000008   Code   RO         3010    .text               c_p.l(rt_heap_descriptor_intlibspace.o)
    0x08000828   0x08000828   0x00000004   Code   RO         3017    .text               c_p.l(hguard.o)
    0x0800082c   0x0800082c   0x00000088   Code   RO         3019    .text               c_p.l(init_alloc.o)
    0x080008b4   0x080008b4   0x0000000e   Code   RO         3023    .text               c_p.l(h1_init.o)
    0x080008c2   0x080008c2   0x000000b0   Code   RO         3037    .text               c_p.l(_printf_intcommon.o)
    0x08000972   0x08000972   0x00000002   PAD
    0x08000974   0x08000974   0x00000030   Code   RO         3039    .text               c_p.l(_printf_char_common.o)
    0x080009a4   0x080009a4   0x0000000a   Code   RO         3041    .text               c_p.l(_sputc.o)
    0x080009ae   0x080009ae   0x00000010   Code   RO         3043    .text               c_p.l(_snputc.o)
    0x080009be   0x080009be   0x0000002e   Code   RO         3045    .text               c_p.l(_printf_char.o)
    0x080009ec   0x080009ec   0x00000028   Code   RO         3050    .text               c_p.l(rtudiv10.o)
    0x08000a14   0x08000a14   0x00000008   Code   RO         3102    .text               c_p.l(libspace.o)
    0x08000a1c   0x08000a1c   0x00000034   Code   RO         3128    .text               c_p.l(h1_extend.o)
    0x08000a50   0x08000a50   0x0000000c   Code   RO         3136    .text               c_p.l(defsig_rtmem_outer.o)
    0x08000a5c   0x08000a5c   0x00000002   Code   RO         3147    .text               c_p.l(use_no_semi.o)
    0x08000a5e   0x08000a5e   0x00000000   Code   RO         3149    .text               c_p.l(indicate_semi.o)
    0x08000a5e   0x08000a5e   0x0000003e   Code   RO         3150    .text               c_p.l(sys_stackheap_outer.o)
    0x08000a9c   0x08000a9c   0x00000010   Code   RO         3167    .text               c_p.l(exit.o)
    0x08000aac   0x08000aac   0x0000000c   Code   RO         3169    .text               c_p.l(defsig_exit.o)
    0x08000ab8   0x08000ab8   0x00000050   Code   RO         3175    .text               c_p.l(defsig_rtmem_inner.o)
    0x08000b08   0x08000b08   0x0000000c   Code   RO         3187    .text               c_p.l(sys_exit.o)
    0x08000b14   0x08000b14   0x00000034   Code   RO         3198    .text               c_p.l(defsig_general.o)
    0x08000b48   0x08000b48   0x0000000c   Code   RO         3220    .text               c_p.l(sys_wrch.o)
    0x08000b54   0x08000b54   0x00000056   Code   RO         3250    .text               c_p.l(__dczerorl2.o)
    0x08000baa   0x08000baa   0x00000002   Code   RO         2730    i.Addr_Init         addr.o
    0x08000bac   0x08000bac   0x00000004   Code   RO         2731    i.Addr_Read         addr.o
    0x08000bb0   0x08000bb0   0x0000002c   Code   RO         2497    i.CalcPWMValue      pwm.o
    0x08000bdc   0x08000bdc   0x00000044   Code   RO         2581    i.Callback_QueryMotor  motor.o
    0x08000c20   0x08000c20   0x00000080   Code   RO         2582    i.Callback_StartMotor  motor.o
    0x08000ca0   0x08000ca0   0x00000048   Code   RO         2583    i.Callback_StopMotor  motor.o
    0x08000ce8   0x08000ce8   0x0000002a   Code   RO         2584    i.CheckLimitState   motor.o
    0x08000d12   0x08000d12   0x0000000a   Code   RO         2585    i.ClearLimitStateNums  motor.o
    0x08000d1c   0x08000d1c   0x0000007c   Code   RO          305    i.ConvertRadixNumToString  port_sys.o
    0x08000d98   0x08000d98   0x00000044   Code   RO         2498    i.DealOnePWM        pwm.o
    0x08000ddc   0x08000ddc   0x00000068   Code   RO         2499    i.DealWatchMotorPWM  pwm.o
    0x08000e44   0x08000e44   0x0000000c   Code   RO         2586    i.DelaySet1StoppedStatus  motor.o
    0x08000e50   0x08000e50   0x0000000c   Code   RO         2587    i.DelaySet2StoppedStatus  motor.o
    0x08000e5c   0x08000e5c   0x0000000e   Code   RO          264    i.Delay_ms          systick.o
    0x08000e6a   0x08000e6a   0x00000002   PAD
    0x08000e6c   0x08000e6c   0x00000014   Code   RO          265    i.Delay_us          systick.o
    0x08000e80   0x08000e80   0x00000028   Code   RO          306    i.Error_Handler     port_sys.o
    0x08000ea8   0x08000ea8   0x00000068   Code   RO         2069    i.GWTaskTimer_Deal  gwtask_timer.o
    0x08000f10   0x08000f10   0x00000010   Code   RO         2070    i.GWTaskTimer_Init  gwtask_timer.o
    0x08000f20   0x08000f20   0x00000044   Code   RO         2071    i.GWTaskTimer_SetAttachTimer  gwtask_timer.o
    0x08000f64   0x08000f64   0x00000044   Code   RO         2072    i.GWTaskTimer_SetTimer  gwtask_timer.o
    0x08000fa8   0x08000fa8   0x0000002c   Code   RO         2127    i.GetQuickCRC16     utils.o
    0x08000fd4   0x08000fd4   0x00000040   Code   RO          713    i.HAL_DMA_Abort     stm32f0xx_hal_dma.o
    0x08001014   0x08001014   0x00000048   Code   RO          714    i.HAL_DMA_Abort_IT  stm32f0xx_hal_dma.o
    0x0800105c   0x0800105c   0x000001a4   Code   RO          652    i.HAL_GPIO_Init     stm32f0xx_hal_gpio.o
    0x08001200   0x08001200   0x0000000a   Code   RO          654    i.HAL_GPIO_ReadPin  stm32f0xx_hal_gpio.o
    0x0800120a   0x0800120a   0x0000000c   Code   RO          656    i.HAL_GPIO_WritePin  stm32f0xx_hal_gpio.o
    0x08001216   0x08001216   0x00000002   PAD
    0x08001218   0x08001218   0x0000000c   Code   RO          500    i.HAL_GetTick       stm32f0xx_hal.o
    0x08001224   0x08001224   0x00000010   Code   RO          506    i.HAL_IncTick       stm32f0xx_hal.o
    0x08001234   0x08001234   0x00000020   Code   RO          507    i.HAL_Init          stm32f0xx_hal.o
    0x08001254   0x08001254   0x00000044   Code   RO          508    i.HAL_InitTick      stm32f0xx_hal.o
    0x08001298   0x08001298   0x00000028   Code   RO          232    i.HAL_MspInit       stm32f0xx_hal_msp.o
    0x080012c0   0x080012c0   0x00000018   Code   RO          811    i.HAL_NVIC_EnableIRQ  stm32f0xx_hal_cortex.o
    0x080012d8   0x080012d8   0x00000008   Code   RO          815    i.HAL_NVIC_SetPriority  stm32f0xx_hal_cortex.o
    0x080012e0   0x080012e0   0x000000e8   Code   RO          461    i.HAL_RCCEx_PeriphCLKConfig  stm32f0xx_hal_rcc_ex.o
    0x080013c8   0x080013c8   0x00000108   Code   RO          366    i.HAL_RCC_ClockConfig  stm32f0xx_hal_rcc.o
    0x080014d0   0x080014d0   0x00000020   Code   RO          373    i.HAL_RCC_GetPCLK1Freq  stm32f0xx_hal_rcc.o
    0x080014f0   0x080014f0   0x00000080   Code   RO          374    i.HAL_RCC_GetSysClockFreq  stm32f0xx_hal_rcc.o
    0x08001570   0x08001570   0x00000388   Code   RO          377    i.HAL_RCC_OscConfig  stm32f0xx_hal_rcc.o
    0x080018f8   0x080018f8   0x00000030   Code   RO          819    i.HAL_SYSTICK_Config  stm32f0xx_hal_cortex.o
    0x08001928   0x08001928   0x00000002   Code   RO         1276    i.HAL_UARTEx_RxEventCallback  stm32f0xx_hal_uart.o
    0x0800192a   0x0800192a   0x00000002   Code   RO         1292    i.HAL_UART_ErrorCallback  stm32f0xx_hal_uart.o
    0x0800192c   0x0800192c   0x0000028c   Code   RO         1295    i.HAL_UART_IRQHandler  stm32f0xx_hal_uart.o
    0x08001bb8   0x08001bb8   0x0000006a   Code   RO         1296    i.HAL_UART_Init     stm32f0xx_hal_uart.o
    0x08001c22   0x08001c22   0x00000002   PAD
    0x08001c24   0x08001c24   0x00000088   Code   RO          234    i.HAL_UART_MspInit  stm32f0xx_hal_msp.o
    0x08001cac   0x08001cac   0x00000064   Code   RO         1301    i.HAL_UART_Receive_IT  stm32f0xx_hal_uart.o
    0x08001d10   0x08001d10   0x00000034   Code   RO         2763    i.HAL_UART_RxCpltCallback  485.o
    0x08001d44   0x08001d44   0x000000d2   Code   RO         1305    i.HAL_UART_Transmit  stm32f0xx_hal_uart.o
    0x08001e16   0x08001e16   0x00000002   Code   RO         1308    i.HAL_UART_TxCpltCallback  stm32f0xx_hal_uart.o
    0x08001e18   0x08001e18   0x00000002   Code   RO          178    i.HardFault_Handler  stm32f0xx_it.o
    0x08001e1a   0x08001e1a   0x00000002   PAD
    0x08001e1c   0x08001e1c   0x000000a4   Code   RO         2764    i.Init485           485.o
    0x08001ec0   0x08001ec0   0x00000074   Code   RO         2500    i.InitPWMCoef       pwm.o
    0x08001f34   0x08001f34   0x00000012   Code   RO          307    i.InterAct_OutputDebug  port_sys.o
    0x08001f46   0x08001f46   0x0000003e   Code   RO          308    i.InterAct_RelocateLog  port_sys.o
    0x08001f84   0x08001f84   0x00000008   Code   RO         2765    i.LogTo485          485.o
    0x08001f8c   0x08001f8c   0x00000038   Code   RO         2766    i.MX_USART1_UART_Init  485.o
    0x08001fc4   0x08001fc4   0x0000002c   Code   RO         2767    i.Make485Data       485.o
    0x08001ff0   0x08001ff0   0x00000120   Code   RO         2588    i.Motor_GetStatus   motor.o
    0x08002110   0x08002110   0x00000150   Code   RO         2589    i.Motor_Init        motor.o
    0x08002260   0x08002260   0x00000044   Code   RO         2272    i.MyList_AddNodePureData  mylist.o
    0x080022a4   0x080022a4   0x00000010   Code   RO         2274    i.MyList_Create     mylist.o
    0x080022b4   0x080022b4   0x0000001c   Code   RO         2275    i.MyList_DeleteNode  mylist.o
    0x080022d0   0x080022d0   0x00000054   Code   RO         2276    i.MyList_DeleteNodeAt  mylist.o
    0x08002324   0x08002324   0x00000008   Code   RO         2278    i.MyList_GetNode    mylist.o
    0x0800232c   0x0800232c   0x00000024   Code   RO         2279    i.MyList_IndexOf    mylist.o
    0x08002350   0x08002350   0x0000002e   Code   RO         2334    i.MyQue_AddByte     myque.o
    0x0800237e   0x0800237e   0x0000002c   Code   RO         2335    i.MyQue_DataAt      myque.o
    0x080023aa   0x080023aa   0x00000026   Code   RO         2338    i.MyQue_Init        myque.o
    0x080023d0   0x080023d0   0x00000010   Code   RO         2406    i.MyQue_IsEmpty     myque.o
    0x080023e0   0x080023e0   0x0000001c   Code   RO         2401    i.MyQue_IsFull      myque.o
    0x080023fc   0x080023fc   0x00000052   Code   RO         2339    i.MyQue_Remove      myque.o
    0x0800244e   0x0800244e   0x00000016   Code   RO         2340    i.MyQue_Size        myque.o
    0x08002464   0x08002464   0x00000048   Code   RO         2341    i.MyQue_TryGet      myque.o
    0x080024ac   0x080024ac   0x00000002   Code   RO          179    i.NMI_Handler       stm32f0xx_it.o
    0x080024ae   0x080024ae   0x00000002   PAD
    0x080024b0   0x080024b0   0x00000030   Code   RO          309    i.PRINTF            port_sys.o
    0x080024e0   0x080024e0   0x000000b4   Code   RO         2501    i.PWM_Init          pwm.o
    0x08002594   0x08002594   0x00000040   Code   RO         2502    i.PWM_Tick          pwm.o
    0x080025d4   0x080025d4   0x00000002   Code   RO          180    i.PendSV_Handler    stm32f0xx_it.o
    0x080025d6   0x080025d6   0x00000002   PAD
    0x080025d8   0x080025d8   0x0000002c   Code   RO         2768    i.Register485Callback  485.o
    0x08002604   0x08002604   0x00000012   Code   RO         2592    i.ReportMotorInfo   motor.o
    0x08002616   0x08002616   0x00000002   PAD
    0x08002618   0x08002618   0x00000078   Code   RO           12    i.ReportRunInfo     main.o
    0x08002690   0x08002690   0x00000002   Code   RO          181    i.SVC_Handler       stm32f0xx_it.o
    0x08002692   0x08002692   0x00000002   PAD
    0x08002694   0x08002694   0x00000044   Code   RO         2769    i.Send485           485.o
    0x080026d8   0x080026d8   0x00000034   Code   RO         2503    i.SetBackward       pwm.o
    0x0800270c   0x0800270c   0x00000034   Code   RO         2504    i.SetForward        pwm.o
    0x08002740   0x08002740   0x00000024   Code   RO         2593    i.SetMotorStop      motor.o
    0x08002764   0x08002764   0x00000038   Code   RO         2505    i.SetPWMStop        pwm.o
    0x0800279c   0x0800279c   0x00000054   Code   RO         2506    i.StartPWMWatch     pwm.o
    0x080027f0   0x080027f0   0x00000182   Code   RO          310    i.StrFormatPrintf   port_sys.o
    0x08002972   0x08002972   0x00000010   Code   RO          182    i.SysTick_Handler   stm32f0xx_it.o
    0x08002982   0x08002982   0x00000002   PAD
    0x08002984   0x08002984   0x0000002c   Code   RO          266    i.SysTick_Init      systick.o
    0x080029b0   0x080029b0   0x0000007c   Code   RO           13    i.SystemClock_Config  main.o
    0x08002a2c   0x08002a2c   0x00000002   Code   RO         2036    i.SystemInit        system_stm32f0xx.o
    0x08002a2e   0x08002a2e   0x00000002   PAD
    0x08002a30   0x08002a30   0x000000d4   Code   RO         2770    i.Task_Deal485      485.o
    0x08002b04   0x08002b04   0x0000016c   Code   RO         2594    i.Timer_DealLimit   motor.o
    0x08002c70   0x08002c70   0x0000000a   Code   RO         2595    i.Timer_DealLimit1  motor.o
    0x08002c7a   0x08002c7a   0x0000000a   Code   RO         2596    i.Timer_DealLimit2  motor.o
    0x08002c84   0x08002c84   0x0000000a   Code   RO         2507    i.Timer_WatchMotor1PWM  pwm.o
    0x08002c8e   0x08002c8e   0x0000000a   Code   RO         2508    i.Timer_WatchMotor2PWM  pwm.o
    0x08002c98   0x08002c98   0x00000028   Code   RO          267    i.TimingDelay_Decrement  systick.o
    0x08002cc0   0x08002cc0   0x000000ca   Code   RO         1310    i.UART_AdvFeatureConfig  stm32f0xx_hal_uart.o
    0x08002d8a   0x08002d8a   0x00000002   PAD
    0x08002d8c   0x08002d8c   0x00000064   Code   RO         1311    i.UART_CheckIdleState  stm32f0xx_hal_uart.o
    0x08002df0   0x08002df0   0x00000014   Code   RO         1312    i.UART_DMAAbortOnError  stm32f0xx_hal_uart.o
    0x08002e04   0x08002e04   0x0000005e   Code   RO         1322    i.UART_EndRxTransfer  stm32f0xx_hal_uart.o
    0x08002e62   0x08002e62   0x000000a8   Code   RO         1324    i.UART_RxISR_16BIT  stm32f0xx_hal_uart.o
    0x08002f0a   0x08002f0a   0x000000a8   Code   RO         1325    i.UART_RxISR_8BIT   stm32f0xx_hal_uart.o
    0x08002fb2   0x08002fb2   0x00000002   PAD
    0x08002fb4   0x08002fb4   0x0000011c   Code   RO         1326    i.UART_SetConfig    stm32f0xx_hal_uart.o
    0x080030d0   0x080030d0   0x0000009c   Code   RO         1328    i.UART_Start_Receive_IT  stm32f0xx_hal_uart.o
    0x0800316c   0x0800316c   0x000000d4   Code   RO         1331    i.UART_WaitOnFlagUntilTimeout  stm32f0xx_hal_uart.o
    0x08003240   0x08003240   0x00000024   Code   RO          183    i.USART1_IRQHandler  stm32f0xx_it.o
    0x08003264   0x08003264   0x00000030   Code   RO          451    i.__ARM_common_ll_muluu  stm32f0xx_hal_rcc.o
    0x08003294   0x08003294   0x00000044   Code   RO          821    i.__NVIC_SetPriority  stm32f0xx_hal_cortex.o
    0x080032d8   0x080032d8   0x00000006   Code   RO         2732    i.baudrate_read     addr.o
    0x080032de   0x080032de   0x00000002   PAD
    0x080032e0   0x080032e0   0x00000044   Code   RO           14    i.main              main.o
    0x08003324   0x08003324   0x00000010   Data   RO         2037    .constdata          system_stm32f0xx.o
    0x08003334   0x08003334   0x00000008   Data   RO         2038    .constdata          system_stm32f0xx.o
    0x0800333c   0x0800333c   0x00000020   Data   RO         3248    Region$$Table       anon$$obj.o


    Execution Region RW_IRAM1 (Exec base: 0x20000000, Load base: 0x0800335c, Size: 0x000009c8, Max: 0x00001000, ABSOLUTE, COMPRESSED[0x00000148])

    Exec Addr    Load Addr    Size         Type   Attr      Idx    E Section Name        Object

    0x20000000   COMPRESSED   0x0000000c   Data   RW          268    .data               systick.o
    0x2000000c   COMPRESSED   0x00000001   Data   RW          311    .data               port_sys.o
    0x2000000d   COMPRESSED   0x00000003   PAD
    0x20000010   COMPRESSED   0x0000000c   Data   RW          514    .data               stm32f0xx_hal.o
    0x2000001c   COMPRESSED   0x00000004   Data   RW         2039    .data               system_stm32f0xx.o
    0x20000020   COMPRESSED   0x00000004   Data   RW         2073    .data               gwtask_timer.o
    0x20000024   COMPRESSED   0x00000210   Data   RW         2137    .data               utils.o
    0x20000234   COMPRESSED   0x00000001   Data   RW         2510    .data               pwm.o
    0x20000235   COMPRESSED   0x00000003   PAD
    0x20000238   COMPRESSED   0x00000014   Data   RW         2772    .data               485.o
    0x2000024c        -       0x00000068   Zero   RW         2509    .bss                pwm.o
    0x200002b4        -       0x00000030   Zero   RW         2597    .bss                motor.o
    0x200002e4        -       0x00000084   Zero   RW         2771    .bss                485.o
    0x20000368        -       0x00000060   Zero   RW         3103    .bss                c_p.l(libspace.o)
    0x200003c8        -       0x00000200   Zero   RW            2    HEAP                startup_stm32f030x6.o
    0x200005c8        -       0x00000400   Zero   RW            1    STACK               startup_stm32f030x6.o


==============================================================================

Image component sizes


      Code (inc. data)   RO Data    RW Data    ZI Data      Debug   Object Name

       648         88          0         20        132       6373   485.o
        12          0          0          0          0       1144   addr.o
       256         34          0          4          0       3730   gwtask_timer.o
       312         46          0          0          0     238472   main.o
      1406        290          0          0         48       7948   motor.o
       240          0          0          0          0       3815   mylist.o
       348          0          0          0          0       6094   myque.o
       678         30          0          1          0       6377   port_sys.o
       840        128          0          1        104       6515   pwm.o
        56         26        176          0       1536        600   startup_stm32f030x6.o
       128         26          0         12          0       6969   stm32f0xx_hal.o
       148         24          0          0          0      10129   stm32f0xx_hal_cortex.o
       136          0          0          0          0       1631   stm32f0xx_hal_dma.o
       442         24          0          0          0       2603   stm32f0xx_hal_gpio.o
       176         24          0          0          0       1433   stm32f0xx_hal_msp.o
      1376         92          0          0          0       4461   stm32f0xx_hal_rcc.o
       232         14          0          0          0       1288   stm32f0xx_hal_rcc_ex.o
      2478         48          0          0          0      19781   stm32f0xx_hal_uart.o
        60         14          0          0          0       2387   stm32f0xx_it.o
         2          0         24          4          0       1003   system_stm32f0xx.o
       118         22          0         12          0       2200   systick.o
        44          6          0        528          0       1300   utils.o

    ----------------------------------------------------------------------
     10162        936        232        588       1820     336253   Object Totals
         0          0         32          0          0          0   (incl. Generated)
        26          0          0          6          0          0   (incl. Padding)

    ----------------------------------------------------------------------

      Code (inc. data)   RO Data    RW Data    ZI Data      Debug   Library Member Name

        86          0          0          0          0          0   __dczerorl2.o
         8          0          0          0          0         68   __main.o
       108          0          0          0          0         76   __printf.o
         0          0          0          0          0          0   __rtentry.o
        12          0          0          0          0          0   __rtentry2.o
         6          0          0          0          0          0   __rtentry4.o
        60          8          0          0          0          0   __scatter.o
        28          0          0          0          0          0   __scatter_zi.o
        46          0          0          0          0        100   _printf_char.o
        48          6          0          0          0         88   _printf_char_common.o
        10          0          0          0          0          0   _printf_d.o
       108         18          0          0          0         76   _printf_dec.o
       176          0          0          0          0         84   _printf_intcommon.o
         2          0          0          0          0          0   _printf_percent.o
         4          0          0          0          0          0   _printf_percent_end.o
        10          0          0          0          0          0   _printf_s.o
        82          0          0          0          0         72   _printf_str.o
        16          0          0          0          0         60   _snputc.o
        10          0          0          0          0         60   _sputc.o
       346          0          0          0          0         92   aeabi_sdiv.o
        12          0          0          0          0         68   defsig_exit.o
        52          0          0          0          0         72   defsig_general.o
        80         58          0          0          0         68   defsig_rtmem_inner.o
        12          0          0          0          0         68   defsig_rtmem_outer.o
        16          0          0          0          0         68   exit.o
        98          0          0          0          0         72   h1_alloc.o
        52          0          0          0          0         68   h1_extend.o
        76          0          0          0          0         72   h1_free.o
        14          0          0          0          0         76   h1_init.o
       178          0          0          0          0         72   h1_realloc.o
         6          0          0          0          0        136   heapauxi.o
         4          0          0          0          0        120   hguard.o
         0          0          0          0          0          0   indicate_semi.o
       136          0          0          0          0        160   init_alloc.o
         2          0          0          0          0          0   libinit.o
        10          0          0          0          0          0   libinit2.o
         2          0          0          0          0          0   libshutdown.o
         2          0          0          0          0          0   libshutdown2.o
         8          4          0          0         96         68   libspace.o
       258          0          0          0          0         88   lludiv.o
         0          0          0          0          0          0   maybetermalloc1.o
        56          6          0          0          0         84   noretval__2snprintf.o
        40          4          0          0          0         84   noretval__2sprintf.o
         8          4          0          0          0         68   rt_heap_descriptor_intlibspace.o
        64          0          0          0          0        108   rt_memclr.o
       186          0          0          0          0        144   rt_memcpy.o
         2          0          0          0          0          0   rtexit.o
        10          0          0          0          0          0   rtexit2.o
        40          0          0          0          0         60   rtudiv10.o
        68          6          0          0          0         72   strlen.o
        12          4          0          0          0         60   sys_exit.o
        62          0          0          0          0         80   sys_stackheap_outer.o
        12          0          0          0          0         68   sys_wrch.o
         2          0          0          0          0         68   use_no_semi.o

    ----------------------------------------------------------------------
      2754        118          0          0         96       2948   Library Totals
         8          0          0          0          0          0   (incl. Padding)

    ----------------------------------------------------------------------

      Code (inc. data)   RO Data    RW Data    ZI Data      Debug   Library Name

      2746        118          0          0         96       2948   c_p.l

    ----------------------------------------------------------------------
      2754        118          0          0         96       2948   Library Totals

    ----------------------------------------------------------------------

==============================================================================


      Code (inc. data)   RO Data    RW Data    ZI Data      Debug   

     12916       1054        232        588       1916     333017   Grand Totals
     12916       1054        232        328       1916     333017   ELF Image Totals (compressed)
     12916       1054        232        328          0          0   ROM Totals

==============================================================================

    Total RO  Size (Code + RO Data)                13148 (  12.84kB)
    Total RW  Size (RW Data + ZI Data)              2504 (   2.45kB)
    Total ROM Size (Code + RO Data + RW Data)      13476 (  13.16kB)

==============================================================================

