Component: ARM Compiler 5.06 update 6 (build 750) Tool: armlink [4d35ed]

==============================================================================

Section Cross References

    startup_stm32f030x6.o(STACK) refers (Special) to heapauxi.o(.text) for __use_two_region_memory
    startup_stm32f030x6.o(HEAP) refers (Special) to heapauxi.o(.text) for __use_two_region_memory
    startup_stm32f030x6.o(RESET) refers (Special) to heapauxi.o(.text) for __use_two_region_memory
    startup_stm32f030x6.o(RESET) refers to startup_stm32f030x6.o(STACK) for __initial_sp
    startup_stm32f030x6.o(RESET) refers to startup_stm32f030x6.o(.text) for Reset_Handler
    startup_stm32f030x6.o(RESET) refers to stm32f0xx_it.o(i.NMI_Handler) for NMI_Handler
    startup_stm32f030x6.o(RESET) refers to stm32f0xx_it.o(i.HardFault_Handler) for HardFault_Handler
    startup_stm32f030x6.o(RESET) refers to stm32f0xx_it.o(i.SVC_Handler) for SVC_Handler
    startup_stm32f030x6.o(RESET) refers to stm32f0xx_it.o(i.PendSV_Handler) for PendSV_Handler
    startup_stm32f030x6.o(RESET) refers to stm32f0xx_it.o(i.SysTick_Handler) for SysTick_Handler
    startup_stm32f030x6.o(RESET) refers to stm32f0xx_it.o(i.USART1_IRQHandler) for USART1_IRQHandler
    startup_stm32f030x6.o(.text) refers (Special) to heapauxi.o(.text) for __use_two_region_memory
    startup_stm32f030x6.o(.text) refers to system_stm32f0xx.o(i.SystemInit) for SystemInit
    startup_stm32f030x6.o(.text) refers to __main.o(!!!main) for __main
    startup_stm32f030x6.o(.text) refers to startup_stm32f030x6.o(HEAP) for Heap_Mem
    startup_stm32f030x6.o(.text) refers to startup_stm32f030x6.o(STACK) for Stack_Mem
    main.o(.rev16_text) refers (Special) to port_sys.o(.data) for DebugLogBy485
    main.o(.revsh_text) refers (Special) to port_sys.o(.data) for DebugLogBy485
    main.o(i.ReportRunInfo) refers (Special) to port_sys.o(.data) for DebugLogBy485
    main.o(i.SystemClock_Config) refers (Special) to port_sys.o(.data) for DebugLogBy485
    main.o(i.SystemClock_Config) refers to rt_memclr.o(.text) for __aeabi_memclr4
    main.o(i.SystemClock_Config) refers to stm32f0xx_hal_rcc.o(i.HAL_RCC_OscConfig) for HAL_RCC_OscConfig
    main.o(i.SystemClock_Config) refers to port_sys.o(i.Error_Handler) for Error_Handler
    main.o(i.SystemClock_Config) refers to stm32f0xx_hal_rcc.o(i.HAL_RCC_ClockConfig) for HAL_RCC_ClockConfig
    main.o(i.SystemClock_Config) refers to stm32f0xx_hal_rcc_ex.o(i.HAL_RCCEx_PeriphCLKConfig) for HAL_RCCEx_PeriphCLKConfig
    main.o(i.main) refers (Special) to port_sys.o(.data) for DebugLogBy485
    main.o(i.main) refers to stm32f0xx_hal.o(i.HAL_Init) for HAL_Init
    main.o(i.main) refers to main.o(i.SystemClock_Config) for SystemClock_Config
    main.o(i.main) refers to systick.o(i.SysTick_Init) for SysTick_Init
    main.o(i.main) refers to gwtask_timer.o(i.GWTaskTimer_Init) for GWTaskTimer_Init
    main.o(i.main) refers to addr.o(i.Addr_Init) for Addr_Init
    main.o(i.main) refers to addr.o(i.baudrate_read) for baudrate_read
    main.o(i.main) refers to addr.o(i.Addr_Read) for Addr_Read
    main.o(i.main) refers to 485.o(i.Init485) for Init485
    main.o(i.main) refers to abmn.o(i.ABMN_Init) for ABMN_Init
    main.o(i.main) refers to lcd.o(i.Lcd_Init) for Lcd_Init
    main.o(i.main) refers to abmn.o(i.ABMN_ShowInfo) for ABMN_ShowInfo
    main.o(i.main) refers to gwtask_timer.o(i.GWTaskTimer_SetTimer) for GWTaskTimer_SetTimer
    main.o(i.main) refers to gwtask_timer.o(i.GWTaskTimer_Deal) for GWTaskTimer_Deal
    main.o(i.main) refers to 485.o(i.Task_Deal485) for Task_Deal485
    main.o(i.main) refers to 485.o(.data) for localSubAddr
    main.o(i.main) refers to main.o(i.ReportRunInfo) for ReportRunInfo
    stm32f0xx_it.o(i.SysTick_Handler) refers to stm32f0xx_hal.o(i.HAL_IncTick) for HAL_IncTick
    stm32f0xx_it.o(i.SysTick_Handler) refers to systick.o(i.TimingDelay_Decrement) for TimingDelay_Decrement
    stm32f0xx_it.o(i.USART1_IRQHandler) refers to stm32f0xx_hal_uart.o(i.HAL_UART_IRQHandler) for HAL_UART_IRQHandler
    stm32f0xx_it.o(i.USART1_IRQHandler) refers to stm32f0xx_hal_uart.o(i.HAL_UART_Receive_IT) for HAL_UART_Receive_IT
    stm32f0xx_it.o(i.USART1_IRQHandler) refers to 485.o(.bss) for huart1
    stm32f0xx_it.o(i.USART1_IRQHandler) refers to 485.o(.data) for rcv485BufferLen
    stm32f0xx_hal_msp.o(i.HAL_SPI_MspInit) refers to rt_memclr.o(.text) for __aeabi_memclr4
    stm32f0xx_hal_msp.o(i.HAL_SPI_MspInit) refers to stm32f0xx_hal_gpio.o(i.HAL_GPIO_Init) for HAL_GPIO_Init
    stm32f0xx_hal_msp.o(i.HAL_UART_MspDeInit) refers to stm32f0xx_hal_gpio.o(i.HAL_GPIO_DeInit) for HAL_GPIO_DeInit
    stm32f0xx_hal_msp.o(i.HAL_UART_MspInit) refers to rt_memclr.o(.text) for __aeabi_memclr4
    stm32f0xx_hal_msp.o(i.HAL_UART_MspInit) refers to stm32f0xx_hal_gpio.o(i.HAL_GPIO_Init) for HAL_GPIO_Init
    stm32f0xx_hal_msp.o(i.HAL_UART_MspInit) refers to stm32f0xx_hal_cortex.o(i.HAL_NVIC_SetPriority) for HAL_NVIC_SetPriority
[...]
    ..\Drivers\STM32F0xx_HAL_Driver\Src\stm32f0xx_hal_uart.c 0x00000000   Number         0  stm32f0xx_hal_uart.o ABSOLUTE
    ..\Drivers\STM32F0xx_HAL_Driver\Src\stm32f0xx_hal_uart_ex.c 0x00000000   Number         0  stm32f0xx_hal_uart_ex.o ABSOLUTE
    ..\\Core\\Src\\485.c                     0x00000000   Number         0  485.o ABSOLUTE
    ..\\Core\\Src\\abmn.c                    0x00000000   Number         0  abmn.o ABSOLUTE
    ..\\Core\\Src\\addr.c                    0x00000000   Number         0  addr.o ABSOLUTE
    ..\\Core\\Src\\gwtask_timer.c            0x00000000   Number         0  gwtask_timer.o ABSOLUTE
    ..\\Core\\Src\\hdep_logo_48.c            0x00000000   Number         0  hdep_logo_48.o ABSOLUTE
    ..\\Core\\Src\\lcd.c                     0x00000000   Number         0  lcd.o ABSOLUTE
    ..\\Core\\Src\\lcdfont.c                 0x00000000   Number         0  lcdfont.o ABSOLUTE
    ..\\Core\\Src\\motor.c                   0x00000000   Number         0  motor.o ABSOLUTE
    ..\\Core\\Src\\myarray.c                 0x00000000   Number         0  myarray.o ABSOLUTE
    ..\\Core\\Src\\mylist.c                  0x00000000   Number         0  mylist.o ABSOLUTE
    ..\\Core\\Src\\myque.c                   0x00000000   Number         0  myque.o ABSOLUTE
    ..\\Core\\Src\\port_sys.c                0x00000000   Number         0  port_sys.o ABSOLUTE
    ..\\Core\\Src\\pwm.c                     0x00000000   Number         0  pwm.o ABSOLUTE
    ..\\Core\\Src\\systick.c                 0x00000000   Number         0  systick.o ABSOLUTE
    ..\\Core\\Src\\utils.c                   0x00000000   Number         0  utils.o ABSOLUTE
    ..\\Drivers\\STM32F0xx_HAL_Driver\\Src\\stm32f0xx_hal_spi.c 0x00000000   Number         0  stm32f0xx_hal_spi.o ABSOLUTE
    ..\\Drivers\\STM32F0xx_HAL_Driver\\Src\\stm32f0xx_hal_spi_ex.c 0x00000000   Number         0  stm32f0xx_hal_spi_ex.o ABSOLUTE
    dc.s                                     0x00000000   Number         0  dc.o ABSOLUTE
    startup_stm32f030x6.s                    0x00000000   Number         0  startup_stm32f030x6.o ABSOLUTE
    RESET                                    0x08000000   Section      176  startup_stm32f030x6.o(RESET)
    !!!main                                  0x080000b0   Section        8  __main.o(!!!main)
    !!!scatter                               0x080000b8   Section       60  __scatter.o(!!!scatter)
    !!handler_copy                           0x080000f4   Section       26  __scatter_copy.o(!!handler_copy)
    !!handler_zi                             0x08000110   Section       28  __scatter_zi.o(!!handler_zi)
    .ARM.Collect$$_printf_percent$$00000000  0x0800012c   Section        2  _printf_percent.o(.ARM.Collect$$_printf_percent$$00000000)
    .ARM.Collect$$_printf_percent$$00000009  0x0800012e   Section       10  _printf_d.o(.ARM.Collect$$_printf_percent$$00000009)
    .ARM.Collect$$_printf_percent$$00000017  0x08000138   Section        4  _printf_percent_end.o(.ARM.Collect$$_printf_percent$$00000017)
    .ARM.Collect$$libinit$$00000000          0x0800013c   Section        2  libinit.o(.ARM.Collect$$libinit$$00000000)
    .ARM.Collect$$libinit$$00000002          0x0800013e   Section        0  libinit2.o(.ARM.Collect$$libinit$$00000002)
    .ARM.Collect$$libinit$$00000004          0x0800013e   Section        0  libinit2.o(.ARM.Collect$$libinit$$00000004)
    .ARM.Collect$$libinit$$00000005          0x0800013e   Section        8  libinit2.o(.ARM.Collect$$libinit$$00000005)
    .ARM.Collect$$libinit$$0000000A          0x08000146   Section        0  libinit2.o(.ARM.Collect$$libinit$$0000000A)
    .ARM.Collect$$libinit$$0000000C          0x08000146   Section        0  libinit2.o(.ARM.Collect$$libinit$$0000000C)
    .ARM.Collect$$libinit$$0000000E          0x08000146   Section        0  libinit2.o(.ARM.Collect$$libinit$$0000000E)
    .ARM.Collect$$libinit$$00000011          0x08000146   Section        0  libinit2.o(.ARM.Collect$$libinit$$00000011)
    .ARM.Collect$$libinit$$00000013          0x08000146   Section        0  libinit2.o(.ARM.Collect$$libinit$$00000013)
    .ARM.Collect$$libinit$$00000015          0x08000146   Section        0  libinit2.o(.ARM.Collect$$libinit$$00000015)
    .ARM.Collect$$libinit$$00000017          0x08000146   Section        0  libinit2.o(.ARM.Collect$$libinit$$00000017)
    .ARM.Collect$$libinit$$00000019          0x08000146   Section        0  libinit2.o(.ARM.Collect$$libinit$$00000019)
    .ARM.Collect$$libinit$$0000001B          0x08000146   Section        0  libinit2.o(.ARM.Collect$$libinit$$0000001B)
    .ARM.Collect$$libinit$$0000001D          0x08000146   Section        0  libinit2.o(.ARM.Collect$$libinit$$0000001D)
    .ARM.Collect$$libinit$$0000001F          0x08000146   Section        0  libinit2.o(.ARM.Collect$$libinit$$0000001F)
    .ARM.Collect$$libinit$$00000021          0x08000146   Section        0  libinit2.o(.ARM.Collect$$libinit$$00000021)
    .ARM.Collect$$libinit$$00000023          0x08000146   Section        0  libinit2.o(.ARM.Collect$$libinit$$00000023)
    .ARM.Collect$$libinit$$00000025          0x08000146   Section        0  libinit2.o(.ARM.Collect$$libinit$$00000025)
    .ARM.Collect$$libinit$$0000002C          0x08000146   Section        0  libinit2.o(.ARM.Collect$$libinit$$0000002C)
    .ARM.Collect$$libinit$$0000002E          0x08000146   Section        0  libinit2.o(.ARM.Collect$$libinit$$0000002E)
    .ARM.Collect$$libinit$$00000030          0x08000146   Section        0  libinit2.o(.ARM.Collect$$libinit$$00000030)
    .ARM.Collect$$libinit$$00000032          0x08000146   Section        0  libinit2.o(.ARM.Collect$$libinit$$00000032)
    .ARM.Collect$$libinit$$00000033          0x08000146   Section        2  libinit2.o(.ARM.Collect$$libinit$$00000033)
    .ARM.Collect$$libshutdown$$00000000      0x08000148   Section        2  libshutdown.o(.ARM.Collect$$libshutdown$$00000000)
    .ARM.Collect$$libshutdown$$00000002      0x0800014a   Section        0  libshutdown2.o(.ARM.Collect$$libshutdown$$00000002)
    .ARM.Collect$$libshutdown$$00000004      0x0800014a   Section        0  libshutdown2.o(.ARM.Collect$$libshutdown$$00000004)
    .ARM.Collect$$libshutdown$$00000007      0x0800014a   Section        0  libshutdown2.o(.ARM.Collect$$libshutdown$$00000007)
    .ARM.Collect$$libshutdown$$0000000A      0x0800014a   Section        0  libshutdown2.o(.ARM.Collect$$libshutdown$$0000000A)
    .ARM.Collect$$libshutdown$$0000000C      0x0800014a   Section        0  libshutdown2.o(.ARM.Collect$$libshutdown$$0000000C)
    .ARM.Collect$$libshutdown$$0000000F      0x0800014a   Section        0  libshutdown2.o(.ARM.Collect$$libshutdown$$0000000F)
    .ARM.Collect$$libshutdown$$00000010      0x0800014a   Section        2  libshutdown2.o(.ARM.Collect$$libshutdown$$00000010)
    .ARM.Collect$$rtentry$$00000000          0x0800014c   Section        0  __rtentry.o(.ARM.Collect$$rtentry$$00000000)
    .ARM.Collect$$rtentry$$00000002          0x0800014c   Section        0  __rtentry2.o(.ARM.Collect$$rtentry$$00000002)
    .ARM.Collect$$rtentry$$00000004          0x0800014c   Section        6  __rtentry4.o(.ARM.Collect$$rtentry$$00000004)
    .ARM.Collect$$rtentry$$00000009          0x08000152   Section        0  __rtentry2.o(.ARM.Collect$$rtentry$$00000009)
    .ARM.Collect$$rtentry$$0000000A          0x08000152   Section        4  __rtentry2.o(.ARM.Collect$$rtentry$$0000000A)
    .ARM.Collect$$rtentry$$0000000C          0x08000156   Section        0  __rtentry2.o(.ARM.Collect$$rtentry$$0000000C)
    .ARM.Collect$$rtentry$$0000000D          0x08000156   Section        8  __rtentry2.o(.ARM.Collect$$rtentry$$0000000D)
    .ARM.Collect$$rtexit$$00000000           0x0800015e   Section        2  rtexit.o(.ARM.Collect$$rtexit$$00000000)
    .ARM.Collect$$rtexit$$00000002           0x08000160   Section        0  rtexit2.o(.ARM.Collect$$rtexit$$00000002)
    .ARM.Collect$$rtexit$$00000003           0x08000160   Section        4  rtexit2.o(.ARM.Collect$$rtexit$$00000003)
    .ARM.Collect$$rtexit$$00000004           0x08000164   Section        6  rtexit2.o(.ARM.Collect$$rtexit$$00000004)
    .emb_text                                0x0800016c   Section       56  rt_memcpy.o(.emb_text)
    .emb_text                                0x080001a4   Section        0  maybetermalloc1.o(.emb_text)
    .text                                    0x080001a4   Section       56  startup_stm32f030x6.o(.text)
    .text                                    0x080001dc   Section        0  h1_alloc.o(.text)
    .text                                    0x0800023e   Section        0  h1_free.o(.text)
    .text                                    0x0800028a   Section        0  h1_realloc.o(.text)
    .text                                    0x0800033c   Section        0  lludiv.o(.text)
    .text                                    0x08000440   Section        0  noretval__2sprintf.o(.text)
    .text                                    0x08000468   Section        0  __printf.o(.text)
    .text                                    0x080004d4   Section        0  _printf_dec.o(.text)
    .text                                    0x08000540   Section        0  strlen.o(.text)
    .text                                    0x08000584   Section        0  rt_memcpy.o(.text)
    .text                                    0x08000606   Section        0  rt_memclr.o(.text)
    .text                                    0x08000646   Section      346  aeabi_sdiv.o(.text)
    .text                                    0x080007a0   Section        0  heapauxi.o(.text)
    .text                                    0x080007a8   Section        8  rt_heap_descriptor_intlibspace.o(.text)
    .text                                    0x080007b0   Section        0  hguard.o(.text)
    .text                                    0x080007b4   Section        0  init_alloc.o(.text)
    .text                                    0x0800083c   Section        0  h1_init.o(.text)
    .text                                    0x0800084a   Section        0  _printf_intcommon.o(.text)
    .text                                    0x080008fc   Section        0  _printf_char_common.o(.text)
    _printf_input_char                       0x080008fd   Thumb Code    10  _printf_char_common.o(.text)
    .text                                    0x0800092c   Section        0  _sputc.o(.text)
    .text                                    0x08000936   Section        0  rtudiv10.o(.text)
    .text                                    0x08000960   Section        8  libspace.o(.text)
    .text                                    0x08000968   Section        0  h1_extend.o(.text)
    .text                                    0x0800099c   Section        0  defsig_rtmem_outer.o(.text)
    .text                                    0x080009a8   Section        2  use_no_semi.o(.text)
    .text                                    0x080009aa   Section        0  indicate_semi.o(.text)
    .text                                    0x080009aa   Section       62  sys_stackheap_outer.o(.text)
    .text                                    0x080009e8   Section        0  exit.o(.text)
    .text                                    0x080009f8   Section        0  defsig_exit.o(.text)
    .text                                    0x08000a04   Section        0  defsig_rtmem_inner.o(.text)
    .text                                    0x08000a54   Section        0  sys_exit.o(.text)
    .text                                    0x08000a60   Section        0  defsig_general.o(.text)
    .text                                    0x08000a94   Section        0  sys_wrch.o(.text)
    .text                                    0x08000aa0   Section        0  __dclz77c.o(.text)
    i.ABMN_Init                              0x08000b00   Section        0  abmn.o(i.ABMN_Init)
    i.ABMN_ShowInfo                          0x08000ba8   Section        0  abmn.o(i.ABMN_ShowInfo)
    i.AMBN_Port_Init                         0x08000cd4   Section        0  abmn.o(i.AMBN_Port_Init)
    AMBN_Port_Init                           0x08000cd5   Thumb Code   168  abmn.o(i.AMBN_Port_Init)
    i.AddExistsIndex                         0x08000d90   Section        0  abmn.o(i.AddExistsIndex)
    AddExistsIndex                           0x08000d91   Thumb Code    34  abmn.o(i.AddExistsIndex)
    i.Addr_Init                              0x08000db4   Section        0  addr.o(i.Addr_Init)
    i.Addr_Read                              0x08000e38   Section        0  addr.o(i.Addr_Read)
    i.CalcRelayToABMN                        0x08000ea8   Section        0  abmn.o(i.CalcRelayToABMN)
    CalcRelayToABMN                          0x08000ea9   Thumb Code    88  abmn.o(i.CalcRelayToABMN)
    i.Callback_DealSetDebugLog               0x08000f00   Section        0  485.o(i.Callback_DealSetDebugLog)
    i.Callback_SetABMN                       0x08000f14   Section        0  abmn.o(i.Callback_SetABMN)
    Callback_SetABMN                         0x08000f15   Thumb Code    18  abmn.o(i.Callback_SetABMN)
    i.ClearABMNConnInfo                      0x08000f28   Section        0  abmn.o(i.ClearABMNConnInfo)
    ClearABMNConnInfo                        0x08000f29   Thumb Code    80  abmn.o(i.ClearABMNConnInfo)
    i.ConnectABMNRelayNos                    0x08000f84   Section        0  abmn.o(i.ConnectABMNRelayNos)
    ConnectABMNRelayNos                      0x08000f85   Thumb Code   418  abmn.o(i.ConnectABMNRelayNos)
    i.ConvertLCDNum                          0x08001178   Section        0  lcd.o(i.ConvertLCDNum)
    i.ConvertRadixNumToString                0x080011c4   Section        0  port_sys.o(i.ConvertRadixNumToString)
    ConvertRadixNumToString                  0x080011c5   Thumb Code   124  port_sys.o(i.ConvertRadixNumToString)
    i.Delay_ms                               0x08001240   Section        0  systick.o(i.Delay_ms)
    i.Delay_us                               0x08001250   Section        0  systick.o(i.Delay_us)
    i.DisConnectRelay                        0x08001264   Section        0  abmn.o(i.DisConnectRelay)
    DisConnectRelay                          0x08001265   Thumb Code    30  abmn.o(i.DisConnectRelay)
    i.DisplayABMNConnInfo                    0x08001288   Section        0  abmn.o(i.DisplayABMNConnInfo)
    DisplayABMNConnInfo                      0x08001289   Thumb Code    94  abmn.o(i.DisplayABMNConnInfo)
    i.Error_Handler                          0x080012f4   Section        0  port_sys.o(i.Error_Handler)
    i.GWTaskTimer_Deal                       0x0800131c   Section        0  gwtask_timer.o(i.GWTaskTimer_Deal)
    i.GWTaskTimer_Init                       0x08001384   Section        0  gwtask_timer.o(i.GWTaskTimer_Init)
    i.GWTaskTimer_SetTimer                   0x08001394   Section        0  gwtask_timer.o(i.GWTaskTimer_SetTimer)
    i.GetQuickCRC16                          0x080013d8   Section        0  utils.o(i.GetQuickCRC16)
    i.HAL_DMA_Abort                          0x08001404   Section        0  stm32f0xx_hal_dma.o(i.HAL_DMA_Abort)
    i.HAL_DMA_Abort_IT                       0x08001444   Section        0  stm32f0xx_hal_dma.o(i.HAL_DMA_Abort_IT)
    i.HAL_GPIO_Init                          0x0800148c   Section        0  stm32f0xx_hal_gpio.o(i.HAL_GPIO_Init)
    i.HAL_GPIO_ReadPin                       0x08001630   Section        0  stm32f0xx_hal_gpio.o(i.HAL_GPIO_ReadPin)
    i.HAL_GPIO_WritePin                      0x0800163a   Section        0  stm32f0xx_hal_gpio.o(i.HAL_GPIO_WritePin)
    i.HAL_GetTick                            0x08001648   Section        0  stm32f0xx_hal.o(i.HAL_GetTick)
    i.HAL_IncTick                            0x08001654   Section        0  stm32f0xx_hal.o(i.HAL_IncTick)
    i.HAL_Init                               0x08001664   Section        0  stm32f0xx_hal.o(i.HAL_Init)
    i.HAL_InitTick                           0x08001684   Section        0  stm32f0xx_hal.o(i.HAL_InitTick)
    i.HAL_MspInit                            0x080016c8   Section        0  stm32f0xx_hal_msp.o(i.HAL_MspInit)
    i.HAL_NVIC_EnableIRQ                     0x080016f0   Section        0  stm32f0xx_hal_cortex.o(i.HAL_NVIC_EnableIRQ)
    i.HAL_NVIC_SetPriority                   0x08001708   Section        0  stm32f0xx_hal_cortex.o(i.HAL_NVIC_SetPriority)
    i.HAL_RCCEx_PeriphCLKConfig              0x08001710   Section        0  stm32f0xx_hal_rcc_ex.o(i.HAL_RCCEx_PeriphCLKConfig)
    i.HAL_RCC_ClockConfig                    0x080017f8   Section        0  stm32f0xx_hal_rcc.o(i.HAL_RCC_ClockConfig)
    i.HAL_RCC_GetPCLK1Freq                   0x08001900   Section        0  stm32f0xx_hal_rcc.o(i.HAL_RCC_GetPCLK1Freq)
    i.HAL_RCC_GetSysClockFreq                0x08001920   Section        0  stm32f0xx_hal_rcc.o(i.HAL_RCC_GetSysClockFreq)
    i.HAL_RCC_OscConfig                      0x080019a0   Section        0  stm32f0xx_hal_rcc.o(i.HAL_RCC_OscConfig)
    i.HAL_SPI_Init                           0x08001d28   Section        0  stm32f0xx_hal_spi.o(i.HAL_SPI_Init)
    i.HAL_SPI_MspInit                        0x08001e18   Section        0  stm32f0xx_hal_msp.o(i.HAL_SPI_MspInit)
    i.HAL_SPI_Transmit                       0x08001e74   Section        0  stm32f0xx_hal_spi.o(i.HAL_SPI_Transmit)
    i.HAL_SYSTICK_Config                     0x08001fd4   Section        0  stm32f0xx_hal_cortex.o(i.HAL_SYSTICK_Config)
    i.HAL_UARTEx_RxEventCallback             0x08002004   Section        0  stm32f0xx_hal_uart.o(i.HAL_UARTEx_RxEventCallback)
    i.HAL_UART_ErrorCallback                 0x08002006   Section        0  stm32f0xx_hal_uart.o(i.HAL_UART_ErrorCallback)
    i.HAL_UART_IRQHandler                    0x08002008   Section        0  stm32f0xx_hal_uart.o(i.HAL_UART_IRQHandler)
    i.HAL_UART_Init                          0x08002294   Section        0  stm32f0xx_hal_uart.o(i.HAL_UART_Init)
    i.HAL_UART_MspInit                       0x08002300   Section        0  stm32f0xx_hal_msp.o(i.HAL_UART_MspInit)
    i.HAL_UART_Receive_IT                    0x08002388   Section        0  stm32f0xx_hal_uart.o(i.HAL_UART_Receive_IT)
    i.HAL_UART_RxCpltCallback                0x080023ec   Section        0  485.o(i.HAL_UART_RxCpltCallback)
    i.HAL_UART_Transmit                      0x08002420   Section        0  stm32f0xx_hal_uart.o(i.HAL_UART_Transmit)
    i.HAL_UART_TxCpltCallback                0x080024f2   Section        0  stm32f0xx_hal_uart.o(i.HAL_UART_TxCpltCallback)
    i.HardFault_Handler                      0x080024f4   Section        0  stm32f0xx_it.o(i.HardFault_Handler)
    i.Hardware_SPI_Init                      0x080024f8   Section        0  lcd.o(i.Hardware_SPI_Init)
    Hardware_SPI_Init                        0x080024f9   Thumb Code    66  lcd.o(i.Hardware_SPI_Init)
    i.Init485                                0x08002544   Section        0  485.o(i.Init485)
    i.InterAct_OutputDebug                   0x08002600   Section        0  port_sys.o(i.InterAct_OutputDebug)
    InterAct_OutputDebug                     0x08002601   Thumb Code    18  port_sys.o(i.InterAct_OutputDebug)
    i.InterAct_RelocateLog                   0x08002612   Section        0  port_sys.o(i.InterAct_RelocateLog)
    InterAct_RelocateLog                     0x08002613   Thumb Code    62  port_sys.o(i.InterAct_RelocateLog)
    i.LCD_Address_Set                        0x08002650   Section        0  lcd.o(i.LCD_Address_Set)
    i.LCD_Clear                              0x08002688   Section        0  lcd.o(i.LCD_Clear)
    i.LCD_Port_Init                          0x080026f4   Section        0  lcd.o(i.LCD_Port_Init)
    i.LCD_SPIWrit_Bus                        0x0800275c   Section        0  lcd.o(i.LCD_SPIWrit_Bus)
    i.LCD_ShowABMNChar                       0x08002778   Section        0  lcd.o(i.LCD_ShowABMNChar)
    LCD_ShowABMNChar                         0x08002779   Thumb Code    96  lcd.o(i.LCD_ShowABMNChar)
    i.LCD_ShowABMNString                     0x080027e0   Section        0  lcd.o(i.LCD_ShowABMNString)
    i.LCD_ShowBmp565                         0x08002844   Section        0  lcd.o(i.LCD_ShowBmp565)
    i.LCD_WR_DATA                            0x08002884   Section        0  lcd.o(i.LCD_WR_DATA)
    i.LCD_WR_DATA8                           0x080028b8   Section        0  lcd.o(i.LCD_WR_DATA8)
    i.LCD_WR_REG                             0x080028e6   Section        0  lcd.o(i.LCD_WR_REG)
    i.Lcd_Init                               0x08002914   Section        0  lcd.o(i.Lcd_Init)
    i.LogTo485                               0x08002b0a   Section        0  485.o(i.LogTo485)
    i.MX_USART1_UART_Init                    0x08002b14   Section        0  485.o(i.MX_USART1_UART_Init)
    MX_USART1_UART_Init                      0x08002b15   Thumb Code    48  485.o(i.MX_USART1_UART_Init)
    i.MyList_AddNodePureData                 0x08002b4c   Section        0  mylist.o(i.MyList_AddNodePureData)
    i.MyList_Create                          0x08002b90   Section        0  mylist.o(i.MyList_Create)
    i.MyList_DeleteNode                      0x08002ba0   Section        0  mylist.o(i.MyList_DeleteNode)
    i.MyList_DeleteNodeAt                    0x08002bbc   Section        0  mylist.o(i.MyList_DeleteNodeAt)
    i.MyList_GetNode                         0x08002c10   Section        0  mylist.o(i.MyList_GetNode)
    i.MyList_IndexOf                         0x08002c18   Section        0  mylist.o(i.MyList_IndexOf)
    i.MyQue_AddByte                          0x08002c3c   Section        0  myque.o(i.MyQue_AddByte)
    i.MyQue_DataAt                           0x08002c6a   Section        0  myque.o(i.MyQue_DataAt)
    i.MyQue_Init                             0x08002c96   Section        0  myque.o(i.MyQue_Init)
    i.MyQue_IsEmpty                          0x08002cbc   Section        0  myque.o(i.MyQue_IsEmpty)
    i.MyQue_IsFull                           0x08002ccc   Section        0  myque.o(i.MyQue_IsFull)
    i.MyQue_Remove                           0x08002ce8   Section        0  myque.o(i.MyQue_Remove)
    i.MyQue_Size                             0x08002d3a   Section        0  myque.o(i.MyQue_Size)
    i.MyQue_TryGet                           0x08002d50   Section        0  myque.o(i.MyQue_TryGet)
    i.NMI_Handler                            0x08002d98   Section        0  stm32f0xx_it.o(i.NMI_Handler)
    i.PRINTF                                 0x08002d9c   Section        0  port_sys.o(i.PRINTF)
    i.PendSV_Handler                         0x08002dcc   Section        0  stm32f0xx_it.o(i.PendSV_Handler)
    i.Register485Callback                    0x08002dd0   Section        0  485.o(i.Register485Callback)
    i.ReportRunInfo                          0x08002ddc   Section        0  main.o(i.ReportRunInfo)
    ReportRunInfo                            0x08002ddd   Thumb Code     2  main.o(i.ReportRunInfo)
    i.SPI_EndRxTxTransaction                 0x08002dde   Section        0  stm32f0xx_hal_spi.o(i.SPI_EndRxTxTransaction)
    SPI_EndRxTxTransaction                   0x08002ddf   Thumb Code    76  stm32f0xx_hal_spi.o(i.SPI_EndRxTxTransaction)
    i.SPI_WaitFifoStateUntilTimeout          0x08002e2c   Section        0  stm32f0xx_hal_spi.o(i.SPI_WaitFifoStateUntilTimeout)
    SPI_WaitFifoStateUntilTimeout            0x08002e2d   Thumb Code   212  stm32f0xx_hal_spi.o(i.SPI_WaitFifoStateUntilTimeout)
    i.SPI_WaitFlagStateUntilTimeout          0x08002f04   Section        0  stm32f0xx_hal_spi.o(i.SPI_WaitFlagStateUntilTimeout)
    SPI_WaitFlagStateUntilTimeout            0x08002f05   Thumb Code   180  stm32f0xx_hal_spi.o(i.SPI_WaitFlagStateUntilTimeout)
    i.SVC_Handler                            0x08002fbc   Section        0  stm32f0xx_it.o(i.SVC_Handler)
    i.Send485                                0x08002fc0   Section        0  485.o(i.Send485)
    i.SetABMNPortSate                        0x08003004   Section        0  abmn.o(i.SetABMNPortSate)
    SetABMNPortSate                          0x08003005   Thumb Code    72  abmn.o(i.SetABMNPortSate)
    i.SetABMNState                           0x08003068   Section        0  abmn.o(i.SetABMNState)
    SetABMNState                             0x08003069   Thumb Code   116  abmn.o(i.SetABMNState)
    i.StrFormatPrintf                        0x080030e4   Section        0  port_sys.o(i.StrFormatPrintf)
    StrFormatPrintf                          0x080030e5   Thumb Code   386  port_sys.o(i.StrFormatPrintf)
    i.SysTick_Handler                        0x08003266   Section        0  stm32f0xx_it.o(i.SysTick_Handler)
    i.SysTick_Init                           0x08003274   Section        0  systick.o(i.SysTick_Init)
    i.SystemClock_Config                     0x080032a0   Section        0  main.o(i.SystemClock_Config)
    i.SystemInit                             0x0800331c   Section        0  system_stm32f0xx.o(i.SystemInit)
    i.Task_Deal485                           0x08003320   Section        0  485.o(i.Task_Deal485)
    i.TestConnABMN                           0x080033ac   Section        0  abmn.o(i.TestConnABMN)
    TestConnABMN                             0x080033ad   Thumb Code     2  abmn.o(i.TestConnABMN)
    i.TimingDelay_Decrement                  0x080033b0   Section        0  systick.o(i.TimingDelay_Decrement)
    i.UART_AdvFeatureConfig                  0x080033d8   Section        0  stm32f0xx_hal_uart.o(i.UART_AdvFeatureConfig)
    i.UART_CheckIdleState                    0x080034a4   Section        0  stm32f0xx_hal_uart.o(i.UART_CheckIdleState)
    i.UART_DMAAbortOnError                   0x08003508   Section        0  stm32f0xx_hal_uart.o(i.UART_DMAAbortOnError)
    UART_DMAAbortOnError                     0x08003509   Thumb Code    20  stm32f0xx_hal_uart.o(i.UART_DMAAbortOnError)
    i.UART_EndRxTransfer                     0x0800351c   Section        0  stm32f0xx_hal_uart.o(i.UART_EndRxTransfer)
    UART_EndRxTransfer                       0x0800351d   Thumb Code    94  stm32f0xx_hal_uart.o(i.UART_EndRxTransfer)
    i.UART_RxISR_16BIT                       0x0800357a   Section        0  stm32f0xx_hal_uart.o(i.UART_RxISR_16BIT)
    UART_RxISR_16BIT                         0x0800357b   Thumb Code   168  stm32f0xx_hal_uart.o(i.UART_RxISR_16BIT)
    i.UART_RxISR_8BIT                        0x08003622   Section        0  stm32f0xx_hal_uart.o(i.UART_RxISR_8BIT)
    UART_RxISR_8BIT                          0x08003623   Thumb Code   168  stm32f0xx_hal_uart.o(i.UART_RxISR_8BIT)
    i.UART_SetConfig                         0x080036cc   Section        0  stm32f0xx_hal_uart.o(i.UART_SetConfig)
    i.UART_Start_Receive_IT                  0x080037e8   Section        0  stm32f0xx_hal_uart.o(i.UART_Start_Receive_IT)
    i.UART_WaitOnFlagUntilTimeout            0x08003884   Section        0  stm32f0xx_hal_uart.o(i.UART_WaitOnFlagUntilTimeout)
    i.USART1_IRQHandler                      0x08003958   Section        0  stm32f0xx_it.o(i.USART1_IRQHandler)
    i.__ARM_common_ll_muluu                  0x0800397c   Section        0  stm32f0xx_hal_rcc.o(i.__ARM_common_ll_muluu)
    i.__NVIC_SetPriority                     0x080039ac   Section        0  stm32f0xx_hal_cortex.o(i.__NVIC_SetPriority)
    __NVIC_SetPriority                       0x080039ad   Thumb Code    60  stm32f0xx_hal_cortex.o(i.__NVIC_SetPriority)
    i.baudrate_read                          0x080039f0   Section        0  addr.o(i.baudrate_read)
    i.main                                   0x080039f8   Section        0  main.o(i.main)
    .constdata                               0x08003a4c   Section       16  system_stm32f0xx.o(.constdata)
    .constdata                               0x08003a5c   Section        8  system_stm32f0xx.o(.constdata)
    .ARM.__AT_0x08006000                     0x08006000   Section     4681  hdep_logo_48.o(.ARM.__AT_0x08006000)
    .ARM.__AT_0x08007280                     0x08007280   Section     2592  lcdfont.o(.ARM.__AT_0x08007280)
    .data                                    0x20000000   Section       12  systick.o(.data)
    sysTicks                                 0x20000000   Data           4  systick.o(.data)
    TimingDelay                              0x20000004   Data           4  systick.o(.data)
    .data                                    0x2000000c   Section        1  port_sys.o(.data)
    .data                                    0x20000010   Section       12  stm32f0xx_hal.o(.data)
    .data                                    0x2000001c   Section        4  system_stm32f0xx.o(.data)
    .data                                    0x20000020   Section        4  gwtask_timer.o(.data)
    .data                                    0x20000024   Section      528  utils.o(.data)
    HexTable                                 0x20000024   Data          16  utils.o(.data)
    .data                                    0x20000234   Section       18  abmn.o(.data)
    testRelayNo                              0x20000234   Data           1  abmn.o(.data)
    testAbmnType                             0x20000235   Data           1  abmn.o(.data)
    beginRelayNo                             0x20000236   Data           2  abmn.o(.data)
    endRelayNo                               0x20000238   Data           2  abmn.o(.data)
    abmnRelayNos                             0x2000023a   Data           4  abmn.o(.data)
    abmnStates                               0x2000023e   Data           8  abmn.o(.data)
    .data                                    0x20000246   Section       18  lcdfont.o(.data)
    .data                                    0x20000258   Section        2  lcd.o(.data)
    .data                                    0x2000025c   Section       16  485.o(.data)
    p485Que                                  0x20000260   Data           4  485.o(.data)
    Ack485Buff                               0x20000264   Data           8  485.o(.data)
    .bss                                     0x2000026c   Section       48  abmn.o(.bss)
    relayPortPins                            0x2000026c   Data          16  abmn.o(.bss)
    relayPorts                               0x2000027c   Data          32  abmn.o(.bss)
    .bss                                     0x2000029c   Section      100  lcd.o(.bss)
    .bss                                     0x20000300   Section     1156  485.o(.bss)
    Callback485Array                         0x20000384   Data        1024  485.o(.bss)
    .bss                                     0x20000784   Section       96  libspace.o(.bss)
    HEAP                                     0x200007e8   Section      512  startup_stm32f030x6.o(HEAP)
    Heap_Mem                                 0x200007e8   Data         512  startup_stm32f030x6.o(HEAP)
    STACK                                    0x200009e8   Section     1024  startup_stm32f030x6.o(STACK)
    Stack_Mem                                0x200009e8   Data        1024  startup_stm32f030x6.o(STACK)
    __initial_sp                             0x20000de8   Data           0  startup_stm32f030x6.o(STACK)

    Global Symbols

    Symbol Name                              Value     Ov Type        Size  Object(Section)

    BuildAttributes$$THM_ISAv3M$S$PE$A:L22$X:L11$S22$IEEE1$IW$USESV6$~STKCKD$USESV7$~SHL$OTIME$ROPI$EBA8$UX$STANDARDLIB$REQ8$PRES8$EABIv2 0x00000000   Number         0  anon$$obj.o ABSOLUTE
    __ARM_use_no_argv                        0x00000000   Number         0  main.o ABSOLUTE
    __ARM_exceptions_init                     - Undefined Weak Reference
    __alloca_initialize                       - Undefined Weak Reference
    __arm_preinit_                            - Undefined Weak Reference
    __cpp_initialize__aeabi_                  - Undefined Weak Reference
    __cxa_finalize                            - Undefined Weak Reference
    __sigvec_lookup                           - Undefined Weak Reference
    __user_heap_extent                        - Undefined Weak Reference
    _atexit_init                              - Undefined Weak Reference
    _call_atexit_fns                          - Undefined Weak Reference
    _clock_init                               - Undefined Weak Reference
    _fp_trap_init                             - Undefined Weak Reference
    _fp_trap_shutdown                         - Undefined Weak Reference
    _get_lc_collate                           - Undefined Weak Reference
    _get_lc_monetary                          - Undefined Weak Reference
    _get_lc_numeric                           - Undefined Weak Reference
    _get_lc_time                              - Undefined Weak Reference
    _getenv_init                              - Undefined Weak Reference
    _handle_redirection                       - Undefined Weak Reference
    _initio                                   - Undefined Weak Reference
    _mutex_acquire                            - Undefined Weak Reference
    _mutex_free                               - Undefined Weak Reference
    _mutex_release                            - Undefined Weak Reference
    _printf_post_padding                      - Undefined Weak Reference
    _printf_pre_padding                       - Undefined Weak Reference
    _printf_truncate_signed                   - Undefined Weak Reference
    _printf_truncate_unsigned                 - Undefined Weak Reference
    _rand_init                                - Undefined Weak Reference
    _signal_finish                            - Undefined Weak Reference
    _signal_init                              - Undefined Weak Reference
    _terminateio                              - Undefined Weak Reference
    __Vectors_Size                           0x000000b0   Number         0  startup_stm32f030x6.o ABSOLUTE
    __Vectors                                0x08000000   Data           4  startup_stm32f030x6.o(RESET)
    __Vectors_End                            0x080000b0   Data           0  startup_stm32f030x6.o(RESET)
    __main                                   0x080000b1   Thumb Code     8  __main.o(!!!main)
    __scatterload                            0x080000b9   Thumb Code     0  __scatter.o(!!!scatter)
    __scatterload_rt2                        0x080000b9   Thumb Code    52  __scatter.o(!!!scatter)
    __scatterload_rt2_thumb_only             0x080000b9   Thumb Code     0  __scatter.o(!!!scatter)
    __scatterload_null                       0x080000c9   Thumb Code     0  __scatter.o(!!!scatter)
    __scatterload_copy                       0x080000f5   Thumb Code    26  __scatter_copy.o(!!handler_copy)
    __scatterload_zeroinit                   0x08000111   Thumb Code    28  __scatter_zi.o(!!handler_zi)
    _printf_percent                          0x0800012d   Thumb Code     0  _printf_percent.o(.ARM.Collect$$_printf_percent$$00000000)
    _printf_d                                0x0800012f   Thumb Code     0  _printf_d.o(.ARM.Collect$$_printf_percent$$00000009)
    _printf_percent_end                      0x08000139   Thumb Code     0  _printf_percent_end.o(.ARM.Collect$$_printf_percent$$00000017)
    __rt_lib_init                            0x0800013d   Thumb Code     0  libinit.o(.ARM.Collect$$libinit$$00000000)
    __rt_lib_init_fp_1                       0x0800013f   Thumb Code     0  libinit2.o(.ARM.Collect$$libinit$$00000002)
    __rt_lib_init_heap_2                     0x0800013f   Thumb Code     0  libinit2.o(.ARM.Collect$$libinit$$00000005)
    __rt_lib_init_preinit_1                  0x0800013f   Thumb Code     0  libinit2.o(.ARM.Collect$$libinit$$00000004)
    __rt_lib_init_alloca_1                   0x08000147   Thumb Code     0  libinit2.o(.ARM.Collect$$libinit$$0000002E)
    __rt_lib_init_argv_1                     0x08000147   Thumb Code     0  libinit2.o(.ARM.Collect$$libinit$$0000002C)
    __rt_lib_init_atexit_1                   0x08000147   Thumb Code     0  libinit2.o(.ARM.Collect$$libinit$$0000001B)
    __rt_lib_init_clock_1                    0x08000147   Thumb Code     0  libinit2.o(.ARM.Collect$$libinit$$00000021)
    __rt_lib_init_cpp_1                      0x08000147   Thumb Code     0  libinit2.o(.ARM.Collect$$libinit$$00000032)
    __rt_lib_init_exceptions_1               0x08000147   Thumb Code     0  libinit2.o(.ARM.Collect$$libinit$$00000030)
    __rt_lib_init_fp_trap_1                  0x08000147   Thumb Code     0  libinit2.o(.ARM.Collect$$libinit$$0000001F)
    __rt_lib_init_getenv_1                   0x08000147   Thumb Code     0  libinit2.o(.ARM.Collect$$libinit$$00000023)
    __rt_lib_init_heap_1                     0x08000147   Thumb Code     0  libinit2.o(.ARM.Collect$$libinit$$0000000A)
    __rt_lib_init_lc_collate_1               0x08000147   Thumb Code     0  libinit2.o(.ARM.Collect$$libinit$$00000011)
    __rt_lib_init_lc_ctype_1                 0x08000147   Thumb Code     0  libinit2.o(.ARM.Collect$$libinit$$00000013)
    __rt_lib_init_lc_monetary_1              0x08000147   Thumb Code     0  libinit2.o(.ARM.Collect$$libinit$$00000015)
    __rt_lib_init_lc_numeric_1               0x08000147   Thumb Code     0  libinit2.o(.ARM.Collect$$libinit$$00000017)
    __rt_lib_init_lc_time_1                  0x08000147   Thumb Code     0  libinit2.o(.ARM.Collect$$libinit$$00000019)
    __rt_lib_init_rand_1                     0x08000147   Thumb Code     0  libinit2.o(.ARM.Collect$$libinit$$0000000E)
    __rt_lib_init_return                     0x08000147   Thumb Code     0  libinit2.o(.ARM.Collect$$libinit$$00000033)
    __rt_lib_init_signal_1                   0x08000147   Thumb Code     0  libinit2.o(.ARM.Collect$$libinit$$0000001D)
    __rt_lib_init_stdio_1                    0x08000147   Thumb Code     0  libinit2.o(.ARM.Collect$$libinit$$00000025)
    __rt_lib_init_user_alloc_1               0x08000147   Thumb Code     0  libinit2.o(.ARM.Collect$$libinit$$0000000C)
    __rt_lib_shutdown                        0x08000149   Thumb Code     0  libshutdown.o(.ARM.Collect$$libshutdown$$00000000)
    __rt_lib_shutdown_cpp_1                  0x0800014b   Thumb Code     0  libshutdown2.o(.ARM.Collect$$libshutdown$$00000002)
    __rt_lib_shutdown_fp_trap_1              0x0800014b   Thumb Code     0  libshutdown2.o(.ARM.Collect$$libshutdown$$00000007)
    __rt_lib_shutdown_heap_1                 0x0800014b   Thumb Code     0  libshutdown2.o(.ARM.Collect$$libshutdown$$0000000F)
    __rt_lib_shutdown_return                 0x0800014b   Thumb Code     0  libshutdown2.o(.ARM.Collect$$libshutdown$$00000010)
    __rt_lib_shutdown_signal_1               0x0800014b   Thumb Code     0  libshutdown2.o(.ARM.Collect$$libshutdown$$0000000A)
    __rt_lib_shutdown_stdio_1                0x0800014b   Thumb Code     0  libshutdown2.o(.ARM.Collect$$libshutdown$$00000004)
    __rt_lib_shutdown_user_alloc_1           0x0800014b   Thumb Code     0  libshutdown2.o(.ARM.Collect$$libshutdown$$0000000C)
    __rt_entry                               0x0800014d   Thumb Code     0  __rtentry.o(.ARM.Collect$$rtentry$$00000000)
    __rt_entry_presh_1                       0x0800014d   Thumb Code     0  __rtentry2.o(.ARM.Collect$$rtentry$$00000002)
    __rt_entry_sh                            0x0800014d   Thumb Code     0  __rtentry4.o(.ARM.Collect$$rtentry$$00000004)
    __rt_entry_li                            0x08000153   Thumb Code     0  __rtentry2.o(.ARM.Collect$$rtentry$$0000000A)
    __rt_entry_postsh_1                      0x08000153   Thumb Code     0  __rtentry2.o(.ARM.Collect$$rtentry$$00000009)
    __rt_entry_main                          0x08000157   Thumb Code     0  __rtentry2.o(.ARM.Collect$$rtentry$$0000000D)
    __rt_entry_postli_1                      0x08000157   Thumb Code     0  __rtentry2.o(.ARM.Collect$$rtentry$$0000000C)
    __rt_exit                                0x0800015f   Thumb Code     0  rtexit.o(.ARM.Collect$$rtexit$$00000000)
    __rt_exit_ls                             0x08000161   Thumb Code     0  rtexit2.o(.ARM.Collect$$rtexit$$00000003)
    __rt_exit_prels_1                        0x08000161   Thumb Code     0  rtexit2.o(.ARM.Collect$$rtexit$$00000002)
    __rt_exit_exit                           0x08000165   Thumb Code     0  rtexit2.o(.ARM.Collect$$rtexit$$00000004)
    __aeabi_memcpy4                          0x0800016d   Thumb Code    56  rt_memcpy.o(.emb_text)
    __aeabi_memcpy8                          0x0800016d   Thumb Code     0  rt_memcpy.o(.emb_text)
    Reset_Handler                            0x080001a5   Thumb Code     8  startup_stm32f030x6.o(.text)
    _maybe_terminate_alloc                   0x080001a5   Thumb Code     0  maybetermalloc1.o(.emb_text)
    ADC1_IRQHandler                          0x080001b7   Thumb Code     0  startup_stm32f030x6.o(.text)
    DMA1_Channel1_IRQHandler                 0x080001b7   Thumb Code     0  startup_stm32f030x6.o(.text)
    DMA1_Channel2_3_IRQHandler               0x080001b7   Thumb Code     0  startup_stm32f030x6.o(.text)
    DMA1_Channel4_5_IRQHandler               0x080001b7   Thumb Code     0  startup_stm32f030x6.o(.text)
    EXTI0_1_IRQHandler                       0x080001b7   Thumb Code     0  startup_stm32f030x6.o(.text)
    EXTI2_3_IRQHandler                       0x080001b7   Thumb Code     0  startup_stm32f030x6.o(.text)
    EXTI4_15_IRQHandler                      0x080001b7   Thumb Code     0  startup_stm32f030x6.o(.text)
    FLASH_IRQHandler                         0x080001b7   Thumb Code     0  startup_stm32f030x6.o(.text)
    I2C1_IRQHandler                          0x080001b7   Thumb Code     0  startup_stm32f030x6.o(.text)
    RCC_IRQHandler                           0x080001b7   Thumb Code     0  startup_stm32f030x6.o(.text)
    RTC_IRQHandler                           0x080001b7   Thumb Code     0  startup_stm32f030x6.o(.text)
    SPI1_IRQHandler                          0x080001b7   Thumb Code     0  startup_stm32f030x6.o(.text)
    TIM14_IRQHandler                         0x080001b7   Thumb Code     0  startup_stm32f030x6.o(.text)
    TIM16_IRQHandler                         0x080001b7   Thumb Code     0  startup_stm32f030x6.o(.text)
    TIM17_IRQHandler                         0x080001b7   Thumb Code     0  startup_stm32f030x6.o(.text)
    TIM1_BRK_UP_TRG_COM_IRQHandler           0x080001b7   Thumb Code     0  startup_stm32f030x6.o(.text)
    TIM1_CC_IRQHandler                       0x080001b7   Thumb Code     0  startup_stm32f030x6.o(.text)
    TIM3_IRQHandler                          0x080001b7   Thumb Code     0  startup_stm32f030x6.o(.text)
    WWDG_IRQHandler                          0x080001b7   Thumb Code     0  startup_stm32f030x6.o(.text)
    __user_initial_stackheap                 0x080001b9   Thumb Code     0  startup_stm32f030x6.o(.text)
    malloc                                   0x080001dd   Thumb Code    98  h1_alloc.o(.text)
    free                                     0x0800023f   Thumb Code    76  h1_free.o(.text)
    realloc                                  0x0800028b   Thumb Code   178  h1_realloc.o(.text)
    __aeabi_uldivmod                         0x0800033d   Thumb Code   258  lludiv.o(.text)
    _ll_udiv                                 0x0800033d   Thumb Code     0  lludiv.o(.text)
    __2sprintf                               0x08000441   Thumb Code    36  noretval__2sprintf.o(.text)
    __printf                                 0x08000469   Thumb Code   108  __printf.o(.text)
    _printf_int_dec                          0x080004d5   Thumb Code    90  _printf_dec.o(.text)
    strlen                                   0x08000541   Thumb Code    62  strlen.o(.text)
    __aeabi_memcpy                           0x08000585   Thumb Code   130  rt_memcpy.o(.text)
    __rt_memcpy                              0x08000585   Thumb Code     0  rt_memcpy.o(.text)
    _memset_w                                0x08000607   Thumb Code    26  rt_memclr.o(.text)
    _memset                                  0x08000621   Thumb Code    30  rt_memclr.o(.text)
    __aeabi_memclr                           0x0800063f   Thumb Code     4  rt_memclr.o(.text)
    __rt_memclr                              0x0800063f   Thumb Code     0  rt_memclr.o(.text)
    __aeabi_memclr4                          0x08000643   Thumb Code     0  rt_memclr.o(.text)
    __aeabi_memclr8                          0x08000643   Thumb Code     0  rt_memclr.o(.text)
    __rt_memclr_w                            0x08000643   Thumb Code     4  rt_memclr.o(.text)
    __aeabi_uidiv                            0x08000647   Thumb Code     0  aeabi_sdiv.o(.text)
    __aeabi_uidivmod                         0x08000647   Thumb Code    20  aeabi_sdiv.o(.text)
    __aeabi_idiv                             0x0800065b   Thumb Code     0  aeabi_sdiv.o(.text)
    __aeabi_idivmod                          0x0800065b   Thumb Code   326  aeabi_sdiv.o(.text)
    __use_two_region_memory                  0x080007a1   Thumb Code     2  heapauxi.o(.text)
    __rt_heap_escrow                         0x080007a3   Thumb Code     2  heapauxi.o(.text)
    __rt_heap_expand                         0x080007a5   Thumb Code     2  heapauxi.o(.text)
    __rt_heap_descriptor                     0x080007a9   Thumb Code     8  rt_heap_descriptor_intlibspace.o(.text)
    __use_no_heap                            0x080007b1   Thumb Code     2  hguard.o(.text)
    __heap$guard                             0x080007b3   Thumb Code     2  hguard.o(.text)
    _terminate_user_alloc                    0x080007b5   Thumb Code     2  init_alloc.o(.text)
    _init_user_alloc                         0x080007b7   Thumb Code     2  init_alloc.o(.text)
    __Heap_Full                              0x080007b9   Thumb Code    32  init_alloc.o(.text)
    __Heap_Broken                            0x080007d9   Thumb Code    10  init_alloc.o(.text)
    _init_alloc                              0x080007e3   Thumb Code    90  init_alloc.o(.text)
    __Heap_Initialize                        0x0800083d   Thumb Code    10  h1_init.o(.text)
    __Heap_DescSize                          0x08000847   Thumb Code     4  h1_init.o(.text)
    _printf_int_common                       0x0800084b   Thumb Code   176  _printf_intcommon.o(.text)
    _printf_char_common                      0x08000907   Thumb Code    32  _printf_char_common.o(.text)
    _sputc                                   0x0800092d   Thumb Code    10  _sputc.o(.text)
    __rt_udiv10                              0x08000937   Thumb Code    40  rtudiv10.o(.text)
    __user_libspace                          0x08000961   Thumb Code     8  libspace.o(.text)
    __user_perproc_libspace                  0x08000961   Thumb Code     0  libspace.o(.text)
    __user_perthread_libspace                0x08000961   Thumb Code     0  libspace.o(.text)
    __Heap_ProvideMemory                     0x08000969   Thumb Code    52  h1_extend.o(.text)
    __rt_SIGRTMEM                            0x0800099d   Thumb Code    12  defsig_rtmem_outer.o(.text)
    __I$use$semihosting                      0x080009a9   Thumb Code     0  use_no_semi.o(.text)
    __use_no_semihosting_swi                 0x080009a9   Thumb Code     2  use_no_semi.o(.text)
    __semihosting_library_function           0x080009ab   Thumb Code     0  indicate_semi.o(.text)
    __user_setup_stackheap                   0x080009ab   Thumb Code    62  sys_stackheap_outer.o(.text)
    exit                                     0x080009e9   Thumb Code    16  exit.o(.text)
    __sig_exit                               0x080009f9   Thumb Code    12  defsig_exit.o(.text)
    __rt_SIGRTMEM_inner                      0x08000a05   Thumb Code    22  defsig_rtmem_inner.o(.text)
    _sys_exit                                0x08000a55   Thumb Code     8  sys_exit.o(.text)
    __default_signal_display                 0x08000a61   Thumb Code    52  defsig_general.o(.text)
    _ttywrch                                 0x08000a95   Thumb Code    12  sys_wrch.o(.text)
    __decompress                             0x08000aa1   Thumb Code     0  __dclz77c.o(.text)
    __decompress2                            0x08000aa1   Thumb Code    96  __dclz77c.o(.text)
    ABMN_Init                                0x08000b01   Thumb Code   150  abmn.o(i.ABMN_Init)
    ABMN_ShowInfo                            0x08000ba9   Thumb Code   282  abmn.o(i.ABMN_ShowInfo)
    Addr_Init                                0x08000db5   Thumb Code   122  addr.o(i.Addr_Init)
    Addr_Read                                0x08000e39   Thumb Code   106  addr.o(i.Addr_Read)
    Callback_DealSetDebugLog                 0x08000f01   Thumb Code    14  485.o(i.Callback_DealSetDebugLog)
    ConvertLCDNum                            0x08001179   Thumb Code    70  lcd.o(i.ConvertLCDNum)
    Delay_ms                                 0x08001241   Thumb Code    14  systick.o(i.Delay_ms)
    Delay_us                                 0x08001251   Thumb Code    16  systick.o(i.Delay_us)
    Error_Handler                            0x080012f5   Thumb Code    16  port_sys.o(i.Error_Handler)
    GWTaskTimer_Deal                         0x0800131d   Thumb Code    94  gwtask_timer.o(i.GWTaskTimer_Deal)
    GWTaskTimer_Init                         0x08001385   Thumb Code    12  gwtask_timer.o(i.GWTaskTimer_Init)
    GWTaskTimer_SetTimer                     0x08001395   Thumb Code    58  gwtask_timer.o(i.GWTaskTimer_SetTimer)
    GetQuickCRC16                            0x080013d9   Thumb Code    38  utils.o(i.GetQuickCRC16)
    HAL_DMA_Abort                            0x08001405   Thumb Code    64  stm32f0xx_hal_dma.o(i.HAL_DMA_Abort)
    HAL_DMA_Abort_IT                         0x08001445   Thumb Code    72  stm32f0xx_hal_dma.o(i.HAL_DMA_Abort_IT)
    HAL_GPIO_Init                            0x0800148d   Thumb Code   396  stm32f0xx_hal_gpio.o(i.HAL_GPIO_Init)
    HAL_GPIO_ReadPin                         0x08001631   Thumb Code    10  stm32f0xx_hal_gpio.o(i.HAL_GPIO_ReadPin)
    HAL_GPIO_WritePin                        0x0800163b   Thumb Code    12  stm32f0xx_hal_gpio.o(i.HAL_GPIO_WritePin)
    HAL_GetTick                              0x08001649   Thumb Code     6  stm32f0xx_hal.o(i.HAL_GetTick)
    HAL_IncTick                              0x08001655   Thumb Code    12  stm32f0xx_hal.o(i.HAL_IncTick)
    HAL_Init                                 0x08001665   Thumb Code    26  stm32f0xx_hal.o(i.HAL_Init)
    HAL_InitTick                             0x08001685   Thumb Code    58  stm32f0xx_hal.o(i.HAL_InitTick)
    HAL_MspInit                              0x080016c9   Thumb Code    34  stm32f0xx_hal_msp.o(i.HAL_MspInit)
    HAL_NVIC_EnableIRQ                       0x080016f1   Thumb Code    18  stm32f0xx_hal_cortex.o(i.HAL_NVIC_EnableIRQ)
    HAL_NVIC_SetPriority                     0x08001709   Thumb Code     8  stm32f0xx_hal_cortex.o(i.HAL_NVIC_SetPriority)
    HAL_RCCEx_PeriphCLKConfig                0x08001711   Thumb Code   218  stm32f0xx_hal_rcc_ex.o(i.HAL_RCCEx_PeriphCLKConfig)
    HAL_RCC_ClockConfig                      0x080017f9   Thumb Code   242  stm32f0xx_hal_rcc.o(i.HAL_RCC_ClockConfig)
    HAL_RCC_GetPCLK1Freq                     0x08001901   Thumb Code    20  stm32f0xx_hal_rcc.o(i.HAL_RCC_GetPCLK1Freq)
    HAL_RCC_GetSysClockFreq                  0x08001921   Thumb Code    84  stm32f0xx_hal_rcc.o(i.HAL_RCC_GetSysClockFreq)
    HAL_RCC_OscConfig                        0x080019a1   Thumb Code   890  stm32f0xx_hal_rcc.o(i.HAL_RCC_OscConfig)
    HAL_SPI_Init                             0x08001d29   Thumb Code   238  stm32f0xx_hal_spi.o(i.HAL_SPI_Init)
    HAL_SPI_MspInit                          0x08001e19   Thumb Code    84  stm32f0xx_hal_msp.o(i.HAL_SPI_MspInit)
    HAL_SPI_Transmit                         0x08001e75   Thumb Code   352  stm32f0xx_hal_spi.o(i.HAL_SPI_Transmit)
    HAL_SYSTICK_Config                       0x08001fd5   Thumb Code    38  stm32f0xx_hal_cortex.o(i.HAL_SYSTICK_Config)
    HAL_UARTEx_RxEventCallback               0x08002005   Thumb Code     2  stm32f0xx_hal_uart.o(i.HAL_UARTEx_RxEventCallback)
    HAL_UART_ErrorCallback                   0x08002007   Thumb Code     2  stm32f0xx_hal_uart.o(i.HAL_UART_ErrorCallback)
    HAL_UART_IRQHandler                      0x08002009   Thumb Code   640  stm32f0xx_hal_uart.o(i.HAL_UART_IRQHandler)
    HAL_UART_Init                            0x08002295   Thumb Code   106  stm32f0xx_hal_uart.o(i.HAL_UART_Init)
    HAL_UART_MspInit                         0x08002301   Thumb Code   118  stm32f0xx_hal_msp.o(i.HAL_UART_MspInit)
    HAL_UART_Receive_IT                      0x08002389   Thumb Code   100  stm32f0xx_hal_uart.o(i.HAL_UART_Receive_IT)
    HAL_UART_RxCpltCallback                  0x080023ed   Thumb Code    44  485.o(i.HAL_UART_RxCpltCallback)
    HAL_UART_Transmit                        0x08002421   Thumb Code   210  stm32f0xx_hal_uart.o(i.HAL_UART_Transmit)
    HAL_UART_TxCpltCallback                  0x080024f3   Thumb Code     2  stm32f0xx_hal_uart.o(i.HAL_UART_TxCpltCallback)
    HardFault_Handler                        0x080024f5   Thumb Code     2  stm32f0xx_it.o(i.HardFault_Handler)
    Init485                                  0x08002545   Thumb Code   138  485.o(i.Init485)
    LCD_Address_Set                          0x08002651   Thumb Code    54  lcd.o(i.LCD_Address_Set)
    LCD_Clear                                0x08002689   Thumb Code    64  lcd.o(i.LCD_Clear)
    LCD_Port_Init                            0x080026f5   Thumb Code   100  lcd.o(i.LCD_Port_Init)
    LCD_SPIWrit_Bus                          0x0800275d   Thumb Code    24  lcd.o(i.LCD_SPIWrit_Bus)
    LCD_ShowABMNString                       0x080027e1   Thumb Code    96  lcd.o(i.LCD_ShowABMNString)
    LCD_ShowBmp565                           0x08002845   Thumb Code    64  lcd.o(i.LCD_ShowBmp565)
    LCD_WR_DATA                              0x08002885   Thumb Code    52  lcd.o(i.LCD_WR_DATA)
    LCD_WR_DATA8                             0x080028b9   Thumb Code    46  lcd.o(i.LCD_WR_DATA8)
    LCD_WR_REG                               0x080028e7   Thumb Code    46  lcd.o(i.LCD_WR_REG)
    Lcd_Init                                 0x08002915   Thumb Code   502  lcd.o(i.Lcd_Init)
    LogTo485                                 0x08002b0b   Thumb Code     8  485.o(i.LogTo485)
    MyList_AddNodePureData                   0x08002b4d   Thumb Code    68  mylist.o(i.MyList_AddNodePureData)
    MyList_Create                            0x08002b91   Thumb Code    16  mylist.o(i.MyList_Create)
    MyList_DeleteNode                        0x08002ba1   Thumb Code    28  mylist.o(i.MyList_DeleteNode)
    MyList_DeleteNodeAt                      0x08002bbd   Thumb Code    84  mylist.o(i.MyList_DeleteNodeAt)
    MyList_GetNode                           0x08002c11   Thumb Code     8  mylist.o(i.MyList_GetNode)
    MyList_IndexOf                           0x08002c19   Thumb Code    36  mylist.o(i.MyList_IndexOf)
    MyQue_AddByte                            0x08002c3d   Thumb Code    46  myque.o(i.MyQue_AddByte)
    MyQue_DataAt                             0x08002c6b   Thumb Code    44  myque.o(i.MyQue_DataAt)
    MyQue_Init                               0x08002c97   Thumb Code    38  myque.o(i.MyQue_Init)
    MyQue_IsEmpty                            0x08002cbd   Thumb Code    16  myque.o(i.MyQue_IsEmpty)
    MyQue_IsFull                             0x08002ccd   Thumb Code    28  myque.o(i.MyQue_IsFull)
    MyQue_Remove                             0x08002ce9   Thumb Code    82  myque.o(i.MyQue_Remove)
    MyQue_Size                               0x08002d3b   Thumb Code    22  myque.o(i.MyQue_Size)
    MyQue_TryGet                             0x08002d51   Thumb Code    72  myque.o(i.MyQue_TryGet)
    NMI_Handler                              0x08002d99   Thumb Code     2  stm32f0xx_it.o(i.NMI_Handler)
    PRINTF                                   0x08002d9d   Thumb Code    42  port_sys.o(i.PRINTF)
    PendSV_Handler                           0x08002dcd   Thumb Code     2  stm32f0xx_it.o(i.PendSV_Handler)
    Register485Callback                      0x08002dd1   Thumb Code     8  485.o(i.Register485Callback)
    SVC_Handler                              0x08002fbd   Thumb Code     2  stm32f0xx_it.o(i.SVC_Handler)
    Send485                                  0x08002fc1   Thumb Code    58  485.o(i.Send485)
    SysTick_Handler                          0x08003267   Thumb Code    12  stm32f0xx_it.o(i.SysTick_Handler)
    SysTick_Init                             0x08003275   Thumb Code    30  systick.o(i.SysTick_Init)
    SystemClock_Config                       0x080032a1   Thumb Code   124  main.o(i.SystemClock_Config)
    SystemInit                               0x0800331d   Thumb Code     2  system_stm32f0xx.o(i.SystemInit)
    Task_Deal485                             0x08003321   Thumb Code   132  485.o(i.Task_Deal485)
    TimingDelay_Decrement                    0x080033b1   Thumb Code    36  systick.o(i.TimingDelay_Decrement)
    UART_AdvFeatureConfig                    0x080033d9   Thumb Code   202  stm32f0xx_hal_uart.o(i.UART_AdvFeatureConfig)
    UART_CheckIdleState                      0x080034a5   Thumb Code    94  stm32f0xx_hal_uart.o(i.UART_CheckIdleState)
    UART_SetConfig                           0x080036cd   Thumb Code   268  stm32f0xx_hal_uart.o(i.UART_SetConfig)
    UART_Start_Receive_IT                    0x080037e9   Thumb Code   142  stm32f0xx_hal_uart.o(i.UART_Start_Receive_IT)
    UART_WaitOnFlagUntilTimeout              0x08003885   Thumb Code   212  stm32f0xx_hal_uart.o(i.UART_WaitOnFlagUntilTimeout)
    USART1_IRQHandler                        0x08003959   Thumb Code    22  stm32f0xx_it.o(i.USART1_IRQHandler)
    __ARM_common_ll_muluu                    0x0800397d   Thumb Code    48  stm32f0xx_hal_rcc.o(i.__ARM_common_ll_muluu)
    baudrate_read                            0x080039f1   Thumb Code     6  addr.o(i.baudrate_read)
    main                                     0x080039f9   Thumb Code    74  main.o(i.main)
    AHBPrescTable                            0x08003a4c   Data          16  system_stm32f0xx.o(.constdata)
    APBPrescTable                            0x08003a5c   Data           8  system_stm32f0xx.o(.constdata)
    Region$$Table$$Base                      0x08003a64   Number         0  anon$$obj.o(Region$$Table)
    Region$$Table$$Limit                     0x08003aa4   Number         0  anon$$obj.o(Region$$Table)
    hdep_logo                                0x08006000   Data        4681  hdep_logo_48.o(.ARM.__AT_0x08006000)
    abmnFont                                 0x08007280   Data        2592  lcdfont.o(.ARM.__AT_0x08007280)
    g_GlobalTimeMilliseconds                 0x20000008   Data           4  systick.o(.data)
    DebugLogBy485                            0x2000000c   Data           1  port_sys.o(.data)
    uwTickFreq                               0x20000010   Data           1  stm32f0xx_hal.o(.data)
    uwTickPrio                               0x20000014   Data           4  stm32f0xx_hal.o(.data)
    uwTick                                   0x20000018   Data           4  stm32f0xx_hal.o(.data)
    SystemCoreClock                          0x2000001c   Data           4  system_stm32f0xx.o(.data)
    PTimerList                               0x20000020   Data           4  gwtask_timer.o(.data)
    aucCRCHi                                 0x20000034   Data         256  utils.o(.data)
    aucCRCLo                                 0x20000134   Data         256  utils.o(.data)
    abmnChars                                0x20000246   Data          18  lcdfont.o(.data)
    BACK_COLOR                               0x20000258   Data           2  lcd.o(.data)
    rcv485BufferLen                          0x2000025c   Data           1  485.o(.data)
    localSubAddr                             0x2000025d   Data           1  485.o(.data)
    rcv485DataBuffer                         0x2000025e   Data           1  485.o(.data)
    lcdspi                                   0x2000029c   Data         100  lcd.o(.bss)
    huart1                                   0x20000300   Data         132  485.o(.bss)
    __libspace_start                         0x20000784   Data          96  libspace.o(.bss)
    __temporary_stack_top$libspace           0x200007e4   Data           0  libspace.o(.bss)



==============================================================================

Memory Map of the image

  Image Entry point : 0x080000b1

  Load Region LR_IROM1 (Base: 0x08000000, Size: 0x00007f0c, Max: 0x00008000, ABSOLUTE, COMPRESSED[0x00007dfc])

    Execution Region ER_IROM1 (Exec base: 0x08000000, Load base: 0x08000000, Size: 0x00007ca0, Max: 0x00008000, ABSOLUTE)

    Exec Addr    Load Addr    Size         Type   Attr      Idx    E Section Name        Object

    0x08000000   0x08000000   0x000000b0   Data   RO            3    RESET               startup_stm32f030x6.o
    0x080000b0   0x080000b0   0x00000008   Code   RO         3074  * !!!main             c_p.l(__main.o)
    0x080000b8   0x080000b8   0x0000003c   Code   RO         3339    !!!scatter          c_p.l(__scatter.o)
    0x080000f4   0x080000f4   0x0000001a   Code   RO         3341    !!handler_copy      c_p.l(__scatter_copy.o)
    0x0800010e   0x0800010e   0x00000002   PAD
    0x08000110   0x08000110   0x0000001c   Code   RO         3343    !!handler_zi        c_p.l(__scatter_zi.o)
    0x0800012c   0x0800012c   0x00000002   Code   RO         3053    .ARM.Collect$$_printf_percent$$00000000  c_p.l(_printf_percent.o)
    0x0800012e   0x0800012e   0x0000000a   Code   RO         3052    .ARM.Collect$$_printf_percent$$00000009  c_p.l(_printf_d.o)
    0x08000138   0x08000138   0x00000004   Code   RO         3134    .ARM.Collect$$_printf_percent$$00000017  c_p.l(_printf_percent_end.o)
    0x0800013c   0x0800013c   0x00000002   Code   RO         3273    .ARM.Collect$$libinit$$00000000  c_p.l(libinit.o)
    0x0800013e   0x0800013e   0x00000000   Code   RO         3142    .ARM.Collect$$libinit$$00000002  c_p.l(libinit2.o)
    0x0800013e   0x0800013e   0x00000000   Code   RO         3144    .ARM.Collect$$libinit$$00000004  c_p.l(libinit2.o)
    0x0800013e   0x0800013e   0x00000008   Code   RO         3145    .ARM.Collect$$libinit$$00000005  c_p.l(libinit2.o)
    0x08000146   0x08000146   0x00000000   Code   RO         3147    .ARM.Collect$$libinit$$0000000A  c_p.l(libinit2.o)
    0x08000146   0x08000146   0x00000000   Code   RO         3149    .ARM.Collect$$libinit$$0000000C  c_p.l(libinit2.o)
    0x08000146   0x08000146   0x00000000   Code   RO         3151    .ARM.Collect$$libinit$$0000000E  c_p.l(libinit2.o)
    0x08000146   0x08000146   0x00000000   Code   RO         3154    .ARM.Collect$$libinit$$00000011  c_p.l(libinit2.o)
    0x08000146   0x08000146   0x00000000   Code   RO         3156    .ARM.Collect$$libinit$$00000013  c_p.l(libinit2.o)
    0x08000146   0x08000146   0x00000000   Code   RO         3158    .ARM.Collect$$libinit$$00000015  c_p.l(libinit2.o)
    0x08000146   0x08000146   0x00000000   Code   RO         3160    .ARM.Collect$$libinit$$00000017  c_p.l(libinit2.o)
    0x08000146   0x08000146   0x00000000   Code   RO         3162    .ARM.Collect$$libinit$$00000019  c_p.l(libinit2.o)
    0x08000146   0x08000146   0x00000000   Code   RO         3164    .ARM.Collect$$libinit$$0000001B  c_p.l(libinit2.o)
    0x08000146   0x08000146   0x00000000   Code   RO         3166    .ARM.Collect$$libinit$$0000001D  c_p.l(libinit2.o)
    0x08000146   0x08000146   0x00000000   Code   RO         3168    .ARM.Collect$$libinit$$0000001F  c_p.l(libinit2.o)
    0x08000146   0x08000146   0x00000000   Code   RO         3170    .ARM.Collect$$libinit$$00000021  c_p.l(libinit2.o)
    0x08000146   0x08000146   0x00000000   Code   RO         3172    .ARM.Collect$$libinit$$00000023  c_p.l(libinit2.o)
    0x08000146   0x08000146   0x00000000   Code   RO         3174    .ARM.Collect$$libinit$$00000025  c_p.l(libinit2.o)
    0x08000146   0x08000146   0x00000000   Code   RO         3178    .ARM.Collect$$libinit$$0000002C  c_p.l(libinit2.o)
    0x08000146   0x08000146   0x00000000   Code   RO         3180    .ARM.Collect$$libinit$$0000002E  c_p.l(libinit2.o)
    0x08000146   0x08000146   0x00000000   Code   RO         3182    .ARM.Collect$$libinit$$00000030  c_p.l(libinit2.o)
    0x08000146   0x08000146   0x00000000   Code   RO         3184    .ARM.Collect$$libinit$$00000032  c_p.l(libinit2.o)
    0x08000146   0x08000146   0x00000002   Code   RO         3185    .ARM.Collect$$libinit$$00000033  c_p.l(libinit2.o)
    0x08000148   0x08000148   0x00000002   Code   RO         3334    .ARM.Collect$$libshutdown$$00000000  c_p.l(libshutdown.o)
    0x0800014a   0x0800014a   0x00000000   Code   RO         3292    .ARM.Collect$$libshutdown$$00000002  c_p.l(libshutdown2.o)
    0x0800014a   0x0800014a   0x00000000   Code   RO         3294    .ARM.Collect$$libshutdown$$00000004  c_p.l(libshutdown2.o)
    0x0800014a   0x0800014a   0x00000000   Code   RO         3297    .ARM.Collect$$libshutdown$$00000007  c_p.l(libshutdown2.o)
    0x0800014a   0x0800014a   0x00000000   Code   RO         3300    .ARM.Collect$$libshutdown$$0000000A  c_p.l(libshutdown2.o)
    0x0800014a   0x0800014a   0x00000000   Code   RO         3302    .ARM.Collect$$libshutdown$$0000000C  c_p.l(libshutdown2.o)
    0x0800014a   0x0800014a   0x00000000   Code   RO         3305    .ARM.Collect$$libshutdown$$0000000F  c_p.l(libshutdown2.o)
    0x0800014a   0x0800014a   0x00000002   Code   RO         3306    .ARM.Collect$$libshutdown$$00000010  c_p.l(libshutdown2.o)
    0x0800014c   0x0800014c   0x00000000   Code   RO         3089    .ARM.Collect$$rtentry$$00000000  c_p.l(__rtentry.o)
    0x0800014c   0x0800014c   0x00000000   Code   RO         3193    .ARM.Collect$$rtentry$$00000002  c_p.l(__rtentry2.o)
    0x0800014c   0x0800014c   0x00000006   Code   RO         3205    .ARM.Collect$$rtentry$$00000004  c_p.l(__rtentry4.o)
    0x08000152   0x08000152   0x00000000   Code   RO         3195    .ARM.Collect$$rtentry$$00000009  c_p.l(__rtentry2.o)
    0x08000152   0x08000152   0x00000004   Code   RO         3196    .ARM.Collect$$rtentry$$0000000A  c_p.l(__rtentry2.o)
    0x08000156   0x08000156   0x00000000   Code   RO         3198    .ARM.Collect$$rtentry$$0000000C  c_p.l(__rtentry2.o)
    0x08000156   0x08000156   0x00000008   Code   RO         3199    .ARM.Collect$$rtentry$$0000000D  c_p.l(__rtentry2.o)
    0x0800015e   0x0800015e   0x00000002   Code   RO         3277    .ARM.Collect$$rtexit$$00000000  c_p.l(rtexit.o)
    0x08000160   0x08000160   0x00000000   Code   RO         3310    .ARM.Collect$$rtexit$$00000002  c_p.l(rtexit2.o)
    0x08000160   0x08000160   0x00000004   Code   RO         3311    .ARM.Collect$$rtexit$$00000003  c_p.l(rtexit2.o)
    0x08000164   0x08000164   0x00000006   Code   RO         3312    .ARM.Collect$$rtexit$$00000004  c_p.l(rtexit2.o)
    0x0800016a   0x0800016a   0x00000002   PAD
    0x0800016c   0x0800016c   0x00000038   Code   RO         3062    .emb_text           c_p.l(rt_memcpy.o)
    0x080001a4   0x080001a4   0x00000000   Code   RO         3213    .emb_text           c_p.l(maybetermalloc1.o)
    0x080001a4   0x080001a4   0x00000038   Code   RO            4    .text               startup_stm32f030x6.o
    0x080001dc   0x080001dc   0x00000062   Code   RO         2958    .text               c_p.l(h1_alloc.o)
    0x0800023e   0x0800023e   0x0000004c   Code   RO         2960    .text               c_p.l(h1_free.o)
    0x0800028a   0x0800028a   0x000000b2   Code   RO         2962    .text               c_p.l(h1_realloc.o)
    0x0800033c   0x0800033c   0x00000102   Code   RO         3022    .text               c_p.l(lludiv.o)
    0x0800043e   0x0800043e   0x00000002   PAD
    0x08000440   0x08000440   0x00000028   Code   RO         3026    .text               c_p.l(noretval__2sprintf.o)
    0x08000468   0x08000468   0x0000006c   Code   RO         3028    .text               c_p.l(__printf.o)
    0x080004d4   0x080004d4   0x0000006c   Code   RO         3030    .text               c_p.l(_printf_dec.o)
    0x08000540   0x08000540   0x00000044   Code   RO         3056    .text               c_p.l(strlen.o)
    0x08000584   0x08000584   0x00000082   Code   RO         3063    .text               c_p.l(rt_memcpy.o)
    0x08000606   0x08000606   0x00000040   Code   RO         3066    .text               c_p.l(rt_memclr.o)
    0x08000646   0x08000646   0x0000015a   Code   RO         3068    .text               c_p.l(aeabi_sdiv.o)
    0x080007a0   0x080007a0   0x00000006   Code   RO         3072    .text               c_p.l(heapauxi.o)
    0x080007a6   0x080007a6   0x00000002   PAD
    0x080007a8   0x080007a8   0x00000008   Code   RO         3101    .text               c_p.l(rt_heap_descriptor_intlibspace.o)
    0x080007b0   0x080007b0   0x00000004   Code   RO         3108    .text               c_p.l(hguard.o)
    0x080007b4   0x080007b4   0x00000088   Code   RO         3110    .text               c_p.l(init_alloc.o)
    0x0800083c   0x0800083c   0x0000000e   Code   RO         3114    .text               c_p.l(h1_init.o)
    0x0800084a   0x0800084a   0x000000b0   Code   RO         3128    .text               c_p.l(_printf_intcommon.o)
    0x080008fa   0x080008fa   0x00000002   PAD
    0x080008fc   0x080008fc   0x00000030   Code   RO         3130    .text               c_p.l(_printf_char_common.o)
    0x0800092c   0x0800092c   0x0000000a   Code   RO         3132    .text               c_p.l(_sputc.o)
    0x08000936   0x08000936   0x00000028   Code   RO         3137    .text               c_p.l(rtudiv10.o)
    0x0800095e   0x0800095e   0x00000002   PAD
    0x08000960   0x08000960   0x00000008   Code   RO         3189    .text               c_p.l(libspace.o)
    0x08000968   0x08000968   0x00000034   Code   RO         3215    .text               c_p.l(h1_extend.o)
    0x0800099c   0x0800099c   0x0000000c   Code   RO         3223    .text               c_p.l(defsig_rtmem_outer.o)
    0x080009a8   0x080009a8   0x00000002   Code   RO         3234    .text               c_p.l(use_no_semi.o)
    0x080009aa   0x080009aa   0x00000000   Code   RO         3236    .text               c_p.l(indicate_semi.o)
    0x080009aa   0x080009aa   0x0000003e   Code   RO         3237    .text               c_p.l(sys_stackheap_outer.o)
    0x080009e8   0x080009e8   0x00000010   Code   RO         3254    .text               c_p.l(exit.o)
    0x080009f8   0x080009f8   0x0000000c   Code   RO         3256    .text               c_p.l(defsig_exit.o)
    0x08000a04   0x08000a04   0x00000050   Code   RO         3262    .text               c_p.l(defsig_rtmem_inner.o)
    0x08000a54   0x08000a54   0x0000000c   Code   RO         3274    .text               c_p.l(sys_exit.o)
    0x08000a60   0x08000a60   0x00000034   Code   RO         3285    .text               c_p.l(defsig_general.o)
    0x08000a94   0x08000a94   0x0000000c   Code   RO         3307    .text               c_p.l(sys_wrch.o)
    0x08000aa0   0x08000aa0   0x00000060   Code   RO         3337    .text               c_p.l(__dclz77c.o)
    0x08000b00   0x08000b00   0x000000a8   Code   RO         2532    i.ABMN_Init         abmn.o
    0x08000ba8   0x08000ba8   0x0000012c   Code   RO         2533    i.ABMN_ShowInfo     abmn.o
    0x08000cd4   0x08000cd4   0x000000bc   Code   RO         2534    i.AMBN_Port_Init    abmn.o
    0x08000d90   0x08000d90   0x00000022   Code   RO         2535    i.AddExistsIndex    abmn.o
    0x08000db2   0x08000db2   0x00000002   PAD
    0x08000db4   0x08000db4   0x00000084   Code   RO         2836    i.Addr_Init         addr.o
    0x08000e38   0x08000e38   0x00000070   Code   RO         2837    i.Addr_Read         addr.o
    0x08000ea8   0x08000ea8   0x00000058   Code   RO         2536    i.CalcRelayToABMN   abmn.o
    0x08000f00   0x08000f00   0x00000014   Code   RO         2868    i.Callback_DealSetDebugLog  485.o
    0x08000f14   0x08000f14   0x00000012   Code   RO         2537    i.Callback_SetABMN  abmn.o
    0x08000f26   0x08000f26   0x00000002   PAD
    0x08000f28   0x08000f28   0x0000005c   Code   RO         2538    i.ClearABMNConnInfo  abmn.o
    0x08000f84   0x08000f84   0x000001f4   Code   RO         2539    i.ConnectABMNRelayNos  abmn.o
    0x08001178   0x08001178   0x0000004c   Code   RO         2642    i.ConvertLCDNum     lcd.o
    0x080011c4   0x080011c4   0x0000007c   Code   RO          312    i.ConvertRadixNumToString  port_sys.o
    0x08001240   0x08001240   0x0000000e   Code   RO          271    i.Delay_ms          systick.o
    0x0800124e   0x0800124e   0x00000002   PAD
    0x08001250   0x08001250   0x00000014   Code   RO          272    i.Delay_us          systick.o
    0x08001264   0x08001264   0x00000024   Code   RO         2540    i.DisConnectRelay   abmn.o
    0x08001288   0x08001288   0x0000006c   Code   RO         2541    i.DisplayABMNConnInfo  abmn.o
    0x080012f4   0x080012f4   0x00000028   Code   RO          313    i.Error_Handler     port_sys.o
    0x0800131c   0x0800131c   0x00000068   Code   RO         2076    i.GWTaskTimer_Deal  gwtask_timer.o
    0x08001384   0x08001384   0x00000010   Code   RO         2077    i.GWTaskTimer_Init  gwtask_timer.o
    0x08001394   0x08001394   0x00000044   Code   RO         2079    i.GWTaskTimer_SetTimer  gwtask_timer.o
    0x080013d8   0x080013d8   0x0000002c   Code   RO         2134    i.GetQuickCRC16     utils.o
    0x08001404   0x08001404   0x00000040   Code   RO          720    i.HAL_DMA_Abort     stm32f0xx_hal_dma.o
    0x08001444   0x08001444   0x00000048   Code   RO          721    i.HAL_DMA_Abort_IT  stm32f0xx_hal_dma.o
    0x0800148c   0x0800148c   0x000001a4   Code   RO          659    i.HAL_GPIO_Init     stm32f0xx_hal_gpio.o
    0x08001630   0x08001630   0x0000000a   Code   RO          661    i.HAL_GPIO_ReadPin  stm32f0xx_hal_gpio.o
    0x0800163a   0x0800163a   0x0000000c   Code   RO          663    i.HAL_GPIO_WritePin  stm32f0xx_hal_gpio.o
    0x08001646   0x08001646   0x00000002   PAD
    0x08001648   0x08001648   0x0000000c   Code   RO          507    i.HAL_GetTick       stm32f0xx_hal.o
    0x08001654   0x08001654   0x00000010   Code   RO          513    i.HAL_IncTick       stm32f0xx_hal.o
    0x08001664   0x08001664   0x00000020   Code   RO          514    i.HAL_Init          stm32f0xx_hal.o
    0x08001684   0x08001684   0x00000044   Code   RO          515    i.HAL_InitTick      stm32f0xx_hal.o
    0x080016c8   0x080016c8   0x00000028   Code   RO          233    i.HAL_MspInit       stm32f0xx_hal_msp.o
    0x080016f0   0x080016f0   0x00000018   Code   RO          818    i.HAL_NVIC_EnableIRQ  stm32f0xx_hal_cortex.o
    0x08001708   0x08001708   0x00000008   Code   RO          822    i.HAL_NVIC_SetPriority  stm32f0xx_hal_cortex.o
    0x08001710   0x08001710   0x000000e8   Code   RO          468    i.HAL_RCCEx_PeriphCLKConfig  stm32f0xx_hal_rcc_ex.o
    0x080017f8   0x080017f8   0x00000108   Code   RO          373    i.HAL_RCC_ClockConfig  stm32f0xx_hal_rcc.o
    0x08001900   0x08001900   0x00000020   Code   RO          380    i.HAL_RCC_GetPCLK1Freq  stm32f0xx_hal_rcc.o
    0x08001920   0x08001920   0x00000080   Code   RO          381    i.HAL_RCC_GetSysClockFreq  stm32f0xx_hal_rcc.o
    0x080019a0   0x080019a0   0x00000388   Code   RO          384    i.HAL_RCC_OscConfig  stm32f0xx_hal_rcc.o
    0x08001d28   0x08001d28   0x000000ee   Code   RO         1710    i.HAL_SPI_Init      stm32f0xx_hal_spi.o
    0x08001e16   0x08001e16   0x00000002   PAD
    0x08001e18   0x08001e18   0x0000005c   Code   RO          234    i.HAL_SPI_MspInit   stm32f0xx_hal_msp.o
    0x08001e74   0x08001e74   0x00000160   Code   RO         1718    i.HAL_SPI_Transmit  stm32f0xx_hal_spi.o
    0x08001fd4   0x08001fd4   0x00000030   Code   RO          826    i.HAL_SYSTICK_Config  stm32f0xx_hal_cortex.o
    0x08002004   0x08002004   0x00000002   Code   RO         1283    i.HAL_UARTEx_RxEventCallback  stm32f0xx_hal_uart.o
    0x08002006   0x08002006   0x00000002   Code   RO         1299    i.HAL_UART_ErrorCallback  stm32f0xx_hal_uart.o
    0x08002008   0x08002008   0x0000028c   Code   RO         1302    i.HAL_UART_IRQHandler  stm32f0xx_hal_uart.o
    0x08002294   0x08002294   0x0000006a   Code   RO         1303    i.HAL_UART_Init     stm32f0xx_hal_uart.o
    0x080022fe   0x080022fe   0x00000002   PAD
    0x08002300   0x08002300   0x00000088   Code   RO          236    i.HAL_UART_MspInit  stm32f0xx_hal_msp.o
    0x08002388   0x08002388   0x00000064   Code   RO         1308    i.HAL_UART_Receive_IT  stm32f0xx_hal_uart.o
    0x080023ec   0x080023ec   0x00000034   Code   RO         2869    i.HAL_UART_RxCpltCallback  485.o
    0x08002420   0x08002420   0x000000d2   Code   RO         1312    i.HAL_UART_Transmit  stm32f0xx_hal_uart.o
    0x080024f2   0x080024f2   0x00000002   Code   RO         1315    i.HAL_UART_TxCpltCallback  stm32f0xx_hal_uart.o
    0x080024f4   0x080024f4   0x00000002   Code   RO          179    i.HardFault_Handler  stm32f0xx_it.o
    0x080024f6   0x080024f6   0x00000002   PAD
    0x080024f8   0x080024f8   0x0000004c   Code   RO         2644    i.Hardware_SPI_Init  lcd.o
    0x08002544   0x08002544   0x000000bc   Code   RO         2870    i.Init485           485.o
    0x08002600   0x08002600   0x00000012   Code   RO          314    i.InterAct_OutputDebug  port_sys.o
    0x08002612   0x08002612   0x0000003e   Code   RO          315    i.InterAct_RelocateLog  port_sys.o
    0x08002650   0x08002650   0x00000036   Code   RO         2645    i.LCD_Address_Set   lcd.o
    0x08002686   0x08002686   0x00000002   PAD
    0x08002688   0x08002688   0x0000006c   Code   RO         2646    i.LCD_Clear         lcd.o
    0x080026f4   0x080026f4   0x00000068   Code   RO         2656    i.LCD_Port_Init     lcd.o
    0x0800275c   0x0800275c   0x0000001c   Code   RO         2657    i.LCD_SPIWrit_Bus   lcd.o
    0x08002778   0x08002778   0x00000068   Code   RO         2659    i.LCD_ShowABMNChar  lcd.o
    0x080027e0   0x080027e0   0x00000064   Code   RO         2660    i.LCD_ShowABMNString  lcd.o
    0x08002844   0x08002844   0x00000040   Code   RO         2661    i.LCD_ShowBmp565    lcd.o
    0x08002884   0x08002884   0x00000034   Code   RO         2662    i.LCD_WR_DATA       lcd.o
    0x080028b8   0x080028b8   0x0000002e   Code   RO         2663    i.LCD_WR_DATA8      lcd.o
    0x080028e6   0x080028e6   0x0000002e   Code   RO         2664    i.LCD_WR_REG        lcd.o
    0x08002914   0x08002914   0x000001f6   Code   RO         2666    i.Lcd_Init          lcd.o
    0x08002b0a   0x08002b0a   0x00000008   Code   RO         2871    i.LogTo485          485.o
    0x08002b12   0x08002b12   0x00000002   PAD
    0x08002b14   0x08002b14   0x00000038   Code   RO         2872    i.MX_USART1_UART_Init  485.o
    0x08002b4c   0x08002b4c   0x00000044   Code   RO         2279    i.MyList_AddNodePureData  mylist.o
    0x08002b90   0x08002b90   0x00000010   Code   RO         2281    i.MyList_Create     mylist.o
    0x08002ba0   0x08002ba0   0x0000001c   Code   RO         2282    i.MyList_DeleteNode  mylist.o
    0x08002bbc   0x08002bbc   0x00000054   Code   RO         2283    i.MyList_DeleteNodeAt  mylist.o
    0x08002c10   0x08002c10   0x00000008   Code   RO         2285    i.MyList_GetNode    mylist.o
    0x08002c18   0x08002c18   0x00000024   Code   RO         2286    i.MyList_IndexOf    mylist.o
    0x08002c3c   0x08002c3c   0x0000002e   Code   RO         2341    i.MyQue_AddByte     myque.o
    0x08002c6a   0x08002c6a   0x0000002c   Code   RO         2342    i.MyQue_DataAt      myque.o
    0x08002c96   0x08002c96   0x00000026   Code   RO         2345    i.MyQue_Init        myque.o
    0x08002cbc   0x08002cbc   0x00000010   Code   RO         2413    i.MyQue_IsEmpty     myque.o
    0x08002ccc   0x08002ccc   0x0000001c   Code   RO         2408    i.MyQue_IsFull      myque.o
    0x08002ce8   0x08002ce8   0x00000052   Code   RO         2346    i.MyQue_Remove      myque.o
    0x08002d3a   0x08002d3a   0x00000016   Code   RO         2347    i.MyQue_Size        myque.o
    0x08002d50   0x08002d50   0x00000048   Code   RO         2348    i.MyQue_TryGet      myque.o
    0x08002d98   0x08002d98   0x00000002   Code   RO          180    i.NMI_Handler       stm32f0xx_it.o
    0x08002d9a   0x08002d9a   0x00000002   PAD
    0x08002d9c   0x08002d9c   0x00000030   Code   RO          316    i.PRINTF            port_sys.o
    0x08002dcc   0x08002dcc   0x00000002   Code   RO          181    i.PendSV_Handler    stm32f0xx_it.o
    0x08002dce   0x08002dce   0x00000002   PAD
    0x08002dd0   0x08002dd0   0x0000000c   Code   RO         2874    i.Register485Callback  485.o
    0x08002ddc   0x08002ddc   0x00000002   Code   RO           12    i.ReportRunInfo     main.o
    0x08002dde   0x08002dde   0x0000004c   Code   RO         1748    i.SPI_EndRxTxTransaction  stm32f0xx_hal_spi.o
    0x08002e2a   0x08002e2a   0x00000002   PAD
    0x08002e2c   0x08002e2c   0x000000d8   Code   RO         1753    i.SPI_WaitFifoStateUntilTimeout  stm32f0xx_hal_spi.o
    0x08002f04   0x08002f04   0x000000b8   Code   RO         1754    i.SPI_WaitFlagStateUntilTimeout  stm32f0xx_hal_spi.o
    0x08002fbc   0x08002fbc   0x00000002   Code   RO          182    i.SVC_Handler       stm32f0xx_it.o
    0x08002fbe   0x08002fbe   0x00000002   PAD
    0x08002fc0   0x08002fc0   0x00000044   Code   RO         2875    i.Send485           485.o
    0x08003004   0x08003004   0x00000064   Code   RO         2542    i.SetABMNPortSate   abmn.o
    0x08003068   0x08003068   0x0000007c   Code   RO         2543    i.SetABMNState      abmn.o
    0x080030e4   0x080030e4   0x00000182   Code   RO          317    i.StrFormatPrintf   port_sys.o
    0x08003266   0x08003266   0x0000000c   Code   RO          183    i.SysTick_Handler   stm32f0xx_it.o
    0x08003272   0x08003272   0x00000002   PAD
    0x08003274   0x08003274   0x0000002c   Code   RO          273    i.SysTick_Init      systick.o
    0x080032a0   0x080032a0   0x0000007c   Code   RO           13    i.SystemClock_Config  main.o
    0x0800331c   0x0800331c   0x00000002   Code   RO         2043    i.SystemInit        system_stm32f0xx.o
    0x0800331e   0x0800331e   0x00000002   PAD
    0x08003320   0x08003320   0x0000008c   Code   RO         2876    i.Task_Deal485      485.o
    0x080033ac   0x080033ac   0x00000002   Code   RO         2544    i.TestConnABMN      abmn.o
    0x080033ae   0x080033ae   0x00000002   PAD
    0x080033b0   0x080033b0   0x00000028   Code   RO          274    i.TimingDelay_Decrement  systick.o
    0x080033d8   0x080033d8   0x000000ca   Code   RO         1317    i.UART_AdvFeatureConfig  stm32f0xx_hal_uart.o
    0x080034a2   0x080034a2   0x00000002   PAD
    0x080034a4   0x080034a4   0x00000064   Code   RO         1318    i.UART_CheckIdleState  stm32f0xx_hal_uart.o
    0x08003508   0x08003508   0x00000014   Code   RO         1319    i.UART_DMAAbortOnError  stm32f0xx_hal_uart.o
    0x0800351c   0x0800351c   0x0000005e   Code   RO         1329    i.UART_EndRxTransfer  stm32f0xx_hal_uart.o
    0x0800357a   0x0800357a   0x000000a8   Code   RO         1331    i.UART_RxISR_16BIT  stm32f0xx_hal_uart.o
    0x08003622   0x08003622   0x000000a8   Code   RO         1332    i.UART_RxISR_8BIT   stm32f0xx_hal_uart.o
    0x080036ca   0x080036ca   0x00000002   PAD
    0x080036cc   0x080036cc   0x0000011c   Code   RO         1333    i.UART_SetConfig    stm32f0xx_hal_uart.o
    0x080037e8   0x080037e8   0x0000009c   Code   RO         1335    i.UART_Start_Receive_IT  stm32f0xx_hal_uart.o
    0x08003884   0x08003884   0x000000d4   Code   RO         1338    i.UART_WaitOnFlagUntilTimeout  stm32f0xx_hal_uart.o
    0x08003958   0x08003958   0x00000024   Code   RO          184    i.USART1_IRQHandler  stm32f0xx_it.o
    0x0800397c   0x0800397c   0x00000030   Code   RO          458    i.__ARM_common_ll_muluu  stm32f0xx_hal_rcc.o
    0x080039ac   0x080039ac   0x00000044   Code   RO          828    i.__NVIC_SetPriority  stm32f0xx_hal_cortex.o
    0x080039f0   0x080039f0   0x00000006   Code   RO         2838    i.baudrate_read     addr.o
    0x080039f6   0x080039f6   0x00000002   PAD
    0x080039f8   0x080039f8   0x00000054   Code   RO           14    i.main              main.o
    0x08003a4c   0x08003a4c   0x00000010   Data   RO         2044    .constdata          system_stm32f0xx.o
    0x08003a5c   0x08003a5c   0x00000008   Data   RO         2045    .constdata          system_stm32f0xx.o
    0x08003a64   0x08003a64   0x00000040   Data   RO         3335    Region$$Table       anon$$obj.o
    0x08003aa4   0x08003aa4   0x0000255c   PAD
    0x08006000   0x08006000   0x00001249   Data   RW         2815    .ARM.__AT_0x08006000  hdep_logo_48.o
    0x08007249   0x08007249   0x00000037   PAD
    0x08007280   0x08007280   0x00000a20   Data   RW         2620    .ARM.__AT_0x08007280  lcdfont.o


    Execution Region RW_IRAM1 (Exec base: 0x20000000, Load base: 0x08007ca0, Size: 0x00000de8, Max: 0x00001000, ABSOLUTE, COMPRESSED[0x0000015c])

    Exec Addr    Load Addr    Size         Type   Attr      Idx    E Section Name        Object

    0x20000000   COMPRESSED   0x0000000c   Data   RW          275    .data               systick.o
    0x2000000c   COMPRESSED   0x00000001   Data   RW          318    .data               port_sys.o
    0x2000000d   COMPRESSED   0x00000003   PAD
    0x20000010   COMPRESSED   0x0000000c   Data   RW          521    .data               stm32f0xx_hal.o
    0x2000001c   COMPRESSED   0x00000004   Data   RW         2046    .data               system_stm32f0xx.o
    0x20000020   COMPRESSED   0x00000004   Data   RW         2080    .data               gwtask_timer.o
    0x20000024   COMPRESSED   0x00000210   Data   RW         2144    .data               utils.o
    0x20000234   COMPRESSED   0x00000012   Data   RW         2546    .data               abmn.o
    0x20000246   COMPRESSED   0x00000012   Data   RW         2621    .data               lcdfont.o
    0x20000258   COMPRESSED   0x00000002   Data   RW         2670    .data               lcd.o
    0x2000025a   COMPRESSED   0x00000002   PAD
    0x2000025c   COMPRESSED   0x00000010   Data   RW         2878    .data               485.o
    0x2000026c        -       0x00000030   Zero   RW         2545    .bss                abmn.o
    0x2000029c        -       0x00000064   Zero   RW         2668    .bss                lcd.o
    0x20000300        -       0x00000484   Zero   RW         2877    .bss                485.o
    0x20000784        -       0x00000060   Zero   RW         3190    .bss                c_p.l(libspace.o)
    0x200007e4   COMPRESSED   0x00000004   PAD
    0x200007e8        -       0x00000200   Zero   RW            2    HEAP                startup_stm32f030x6.o
    0x200009e8        -       0x00000400   Zero   RW            1    STACK               startup_stm32f030x6.o


==============================================================================

Image component sizes


      Code (inc. data)   RO Data    RW Data    ZI Data      Debug   Object Name

       544         94          0         16       1156       5638   485.o
      1758        206          0         18         48      10144   abmn.o
       250         16          0          0          0       1956   addr.o
       188         24          0          4          0       2941   gwtask_timer.o
         0          0          0       4681          0        456   hdep_logo_48.o
      1360         80          0          2        100       8825   lcd.o
         0          0          0       2610          0        489   lcdfont.o
       210         10          0          0          0     245416   main.o
       240          0          0          0          0       3815   mylist.o
       348          0          0          0          0       6094   myque.o
       678         30          0          1          0       6377   port_sys.o
        56         26        176          0       1536        600   startup_stm32f030x6.o
       128         26          0         12          0       6969   stm32f0xx_hal.o
       148         24          0          0          0      10129   stm32f0xx_hal_cortex.o
       136          0          0          0          0       1631   stm32f0xx_hal_dma.o
       442         24          0          0          0       2603   stm32f0xx_hal_gpio.o
       268         32          0          0          0       2091   stm32f0xx_hal_msp.o
      1376         92          0          0          0       4461   stm32f0xx_hal_rcc.o
       232         14          0          0          0       1288   stm32f0xx_hal_rcc_ex.o
      1066          8          0          0          0       5722   stm32f0xx_hal_spi.o
      2478         48          0          0          0      19781   stm32f0xx_hal_uart.o
        56         14          0          0          0       2379   stm32f0xx_it.o
         2          0         24          4          0       1003   system_stm32f0xx.o
       118         22          0         12          0       2200   systick.o
        44          6          0        528          0       1300   utils.o

    ----------------------------------------------------------------------
     12164        796        264      17512       2840     354308   Object Totals
         0          0         64          0          0          0   (incl. Generated)
        38          0          0       9624          0          0   (incl. Padding)

    ----------------------------------------------------------------------

      Code (inc. data)   RO Data    RW Data    ZI Data      Debug   Library Member Name

        96          0          0          0          0          0   __dclz77c.o
         8          0          0          0          0         68   __main.o
       108          0          0          0          0         76   __printf.o
         0          0          0          0          0          0   __rtentry.o
        12          0          0          0          0          0   __rtentry2.o
         6          0          0          0          0          0   __rtentry4.o
        60          8          0          0          0          0   __scatter.o
        26          0          0          0          0          0   __scatter_copy.o
        28          0          0          0          0          0   __scatter_zi.o
        48          6          0          0          0         88   _printf_char_common.o
        10          0          0          0          0          0   _printf_d.o
       108         18          0          0          0         76   _printf_dec.o
       176          0          0          0          0         84   _printf_intcommon.o
         2          0          0          0          0          0   _printf_percent.o
         4          0          0          0          0          0   _printf_percent_end.o
        10          0          0          0          0         60   _sputc.o
       346          0          0          0          0         92   aeabi_sdiv.o
        12          0          0          0          0         68   defsig_exit.o
        52          0          0          0          0         72   defsig_general.o
        80         58          0          0          0         68   defsig_rtmem_inner.o
        12          0          0          0          0         68   defsig_rtmem_outer.o
        16          0          0          0          0         68   exit.o
        98          0          0          0          0         72   h1_alloc.o
        52          0          0          0          0         68   h1_extend.o
        76          0          0          0          0         72   h1_free.o
        14          0          0          0          0         76   h1_init.o
       178          0          0          0          0         72   h1_realloc.o
         6          0          0          0          0        136   heapauxi.o
         4          0          0          0          0        120   hguard.o
         0          0          0          0          0          0   indicate_semi.o
       136          0          0          0          0        160   init_alloc.o
         2          0          0          0          0          0   libinit.o
        10          0          0          0          0          0   libinit2.o
         2          0          0          0          0          0   libshutdown.o
         2          0          0          0          0          0   libshutdown2.o
         8          4          0          0         96         68   libspace.o
       258          0          0          0          0         88   lludiv.o
         0          0          0          0          0          0   maybetermalloc1.o
        40          4          0          0          0         84   noretval__2sprintf.o
         8          4          0          0          0         68   rt_heap_descriptor_intlibspace.o
        64          0          0          0          0        108   rt_memclr.o
       186          0          0          0          0        144   rt_memcpy.o
         2          0          0          0          0          0   rtexit.o
        10          0          0          0          0          0   rtexit2.o
        40          0          0          0          0         60   rtudiv10.o
        68          6          0          0          0         72   strlen.o
        12          4          0          0          0         60   sys_exit.o
        62          0          0          0          0         80   sys_stackheap_outer.o
        12          0          0          0          0         68   sys_wrch.o
         2          0          0          0          0         68   use_no_semi.o

    ----------------------------------------------------------------------
      2584        112          0          0        100       2632   Library Totals
        12          0          0          0          4          0   (incl. Padding)

    ----------------------------------------------------------------------

      Code (inc. data)   RO Data    RW Data    ZI Data      Debug   Library Name

      2572        112          0          0         96       2632   c_p.l

    ----------------------------------------------------------------------
      2584        112          0          0        100       2632   Library Totals

    ----------------------------------------------------------------------

==============================================================================


      Code (inc. data)   RO Data    RW Data    ZI Data      Debug   

     14748        908        264      17512       2940     350780   Grand Totals
     14748        908        264      17240       2940     350780   ELF Image Totals (compressed)
     14748        908        264      17240          0          0   ROM Totals

==============================================================================

    Total RO  Size (Code + RO Data)                15012 (  14.66kB)
    Total RW  Size (RW Data + ZI Data)             20452 (  19.97kB)
    Total ROM Size (Code + RO Data + RW Data)      32252 (  31.50kB)

==============================================================================

